Archive member included because of file (symbol)

c:/program files (x86)/atmel/studio/7.0/toolchain/arm/arm-gnu-toolchain/bin/../lib/gcc/arm-none-eabi/4.9.3/../../../../arm-none-eabi/lib/armv6-m\libc.a(lib_a-exit.o)
                              c:/program files (x86)/atmel/studio/7.0/toolchain/arm/arm-gnu-toolchain/bin/../lib/gcc/arm-none-eabi/4.9.3/../../../../arm-none-eabi/lib/armv6-m/crt0.o (exit)
c:/program files (x86)/atmel/studio/7.0/toolchain/arm/arm-gnu-toolchain/bin/../lib/gcc/arm-none-eabi/4.9.3/../../../../arm-none-eabi/lib/armv6-m\libc.a(lib_a-impure.o)
                              c:/program files (x86)/atmel/studio/7.0/toolchain/arm/arm-gnu-toolchain/bin/../lib/gcc/arm-none-eabi/4.9.3/../../../../arm-none-eabi/lib/armv6-m\libc.a(lib_a-exit.o) (_global_impure_ptr)
c:/program files (x86)/atmel/studio/7.0/toolchain/arm/arm-gnu-toolchain/bin/../lib/gcc/arm-none-eabi/4.9.3/../../../../arm-none-eabi/lib/armv6-m\libc.a(lib_a-init.o)
                              c:/program files (x86)/atmel/studio/7.0/toolchain/arm/arm-gnu-toolchain/bin/../lib/gcc/arm-none-eabi/4.9.3/../../../../arm-none-eabi/lib/armv6-m/crt0.o (__libc_init_array)
c:/program files (x86)/atmel/studio/7.0/toolchain/arm/arm-gnu-toolchain/bin/../lib/gcc/arm-none-eabi/4.9.3/../../../../arm-none-eabi/lib/armv6-m\libc.a(lib_a-memset.o)
                              c:/program files (x86)/atmel/studio/7.0/toolchain/arm/arm-gnu-toolchain/bin/../lib/gcc/arm-none-eabi/4.9.3/../../../../arm-none-eabi/lib/armv6-m/crt0.o (memset)
c:/program files (x86)/atmel/studio/7.0/toolchain/arm/arm-gnu-toolchain/bin/../lib/gcc/arm-none-eabi/4.9.3/../../../../arm-none-eabi/lib/armv6-m\libc.a(lib_a-__call_atexit.o)
                              c:/program files (x86)/atmel/studio/7.0/toolchain/arm/arm-gnu-toolchain/bin/../lib/gcc/arm-none-eabi/4.9.3/../../../../arm-none-eabi/lib/armv6-m\libc.a(lib_a-exit.o) (__call_exitprocs)
c:/program files (x86)/atmel/studio/7.0/toolchain/arm/arm-gnu-toolchain/bin/../lib/gcc/arm-none-eabi/4.9.3/../../../../arm-none-eabi/lib/armv6-m\libc.a(lib_a-atexit.o)
                              c:/program files (x86)/atmel/studio/7.0/toolchain/arm/arm-gnu-toolchain/bin/../lib/gcc/arm-none-eabi/4.9.3/../../../../arm-none-eabi/lib/armv6-m\libc.a(lib_a-__call_atexit.o) (atexit)
c:/program files (x86)/atmel/studio/7.0/toolchain/arm/arm-gnu-toolchain/bin/../lib/gcc/arm-none-eabi/4.9.3/../../../../arm-none-eabi/lib/armv6-m\libc.a(lib_a-fini.o)
                              c:/program files (x86)/atmel/studio/7.0/toolchain/arm/arm-gnu-toolchain/bin/../lib/gcc/arm-none-eabi/4.9.3/../../../../arm-none-eabi/lib/armv6-m\libc.a(lib_a-__call_atexit.o) (__libc_fini_array)
c:/program files (x86)/atmel/studio/7.0/toolchain/arm/arm-gnu-toolchain/bin/../lib/gcc/arm-none-eabi/4.9.3/../../../../arm-none-eabi/lib/armv6-m\libc.a(lib_a-__atexit.o)
                              c:/program files (x86)/atmel/studio/7.0/toolchain/arm/arm-gnu-toolchain/bin/../lib/gcc/arm-none-eabi/4.9.3/../../../../arm-none-eabi/lib/armv6-m\libc.a(lib_a-atexit.o) (__register_exitproc)

Allocating common symbols
Common symbol       size              file

dest_addr           0x4               main.o
i                   0x4               main.o
data_from_flash     0x1               main.o
flash_ptr           0x4               main.o
manual_page_write   0x1               clocks.o
flash_byte_ptr      0x4               main.o
app_start_address   0x4               main.o

Discarded input sections

 .text          0x00000000        0x0 c:/program files (x86)/atmel/studio/7.0/toolchain/arm/arm-gnu-toolchain/bin/../lib/gcc/arm-none-eabi/4.9.3/armv6-m/crti.o
 .data          0x00000000        0x0 c:/program files (x86)/atmel/studio/7.0/toolchain/arm/arm-gnu-toolchain/bin/../lib/gcc/arm-none-eabi/4.9.3/armv6-m/crti.o
 .bss           0x00000000        0x0 c:/program files (x86)/atmel/studio/7.0/toolchain/arm/arm-gnu-toolchain/bin/../lib/gcc/arm-none-eabi/4.9.3/armv6-m/crti.o
 .data          0x00000000        0x4 c:/program files (x86)/atmel/studio/7.0/toolchain/arm/arm-gnu-toolchain/bin/../lib/gcc/arm-none-eabi/4.9.3/armv6-m/crtbegin.o
 .text          0x00000000       0x78 c:/program files (x86)/atmel/studio/7.0/toolchain/arm/arm-gnu-toolchain/bin/../lib/gcc/arm-none-eabi/4.9.3/../../../../arm-none-eabi/lib/armv6-m/crt0.o
 .data          0x00000000        0x0 c:/program files (x86)/atmel/studio/7.0/toolchain/arm/arm-gnu-toolchain/bin/../lib/gcc/arm-none-eabi/4.9.3/../../../../arm-none-eabi/lib/armv6-m/crt0.o
 .bss           0x00000000        0x0 c:/program files (x86)/atmel/studio/7.0/toolchain/arm/arm-gnu-toolchain/bin/../lib/gcc/arm-none-eabi/4.9.3/../../../../arm-none-eabi/lib/armv6-m/crt0.o
 .ARM.extab     0x00000000        0x0 c:/program files (x86)/atmel/studio/7.0/toolchain/arm/arm-gnu-toolchain/bin/../lib/gcc/arm-none-eabi/4.9.3/../../../../arm-none-eabi/lib/armv6-m/crt0.o
 .ARM.exidx     0x00000000        0x8 c:/program files (x86)/atmel/studio/7.0/toolchain/arm/arm-gnu-toolchain/bin/../lib/gcc/arm-none-eabi/4.9.3/../../../../arm-none-eabi/lib/armv6-m/crt0.o
 .ARM.attributes
                0x00000000       0x1b c:/program files (x86)/atmel/studio/7.0/toolchain/arm/arm-gnu-toolchain/bin/../lib/gcc/arm-none-eabi/4.9.3/../../../../arm-none-eabi/lib/armv6-m/crt0.o
 .group         0x00000000        0x8 clocks.o
 .group         0x00000000        0x8 clocks.o
 .group         0x00000000        0x8 clocks.o
 .group         0x00000000        0x8 clocks.o
 .group         0x00000000        0x8 clocks.o
 .group         0x00000000        0x8 clocks.o
 .group         0x00000000        0x8 clocks.o
 .group         0x00000000        0x8 clocks.o
 .group         0x00000000        0x8 clocks.o
 .group         0x00000000        0x8 clocks.o
 .group         0x00000000        0x8 clocks.o
 .group         0x00000000        0x8 clocks.o
 .group         0x00000000        0x8 clocks.o
 .group         0x00000000        0x8 clocks.o
 .group         0x00000000        0x8 clocks.o
 .group         0x00000000        0x8 clocks.o
 .group         0x00000000        0x8 clocks.o
 .group         0x00000000        0x8 clocks.o
 .group         0x00000000        0x8 clocks.o
 .group         0x00000000        0x8 clocks.o
 .group         0x00000000        0x8 clocks.o
 .group         0x00000000        0x8 clocks.o
 .group         0x00000000        0x8 clocks.o
 .group         0x00000000        0x8 clocks.o
 .group         0x00000000        0x8 clocks.o
 .group         0x00000000        0x8 clocks.o
 .group         0x00000000        0x8 clocks.o
 .group         0x00000000        0x8 clocks.o
 .group         0x00000000        0x8 clocks.o
 .group         0x00000000        0x8 clocks.o
 .group         0x00000000        0x8 clocks.o
 .group         0x00000000        0x8 clocks.o
 .group         0x00000000        0x8 clocks.o
 .group         0x00000000        0x8 clocks.o
 .group         0x00000000        0x8 clocks.o
 .group         0x00000000        0x8 clocks.o
 .group         0x00000000        0x8 clocks.o
 .group         0x00000000        0x8 clocks.o
 .group         0x00000000        0x8 clocks.o
 .group         0x00000000        0x8 clocks.o
 .group         0x00000000        0x8 clocks.o
 .group         0x00000000        0x8 clocks.o
 .group         0x00000000        0x8 clocks.o
 .group         0x00000000        0x8 clocks.o
 .group         0x00000000        0x8 clocks.o
 .group         0x00000000        0x8 clocks.o
 .group         0x00000000        0x8 clocks.o
 .group         0x00000000        0x8 clocks.o
 .group         0x00000000        0x8 clocks.o
 .group         0x00000000        0x8 clocks.o
 .group         0x00000000        0x8 clocks.o
 .group         0x00000000        0x8 clocks.o
 .group         0x00000000        0x8 clocks.o
 .group         0x00000000        0x8 clocks.o
 .group         0x00000000        0x8 clocks.o
 .group         0x00000000        0x8 clocks.o
 .group         0x00000000        0x8 clocks.o
 .group         0x00000000        0x8 clocks.o
 .group         0x00000000        0x8 clocks.o
 .group         0x00000000        0x8 clocks.o
 .group         0x00000000        0x8 clocks.o
 .group         0x00000000        0x8 clocks.o
 .group         0x00000000        0x8 clocks.o
 .group         0x00000000        0x8 clocks.o
 .group         0x00000000        0x8 clocks.o
 .group         0x00000000        0x8 clocks.o
 .group         0x00000000        0x8 clocks.o
 .text          0x00000000        0x0 clocks.o
 .data          0x00000000        0x0 clocks.o
 .bss           0x00000000        0x0 clocks.o
 .group         0x00000000        0x8 Device_Startup/startup_samd21.o
 .group         0x00000000        0x8 Device_Startup/startup_samd21.o
 .group         0x00000000        0x8 Device_Startup/startup_samd21.o
 .group         0x00000000        0x8 Device_Startup/startup_samd21.o
 .group         0x00000000        0x8 Device_Startup/startup_samd21.o
 .group         0x00000000        0x8 Device_Startup/startup_samd21.o
 .group         0x00000000        0x8 Device_Startup/startup_samd21.o
 .group         0x00000000        0x8 Device_Startup/startup_samd21.o
 .group         0x00000000        0x8 Device_Startup/startup_samd21.o
 .group         0x00000000        0x8 Device_Startup/startup_samd21.o
 .group         0x00000000        0x8 Device_Startup/startup_samd21.o
 .group         0x00000000        0x8 Device_Startup/startup_samd21.o
 .group         0x00000000        0x8 Device_Startup/startup_samd21.o
 .group         0x00000000        0x8 Device_Startup/startup_samd21.o
 .group         0x00000000        0x8 Device_Startup/startup_samd21.o
 .group         0x00000000        0x8 Device_Startup/startup_samd21.o
 .group         0x00000000        0x8 Device_Startup/startup_samd21.o
 .group         0x00000000        0x8 Device_Startup/startup_samd21.o
 .group         0x00000000        0x8 Device_Startup/startup_samd21.o
 .group         0x00000000        0x8 Device_Startup/startup_samd21.o
 .group         0x00000000        0x8 Device_Startup/startup_samd21.o
 .group         0x00000000        0x8 Device_Startup/startup_samd21.o
 .group         0x00000000        0x8 Device_Startup/startup_samd21.o
 .group         0x00000000        0x8 Device_Startup/startup_samd21.o
 .group         0x00000000        0x8 Device_Startup/startup_samd21.o
 .group         0x00000000        0x8 Device_Startup/startup_samd21.o
 .group         0x00000000        0x8 Device_Startup/startup_samd21.o
 .group         0x00000000        0x8 Device_Startup/startup_samd21.o
 .group         0x00000000        0x8 Device_Startup/startup_samd21.o
 .group         0x00000000        0x8 Device_Startup/startup_samd21.o
 .group         0x00000000        0x8 Device_Startup/startup_samd21.o
 .group         0x00000000        0x8 Device_Startup/startup_samd21.o
 .group         0x00000000        0x8 Device_Startup/startup_samd21.o
 .group         0x00000000        0x8 Device_Startup/startup_samd21.o
 .group         0x00000000        0x8 Device_Startup/startup_samd21.o
 .group         0x00000000        0x8 Device_Startup/startup_samd21.o
 .group         0x00000000        0x8 Device_Startup/startup_samd21.o
 .group         0x00000000        0x8 Device_Startup/startup_samd21.o
 .group         0x00000000        0x8 Device_Startup/startup_samd21.o
 .group         0x00000000        0x8 Device_Startup/startup_samd21.o
 .group         0x00000000        0x8 Device_Startup/startup_samd21.o
 .group         0x00000000        0x8 Device_Startup/startup_samd21.o
 .group         0x00000000        0x8 Device_Startup/startup_samd21.o
 .group         0x00000000        0x8 Device_Startup/startup_samd21.o
 .group         0x00000000        0x8 Device_Startup/startup_samd21.o
 .group         0x00000000        0x8 Device_Startup/startup_samd21.o
 .group         0x00000000        0x8 Device_Startup/startup_samd21.o
 .group         0x00000000        0x8 Device_Startup/startup_samd21.o
 .group         0x00000000        0x8 Device_Startup/startup_samd21.o
 .group         0x00000000        0x8 Device_Startup/startup_samd21.o
 .group         0x00000000        0x8 Device_Startup/startup_samd21.o
 .group         0x00000000        0x8 Device_Startup/startup_samd21.o
 .group         0x00000000        0x8 Device_Startup/startup_samd21.o
 .group         0x00000000        0x8 Device_Startup/startup_samd21.o
 .group         0x00000000        0x8 Device_Startup/startup_samd21.o
 .group         0x00000000        0x8 Device_Startup/startup_samd21.o
 .group         0x00000000        0x8 Device_Startup/startup_samd21.o
 .group         0x00000000        0x8 Device_Startup/startup_samd21.o
 .group         0x00000000        0x8 Device_Startup/startup_samd21.o
 .group         0x00000000        0x8 Device_Startup/startup_samd21.o
 .group         0x00000000        0x8 Device_Startup/startup_samd21.o
 .group         0x00000000        0x8 Device_Startup/startup_samd21.o
 .group         0x00000000        0x8 Device_Startup/startup_samd21.o
 .group         0x00000000        0x8 Device_Startup/startup_samd21.o
 .group         0x00000000        0x8 Device_Startup/startup_samd21.o
 .group         0x00000000        0x8 Device_Startup/startup_samd21.o
 .text          0x00000000        0x0 Device_Startup/startup_samd21.o
 .data          0x00000000        0x0 Device_Startup/startup_samd21.o
 .bss           0x00000000        0x0 Device_Startup/startup_samd21.o
 .debug_macro   0x00000000      0x832 Device_Startup/startup_samd21.o
 .debug_macro   0x00000000       0x22 Device_Startup/startup_samd21.o
 .debug_macro   0x00000000       0x44 Device_Startup/startup_samd21.o
 .debug_macro   0x00000000       0x58 Device_Startup/startup_samd21.o
 .debug_macro   0x00000000       0x22 Device_Startup/startup_samd21.o
 .debug_macro   0x00000000      0x1df Device_Startup/startup_samd21.o
 .debug_macro   0x00000000       0x3a Device_Startup/startup_samd21.o
 .debug_macro   0x00000000       0x3a Device_Startup/startup_samd21.o
 .debug_macro   0x00000000       0x1f Device_Startup/startup_samd21.o
 .debug_macro   0x00000000      0x250 Device_Startup/startup_samd21.o
 .debug_macro   0x00000000      0x682 Device_Startup/startup_samd21.o
 .debug_macro   0x00000000      0x8bf Device_Startup/startup_samd21.o
 .debug_macro   0x00000000      0x235 Device_Startup/startup_samd21.o
 .debug_macro   0x00000000      0xd6a Device_Startup/startup_samd21.o
 .debug_macro   0x00000000      0x4ce Device_Startup/startup_samd21.o
 .debug_macro   0x00000000      0x9f8 Device_Startup/startup_samd21.o
 .debug_macro   0x00000000      0x82b Device_Startup/startup_samd21.o
 .debug_macro   0x00000000      0x45f Device_Startup/startup_samd21.o
 .debug_macro   0x00000000       0x5e Device_Startup/startup_samd21.o
 .debug_macro   0x00000000      0x906 Device_Startup/startup_samd21.o
 .debug_macro   0x00000000      0x225 Device_Startup/startup_samd21.o
 .debug_macro   0x00000000      0x797 Device_Startup/startup_samd21.o
 .debug_macro   0x00000000       0x5e Device_Startup/startup_samd21.o
 .debug_macro   0x00000000      0x634 Device_Startup/startup_samd21.o
 .debug_macro   0x00000000      0x3b6 Device_Startup/startup_samd21.o
 .debug_macro   0x00000000      0xc55 Device_Startup/startup_samd21.o
 .debug_macro   0x00000000     0x1092 Device_Startup/startup_samd21.o
 .debug_macro   0x00000000      0xc4a Device_Startup/startup_samd21.o
 .debug_macro   0x00000000      0x6bf Device_Startup/startup_samd21.o
 .debug_macro   0x00000000     0x1b4b Device_Startup/startup_samd21.o
 .debug_macro   0x00000000     0x144a Device_Startup/startup_samd21.o
 .debug_macro   0x00000000      0x34e Device_Startup/startup_samd21.o
 .debug_macro   0x00000000       0x7c Device_Startup/startup_samd21.o
 .debug_macro   0x00000000       0xa0 Device_Startup/startup_samd21.o
 .debug_macro   0x00000000       0x4c Device_Startup/startup_samd21.o
 .debug_macro   0x00000000       0xca Device_Startup/startup_samd21.o
 .debug_macro   0x00000000       0x94 Device_Startup/startup_samd21.o
 .debug_macro   0x00000000       0x58 Device_Startup/startup_samd21.o
 .debug_macro   0x00000000      0x364 Device_Startup/startup_samd21.o
 .debug_macro   0x00000000       0x82 Device_Startup/startup_samd21.o
 .debug_macro   0x00000000      0x197 Device_Startup/startup_samd21.o
 .debug_macro   0x00000000       0xb8 Device_Startup/startup_samd21.o
 .debug_macro   0x00000000       0xa0 Device_Startup/startup_samd21.o
 .debug_macro   0x00000000       0xb2 Device_Startup/startup_samd21.o
 .debug_macro   0x00000000       0x1c Device_Startup/startup_samd21.o
 .debug_macro   0x00000000       0x1c Device_Startup/startup_samd21.o
 .debug_macro   0x00000000       0x1c Device_Startup/startup_samd21.o
 .debug_macro   0x00000000       0x7c Device_Startup/startup_samd21.o
 .debug_macro   0x00000000      0x161 Device_Startup/startup_samd21.o
 .debug_macro   0x00000000       0xdc Device_Startup/startup_samd21.o
 .debug_macro   0x00000000      0x12f Device_Startup/startup_samd21.o
 .debug_macro   0x00000000      0x12f Device_Startup/startup_samd21.o
 .debug_macro   0x00000000      0x12f Device_Startup/startup_samd21.o
 .debug_macro   0x00000000      0x12f Device_Startup/startup_samd21.o
 .debug_macro   0x00000000      0x11e Device_Startup/startup_samd21.o
 .debug_macro   0x00000000       0xe2 Device_Startup/startup_samd21.o
 .debug_macro   0x00000000       0xe2 Device_Startup/startup_samd21.o
 .debug_macro   0x00000000       0xe2 Device_Startup/startup_samd21.o
 .debug_macro   0x00000000      0x12c Device_Startup/startup_samd21.o
 .debug_macro   0x00000000      0x100 Device_Startup/startup_samd21.o
 .debug_macro   0x00000000       0xf4 Device_Startup/startup_samd21.o
 .debug_macro   0x00000000      0x40f Device_Startup/startup_samd21.o
 .debug_macro   0x00000000       0x40 Device_Startup/startup_samd21.o
 .debug_macro   0x00000000      0x345 Device_Startup/startup_samd21.o
 .debug_macro   0x00000000      0xf7a Device_Startup/startup_samd21.o
 .debug_macro   0x00000000       0x6d Device_Startup/startup_samd21.o
 .group         0x00000000        0x8 Device_Startup/system_samd21.o
 .group         0x00000000        0x8 Device_Startup/system_samd21.o
 .group         0x00000000        0x8 Device_Startup/system_samd21.o
 .group         0x00000000        0x8 Device_Startup/system_samd21.o
 .group         0x00000000        0x8 Device_Startup/system_samd21.o
 .group         0x00000000        0x8 Device_Startup/system_samd21.o
 .group         0x00000000        0x8 Device_Startup/system_samd21.o
 .group         0x00000000        0x8 Device_Startup/system_samd21.o
 .group         0x00000000        0x8 Device_Startup/system_samd21.o
 .group         0x00000000        0x8 Device_Startup/system_samd21.o
 .group         0x00000000        0x8 Device_Startup/system_samd21.o
 .group         0x00000000        0x8 Device_Startup/system_samd21.o
 .group         0x00000000        0x8 Device_Startup/system_samd21.o
 .group         0x00000000        0x8 Device_Startup/system_samd21.o
 .group         0x00000000        0x8 Device_Startup/system_samd21.o
 .group         0x00000000        0x8 Device_Startup/system_samd21.o
 .group         0x00000000        0x8 Device_Startup/system_samd21.o
 .group         0x00000000        0x8 Device_Startup/system_samd21.o
 .group         0x00000000        0x8 Device_Startup/system_samd21.o
 .group         0x00000000        0x8 Device_Startup/system_samd21.o
 .group         0x00000000        0x8 Device_Startup/system_samd21.o
 .group         0x00000000        0x8 Device_Startup/system_samd21.o
 .group         0x00000000        0x8 Device_Startup/system_samd21.o
 .group         0x00000000        0x8 Device_Startup/system_samd21.o
 .group         0x00000000        0x8 Device_Startup/system_samd21.o
 .group         0x00000000        0x8 Device_Startup/system_samd21.o
 .group         0x00000000        0x8 Device_Startup/system_samd21.o
 .group         0x00000000        0x8 Device_Startup/system_samd21.o
 .group         0x00000000        0x8 Device_Startup/system_samd21.o
 .group         0x00000000        0x8 Device_Startup/system_samd21.o
 .group         0x00000000        0x8 Device_Startup/system_samd21.o
 .group         0x00000000        0x8 Device_Startup/system_samd21.o
 .group         0x00000000        0x8 Device_Startup/system_samd21.o
 .group         0x00000000        0x8 Device_Startup/system_samd21.o
 .group         0x00000000        0x8 Device_Startup/system_samd21.o
 .group         0x00000000        0x8 Device_Startup/system_samd21.o
 .group         0x00000000        0x8 Device_Startup/system_samd21.o
 .group         0x00000000        0x8 Device_Startup/system_samd21.o
 .group         0x00000000        0x8 Device_Startup/system_samd21.o
 .group         0x00000000        0x8 Device_Startup/system_samd21.o
 .group         0x00000000        0x8 Device_Startup/system_samd21.o
 .group         0x00000000        0x8 Device_Startup/system_samd21.o
 .group         0x00000000        0x8 Device_Startup/system_samd21.o
 .group         0x00000000        0x8 Device_Startup/system_samd21.o
 .group         0x00000000        0x8 Device_Startup/system_samd21.o
 .group         0x00000000        0x8 Device_Startup/system_samd21.o
 .group         0x00000000        0x8 Device_Startup/system_samd21.o
 .group         0x00000000        0x8 Device_Startup/system_samd21.o
 .group         0x00000000        0x8 Device_Startup/system_samd21.o
 .group         0x00000000        0x8 Device_Startup/system_samd21.o
 .group         0x00000000        0x8 Device_Startup/system_samd21.o
 .group         0x00000000        0x8 Device_Startup/system_samd21.o
 .group         0x00000000        0x8 Device_Startup/system_samd21.o
 .group         0x00000000        0x8 Device_Startup/system_samd21.o
 .group         0x00000000        0x8 Device_Startup/system_samd21.o
 .group         0x00000000        0x8 Device_Startup/system_samd21.o
 .group         0x00000000        0x8 Device_Startup/system_samd21.o
 .group         0x00000000        0x8 Device_Startup/system_samd21.o
 .group         0x00000000        0x8 Device_Startup/system_samd21.o
 .group         0x00000000        0x8 Device_Startup/system_samd21.o
 .group         0x00000000        0x8 Device_Startup/system_samd21.o
 .group         0x00000000        0x8 Device_Startup/system_samd21.o
 .group         0x00000000        0x8 Device_Startup/system_samd21.o
 .group         0x00000000        0x8 Device_Startup/system_samd21.o
 .group         0x00000000        0x8 Device_Startup/system_samd21.o
 .group         0x00000000        0x8 Device_Startup/system_samd21.o
 .text          0x00000000        0x0 Device_Startup/system_samd21.o
 .data          0x00000000        0x4 Device_Startup/system_samd21.o
 .bss           0x00000000        0x0 Device_Startup/system_samd21.o
 .text.SystemInit
                0x00000000       0x10 Device_Startup/system_samd21.o
 .text.SystemCoreClockUpdate
                0x00000000       0x10 Device_Startup/system_samd21.o
 .debug_info    0x00000000       0xcd Device_Startup/system_samd21.o
 .debug_abbrev  0x00000000       0x65 Device_Startup/system_samd21.o
 .debug_aranges
                0x00000000       0x28 Device_Startup/system_samd21.o
 .debug_ranges  0x00000000       0x18 Device_Startup/system_samd21.o
 .debug_macro   0x00000000      0x2c8 Device_Startup/system_samd21.o
 .debug_macro   0x00000000      0x832 Device_Startup/system_samd21.o
 .debug_macro   0x00000000       0x22 Device_Startup/system_samd21.o
 .debug_macro   0x00000000       0x44 Device_Startup/system_samd21.o
 .debug_macro   0x00000000       0x58 Device_Startup/system_samd21.o
 .debug_macro   0x00000000       0x22 Device_Startup/system_samd21.o
 .debug_macro   0x00000000      0x1df Device_Startup/system_samd21.o
 .debug_macro   0x00000000       0x3a Device_Startup/system_samd21.o
 .debug_macro   0x00000000       0x3a Device_Startup/system_samd21.o
 .debug_macro   0x00000000       0x1f Device_Startup/system_samd21.o
 .debug_macro   0x00000000      0x250 Device_Startup/system_samd21.o
 .debug_macro   0x00000000      0x682 Device_Startup/system_samd21.o
 .debug_macro   0x00000000      0x8bf Device_Startup/system_samd21.o
 .debug_macro   0x00000000      0x235 Device_Startup/system_samd21.o
 .debug_macro   0x00000000      0xd6a Device_Startup/system_samd21.o
 .debug_macro   0x00000000      0x4ce Device_Startup/system_samd21.o
 .debug_macro   0x00000000      0x9f8 Device_Startup/system_samd21.o
 .debug_macro   0x00000000      0x82b Device_Startup/system_samd21.o
 .debug_macro   0x00000000      0x45f Device_Startup/system_samd21.o
 .debug_macro   0x00000000       0x5e Device_Startup/system_samd21.o
 .debug_macro   0x00000000      0x906 Device_Startup/system_samd21.o
 .debug_macro   0x00000000      0x225 Device_Startup/system_samd21.o
 .debug_macro   0x00000000      0x797 Device_Startup/system_samd21.o
 .debug_macro   0x00000000       0x5e Device_Startup/system_samd21.o
 .debug_macro   0x00000000      0x634 Device_Startup/system_samd21.o
 .debug_macro   0x00000000      0x3b6 Device_Startup/system_samd21.o
 .debug_macro   0x00000000      0xc55 Device_Startup/system_samd21.o
 .debug_macro   0x00000000     0x1092 Device_Startup/system_samd21.o
 .debug_macro   0x00000000      0xc4a Device_Startup/system_samd21.o
 .debug_macro   0x00000000      0x6bf Device_Startup/system_samd21.o
 .debug_macro   0x00000000     0x1b4b Device_Startup/system_samd21.o
 .debug_macro   0x00000000     0x144a Device_Startup/system_samd21.o
 .debug_macro   0x00000000      0x34e Device_Startup/system_samd21.o
 .debug_macro   0x00000000       0x7c Device_Startup/system_samd21.o
 .debug_macro   0x00000000       0xa0 Device_Startup/system_samd21.o
 .debug_macro   0x00000000       0x4c Device_Startup/system_samd21.o
 .debug_macro   0x00000000       0xca Device_Startup/system_samd21.o
 .debug_macro   0x00000000       0x94 Device_Startup/system_samd21.o
 .debug_macro   0x00000000       0x58 Device_Startup/system_samd21.o
 .debug_macro   0x00000000      0x364 Device_Startup/system_samd21.o
 .debug_macro   0x00000000       0x82 Device_Startup/system_samd21.o
 .debug_macro   0x00000000      0x197 Device_Startup/system_samd21.o
 .debug_macro   0x00000000       0xb8 Device_Startup/system_samd21.o
 .debug_macro   0x00000000       0xa0 Device_Startup/system_samd21.o
 .debug_macro   0x00000000       0xb2 Device_Startup/system_samd21.o
 .debug_macro   0x00000000       0x1c Device_Startup/system_samd21.o
 .debug_macro   0x00000000       0x1c Device_Startup/system_samd21.o
 .debug_macro   0x00000000       0x1c Device_Startup/system_samd21.o
 .debug_macro   0x00000000       0x7c Device_Startup/system_samd21.o
 .debug_macro   0x00000000      0x161 Device_Startup/system_samd21.o
 .debug_macro   0x00000000       0xdc Device_Startup/system_samd21.o
 .debug_macro   0x00000000      0x12f Device_Startup/system_samd21.o
 .debug_macro   0x00000000      0x12f Device_Startup/system_samd21.o
 .debug_macro   0x00000000      0x12f Device_Startup/system_samd21.o
 .debug_macro   0x00000000      0x12f Device_Startup/system_samd21.o
 .debug_macro   0x00000000      0x11e Device_Startup/system_samd21.o
 .debug_macro   0x00000000       0xe2 Device_Startup/system_samd21.o
 .debug_macro   0x00000000       0xe2 Device_Startup/system_samd21.o
 .debug_macro   0x00000000       0xe2 Device_Startup/system_samd21.o
 .debug_macro   0x00000000      0x12c Device_Startup/system_samd21.o
 .debug_macro   0x00000000      0x100 Device_Startup/system_samd21.o
 .debug_macro   0x00000000       0xf4 Device_Startup/system_samd21.o
 .debug_macro   0x00000000      0x40f Device_Startup/system_samd21.o
 .debug_macro   0x00000000       0x40 Device_Startup/system_samd21.o
 .debug_macro   0x00000000      0x345 Device_Startup/system_samd21.o
 .debug_macro   0x00000000      0xf7a Device_Startup/system_samd21.o
 .debug_macro   0x00000000       0x6d Device_Startup/system_samd21.o
 .debug_line    0x00000000      0x693 Device_Startup/system_samd21.o
 .debug_str     0x00000000    0x64b5c Device_Startup/system_samd21.o
 .comment       0x00000000       0x5c Device_Startup/system_samd21.o
 .debug_frame   0x00000000       0x30 Device_Startup/system_samd21.o
 .ARM.attributes
                0x00000000       0x32 Device_Startup/system_samd21.o
 .group         0x00000000        0x8 globalfunctions.o
 .group         0x00000000        0x8 globalfunctions.o
 .group         0x00000000        0x8 globalfunctions.o
 .group         0x00000000        0x8 globalfunctions.o
 .group         0x00000000        0x8 globalfunctions.o
 .group         0x00000000        0x8 globalfunctions.o
 .group         0x00000000        0x8 globalfunctions.o
 .group         0x00000000        0x8 globalfunctions.o
 .group         0x00000000        0x8 globalfunctions.o
 .group         0x00000000        0x8 globalfunctions.o
 .group         0x00000000        0x8 globalfunctions.o
 .group         0x00000000        0x8 globalfunctions.o
 .group         0x00000000        0x8 globalfunctions.o
 .group         0x00000000        0x8 globalfunctions.o
 .group         0x00000000        0x8 globalfunctions.o
 .group         0x00000000        0x8 globalfunctions.o
 .group         0x00000000        0x8 globalfunctions.o
 .group         0x00000000        0x8 globalfunctions.o
 .group         0x00000000        0x8 globalfunctions.o
 .group         0x00000000        0x8 globalfunctions.o
 .group         0x00000000        0x8 globalfunctions.o
 .group         0x00000000        0x8 globalfunctions.o
 .group         0x00000000        0x8 globalfunctions.o
 .group         0x00000000        0x8 globalfunctions.o
 .group         0x00000000        0x8 globalfunctions.o
 .group         0x00000000        0x8 globalfunctions.o
 .group         0x00000000        0x8 globalfunctions.o
 .group         0x00000000        0x8 globalfunctions.o
 .group         0x00000000        0x8 globalfunctions.o
 .group         0x00000000        0x8 globalfunctions.o
 .group         0x00000000        0x8 globalfunctions.o
 .group         0x00000000        0x8 globalfunctions.o
 .group         0x00000000        0x8 globalfunctions.o
 .group         0x00000000        0x8 globalfunctions.o
 .group         0x00000000        0x8 globalfunctions.o
 .group         0x00000000        0x8 globalfunctions.o
 .group         0x00000000        0x8 globalfunctions.o
 .group         0x00000000        0x8 globalfunctions.o
 .group         0x00000000        0x8 globalfunctions.o
 .group         0x00000000        0x8 globalfunctions.o
 .group         0x00000000        0x8 globalfunctions.o
 .group         0x00000000        0x8 globalfunctions.o
 .group         0x00000000        0x8 globalfunctions.o
 .group         0x00000000        0x8 globalfunctions.o
 .group         0x00000000        0x8 globalfunctions.o
 .group         0x00000000        0x8 globalfunctions.o
 .group         0x00000000        0x8 globalfunctions.o
 .group         0x00000000        0x8 globalfunctions.o
 .group         0x00000000        0x8 globalfunctions.o
 .group         0x00000000        0x8 globalfunctions.o
 .group         0x00000000        0x8 globalfunctions.o
 .group         0x00000000        0x8 globalfunctions.o
 .group         0x00000000        0x8 globalfunctions.o
 .group         0x00000000        0x8 globalfunctions.o
 .group         0x00000000        0x8 globalfunctions.o
 .group         0x00000000        0x8 globalfunctions.o
 .group         0x00000000        0x8 globalfunctions.o
 .group         0x00000000        0x8 globalfunctions.o
 .group         0x00000000        0x8 globalfunctions.o
 .group         0x00000000        0x8 globalfunctions.o
 .group         0x00000000        0x8 globalfunctions.o
 .group         0x00000000        0x8 globalfunctions.o
 .group         0x00000000        0x8 globalfunctions.o
 .group         0x00000000        0x8 globalfunctions.o
 .group         0x00000000        0x8 globalfunctions.o
 .group         0x00000000        0x8 globalfunctions.o
 .group         0x00000000        0x8 globalfunctions.o
 .text          0x00000000        0x0 globalfunctions.o
 .data          0x00000000        0x0 globalfunctions.o
 .bss           0x00000000        0x0 globalfunctions.o
 .debug_macro   0x00000000      0x832 globalfunctions.o
 .debug_macro   0x00000000       0x22 globalfunctions.o
 .debug_macro   0x00000000       0x44 globalfunctions.o
 .debug_macro   0x00000000       0x58 globalfunctions.o
 .debug_macro   0x00000000       0x22 globalfunctions.o
 .debug_macro   0x00000000      0x1df globalfunctions.o
 .debug_macro   0x00000000       0x3a globalfunctions.o
 .debug_macro   0x00000000       0x3a globalfunctions.o
 .debug_macro   0x00000000       0x1f globalfunctions.o
 .debug_macro   0x00000000      0x250 globalfunctions.o
 .debug_macro   0x00000000      0x682 globalfunctions.o
 .debug_macro   0x00000000      0x8bf globalfunctions.o
 .debug_macro   0x00000000      0x235 globalfunctions.o
 .debug_macro   0x00000000      0xd6a globalfunctions.o
 .debug_macro   0x00000000      0x4ce globalfunctions.o
 .debug_macro   0x00000000      0x9f8 globalfunctions.o
 .debug_macro   0x00000000      0x82b globalfunctions.o
 .debug_macro   0x00000000      0x45f globalfunctions.o
 .debug_macro   0x00000000       0x5e globalfunctions.o
 .debug_macro   0x00000000      0x906 globalfunctions.o
 .debug_macro   0x00000000      0x225 globalfunctions.o
 .debug_macro   0x00000000      0x797 globalfunctions.o
 .debug_macro   0x00000000       0x5e globalfunctions.o
 .debug_macro   0x00000000      0x634 globalfunctions.o
 .debug_macro   0x00000000      0x3b6 globalfunctions.o
 .debug_macro   0x00000000      0xc55 globalfunctions.o
 .debug_macro   0x00000000     0x1092 globalfunctions.o
 .debug_macro   0x00000000      0xc4a globalfunctions.o
 .debug_macro   0x00000000      0x6bf globalfunctions.o
 .debug_macro   0x00000000     0x1b4b globalfunctions.o
 .debug_macro   0x00000000     0x144a globalfunctions.o
 .debug_macro   0x00000000      0x34e globalfunctions.o
 .debug_macro   0x00000000       0x7c globalfunctions.o
 .debug_macro   0x00000000       0xa0 globalfunctions.o
 .debug_macro   0x00000000       0x4c globalfunctions.o
 .debug_macro   0x00000000       0xca globalfunctions.o
 .debug_macro   0x00000000       0x94 globalfunctions.o
 .debug_macro   0x00000000       0x58 globalfunctions.o
 .debug_macro   0x00000000      0x364 globalfunctions.o
 .debug_macro   0x00000000       0x82 globalfunctions.o
 .debug_macro   0x00000000      0x197 globalfunctions.o
 .debug_macro   0x00000000       0xb8 globalfunctions.o
 .debug_macro   0x00000000       0xa0 globalfunctions.o
 .debug_macro   0x00000000       0xb2 globalfunctions.o
 .debug_macro   0x00000000       0x1c globalfunctions.o
 .debug_macro   0x00000000       0x1c globalfunctions.o
 .debug_macro   0x00000000       0x1c globalfunctions.o
 .debug_macro   0x00000000       0x7c globalfunctions.o
 .debug_macro   0x00000000      0x161 globalfunctions.o
 .debug_macro   0x00000000       0xdc globalfunctions.o
 .debug_macro   0x00000000      0x12f globalfunctions.o
 .debug_macro   0x00000000      0x12f globalfunctions.o
 .debug_macro   0x00000000      0x12f globalfunctions.o
 .debug_macro   0x00000000      0x12f globalfunctions.o
 .debug_macro   0x00000000      0x11e globalfunctions.o
 .debug_macro   0x00000000       0xe2 globalfunctions.o
 .debug_macro   0x00000000       0xe2 globalfunctions.o
 .debug_macro   0x00000000       0xe2 globalfunctions.o
 .debug_macro   0x00000000      0x12c globalfunctions.o
 .debug_macro   0x00000000      0x100 globalfunctions.o
 .debug_macro   0x00000000       0xf4 globalfunctions.o
 .debug_macro   0x00000000      0x40f globalfunctions.o
 .debug_macro   0x00000000       0x40 globalfunctions.o
 .debug_macro   0x00000000      0x345 globalfunctions.o
 .debug_macro   0x00000000      0xf7a globalfunctions.o
 .debug_macro   0x00000000       0x6d globalfunctions.o
 .debug_macro   0x00000000       0xd6 globalfunctions.o
 .group         0x00000000        0x8 main.o
 .group         0x00000000        0x8 main.o
 .group         0x00000000        0x8 main.o
 .group         0x00000000        0x8 main.o
 .group         0x00000000        0x8 main.o
 .group         0x00000000        0x8 main.o
 .group         0x00000000        0x8 main.o
 .group         0x00000000        0x8 main.o
 .group         0x00000000        0x8 main.o
 .group         0x00000000        0x8 main.o
 .group         0x00000000        0x8 main.o
 .group         0x00000000        0x8 main.o
 .group         0x00000000        0x8 main.o
 .group         0x00000000        0x8 main.o
 .group         0x00000000        0x8 main.o
 .group         0x00000000        0x8 main.o
 .group         0x00000000        0x8 main.o
 .group         0x00000000        0x8 main.o
 .group         0x00000000        0x8 main.o
 .group         0x00000000        0x8 main.o
 .group         0x00000000        0x8 main.o
 .group         0x00000000        0x8 main.o
 .group         0x00000000        0x8 main.o
 .group         0x00000000        0x8 main.o
 .group         0x00000000        0x8 main.o
 .group         0x00000000        0x8 main.o
 .group         0x00000000        0x8 main.o
 .group         0x00000000        0x8 main.o
 .group         0x00000000        0x8 main.o
 .group         0x00000000        0x8 main.o
 .group         0x00000000        0x8 main.o
 .group         0x00000000        0x8 main.o
 .group         0x00000000        0x8 main.o
 .group         0x00000000        0x8 main.o
 .group         0x00000000        0x8 main.o
 .group         0x00000000        0x8 main.o
 .group         0x00000000        0x8 main.o
 .group         0x00000000        0x8 main.o
 .group         0x00000000        0x8 main.o
 .group         0x00000000        0x8 main.o
 .group         0x00000000        0x8 main.o
 .group         0x00000000        0x8 main.o
 .group         0x00000000        0x8 main.o
 .group         0x00000000        0x8 main.o
 .group         0x00000000        0x8 main.o
 .group         0x00000000        0x8 main.o
 .group         0x00000000        0x8 main.o
 .group         0x00000000        0x8 main.o
 .group         0x00000000        0x8 main.o
 .group         0x00000000        0x8 main.o
 .group         0x00000000        0x8 main.o
 .group         0x00000000        0x8 main.o
 .group         0x00000000        0x8 main.o
 .group         0x00000000        0x8 main.o
 .group         0x00000000        0x8 main.o
 .group         0x00000000        0x8 main.o
 .group         0x00000000        0x8 main.o
 .group         0x00000000        0x8 main.o
 .group         0x00000000        0x8 main.o
 .group         0x00000000        0x8 main.o
 .group         0x00000000        0x8 main.o
 .group         0x00000000        0x8 main.o
 .group         0x00000000        0x8 main.o
 .group         0x00000000        0x8 main.o
 .group         0x00000000        0x8 main.o
 .group         0x00000000        0x8 main.o
 .group         0x00000000        0x8 main.o
 .text          0x00000000        0x0 main.o
 .bss           0x00000000        0x0 main.o
 .debug_macro   0x00000000      0x832 main.o
 .debug_macro   0x00000000       0x22 main.o
 .debug_macro   0x00000000       0x44 main.o
 .debug_macro   0x00000000       0x58 main.o
 .debug_macro   0x00000000       0x22 main.o
 .debug_macro   0x00000000      0x1df main.o
 .debug_macro   0x00000000       0x3a main.o
 .debug_macro   0x00000000       0x3a main.o
 .debug_macro   0x00000000       0x1f main.o
 .debug_macro   0x00000000      0x250 main.o
 .debug_macro   0x00000000      0x682 main.o
 .debug_macro   0x00000000      0x8bf main.o
 .debug_macro   0x00000000      0x235 main.o
 .debug_macro   0x00000000      0xd6a main.o
 .debug_macro   0x00000000      0x4ce main.o
 .debug_macro   0x00000000      0x9f8 main.o
 .debug_macro   0x00000000      0x82b main.o
 .debug_macro   0x00000000      0x45f main.o
 .debug_macro   0x00000000       0x5e main.o
 .debug_macro   0x00000000      0x906 main.o
 .debug_macro   0x00000000      0x225 main.o
 .debug_macro   0x00000000      0x797 main.o
 .debug_macro   0x00000000       0x5e main.o
 .debug_macro   0x00000000      0x634 main.o
 .debug_macro   0x00000000      0x3b6 main.o
 .debug_macro   0x00000000      0xc55 main.o
 .debug_macro   0x00000000     0x1092 main.o
 .debug_macro   0x00000000      0xc4a main.o
 .debug_macro   0x00000000      0x6bf main.o
 .debug_macro   0x00000000     0x1b4b main.o
 .debug_macro   0x00000000     0x144a main.o
 .debug_macro   0x00000000      0x34e main.o
 .debug_macro   0x00000000       0x7c main.o
 .debug_macro   0x00000000       0xa0 main.o
 .debug_macro   0x00000000       0x4c main.o
 .debug_macro   0x00000000       0xca main.o
 .debug_macro   0x00000000       0x94 main.o
 .debug_macro   0x00000000       0x58 main.o
 .debug_macro   0x00000000      0x364 main.o
 .debug_macro   0x00000000       0x82 main.o
 .debug_macro   0x00000000      0x197 main.o
 .debug_macro   0x00000000       0xb8 main.o
 .debug_macro   0x00000000       0xa0 main.o
 .debug_macro   0x00000000       0xb2 main.o
 .debug_macro   0x00000000       0x1c main.o
 .debug_macro   0x00000000       0x1c main.o
 .debug_macro   0x00000000       0x1c main.o
 .debug_macro   0x00000000       0x7c main.o
 .debug_macro   0x00000000      0x161 main.o
 .debug_macro   0x00000000       0xdc main.o
 .debug_macro   0x00000000      0x12f main.o
 .debug_macro   0x00000000      0x12f main.o
 .debug_macro   0x00000000      0x12f main.o
 .debug_macro   0x00000000      0x12f main.o
 .debug_macro   0x00000000      0x11e main.o
 .debug_macro   0x00000000       0xe2 main.o
 .debug_macro   0x00000000       0xe2 main.o
 .debug_macro   0x00000000       0xe2 main.o
 .debug_macro   0x00000000      0x12c main.o
 .debug_macro   0x00000000      0x100 main.o
 .debug_macro   0x00000000       0xf4 main.o
 .debug_macro   0x00000000      0x40f main.o
 .debug_macro   0x00000000       0x40 main.o
 .debug_macro   0x00000000      0x345 main.o
 .debug_macro   0x00000000      0xf7a main.o
 .debug_macro   0x00000000       0x6d main.o
 .debug_macro   0x00000000       0xd6 main.o
 .group         0x00000000        0x8 nvmctrl.o
 .group         0x00000000        0x8 nvmctrl.o
 .group         0x00000000        0x8 nvmctrl.o
 .group         0x00000000        0x8 nvmctrl.o
 .group         0x00000000        0x8 nvmctrl.o
 .group         0x00000000        0x8 nvmctrl.o
 .group         0x00000000        0x8 nvmctrl.o
 .group         0x00000000        0x8 nvmctrl.o
 .group         0x00000000        0x8 nvmctrl.o
 .group         0x00000000        0x8 nvmctrl.o
 .group         0x00000000        0x8 nvmctrl.o
 .group         0x00000000        0x8 nvmctrl.o
 .group         0x00000000        0x8 nvmctrl.o
 .group         0x00000000        0x8 nvmctrl.o
 .group         0x00000000        0x8 nvmctrl.o
 .group         0x00000000        0x8 nvmctrl.o
 .group         0x00000000        0x8 nvmctrl.o
 .group         0x00000000        0x8 nvmctrl.o
 .group         0x00000000        0x8 nvmctrl.o
 .group         0x00000000        0x8 nvmctrl.o
 .group         0x00000000        0x8 nvmctrl.o
 .group         0x00000000        0x8 nvmctrl.o
 .group         0x00000000        0x8 nvmctrl.o
 .group         0x00000000        0x8 nvmctrl.o
 .group         0x00000000        0x8 nvmctrl.o
 .group         0x00000000        0x8 nvmctrl.o
 .group         0x00000000        0x8 nvmctrl.o
 .group         0x00000000        0x8 nvmctrl.o
 .group         0x00000000        0x8 nvmctrl.o
 .group         0x00000000        0x8 nvmctrl.o
 .group         0x00000000        0x8 nvmctrl.o
 .group         0x00000000        0x8 nvmctrl.o
 .group         0x00000000        0x8 nvmctrl.o
 .group         0x00000000        0x8 nvmctrl.o
 .group         0x00000000        0x8 nvmctrl.o
 .group         0x00000000        0x8 nvmctrl.o
 .group         0x00000000        0x8 nvmctrl.o
 .group         0x00000000        0x8 nvmctrl.o
 .group         0x00000000        0x8 nvmctrl.o
 .group         0x00000000        0x8 nvmctrl.o
 .group         0x00000000        0x8 nvmctrl.o
 .group         0x00000000        0x8 nvmctrl.o
 .group         0x00000000        0x8 nvmctrl.o
 .group         0x00000000        0x8 nvmctrl.o
 .group         0x00000000        0x8 nvmctrl.o
 .group         0x00000000        0x8 nvmctrl.o
 .group         0x00000000        0x8 nvmctrl.o
 .group         0x00000000        0x8 nvmctrl.o
 .group         0x00000000        0x8 nvmctrl.o
 .group         0x00000000        0x8 nvmctrl.o
 .group         0x00000000        0x8 nvmctrl.o
 .group         0x00000000        0x8 nvmctrl.o
 .group         0x00000000        0x8 nvmctrl.o
 .group         0x00000000        0x8 nvmctrl.o
 .group         0x00000000        0x8 nvmctrl.o
 .group         0x00000000        0x8 nvmctrl.o
 .group         0x00000000        0x8 nvmctrl.o
 .group         0x00000000        0x8 nvmctrl.o
 .group         0x00000000        0x8 nvmctrl.o
 .group         0x00000000        0x8 nvmctrl.o
 .group         0x00000000        0x8 nvmctrl.o
 .group         0x00000000        0x8 nvmctrl.o
 .group         0x00000000        0x8 nvmctrl.o
 .group         0x00000000        0x8 nvmctrl.o
 .group         0x00000000        0x8 nvmctrl.o
 .group         0x00000000        0x8 nvmctrl.o
 .group         0x00000000        0x8 nvmctrl.o
 .text          0x00000000        0x0 nvmctrl.o
 .data          0x00000000        0x0 nvmctrl.o
 .bss           0x00000000        0x0 nvmctrl.o
 .debug_macro   0x00000000      0x832 nvmctrl.o
 .debug_macro   0x00000000       0x22 nvmctrl.o
 .debug_macro   0x00000000       0x44 nvmctrl.o
 .debug_macro   0x00000000       0x58 nvmctrl.o
 .debug_macro   0x00000000       0x22 nvmctrl.o
 .debug_macro   0x00000000      0x1df nvmctrl.o
 .debug_macro   0x00000000       0x3a nvmctrl.o
 .debug_macro   0x00000000       0x3a nvmctrl.o
 .debug_macro   0x00000000       0x1f nvmctrl.o
 .debug_macro   0x00000000      0x250 nvmctrl.o
 .debug_macro   0x00000000      0x682 nvmctrl.o
 .debug_macro   0x00000000      0x8bf nvmctrl.o
 .debug_macro   0x00000000      0x235 nvmctrl.o
 .debug_macro   0x00000000      0xd6a nvmctrl.o
 .debug_macro   0x00000000      0x4ce nvmctrl.o
 .debug_macro   0x00000000      0x9f8 nvmctrl.o
 .debug_macro   0x00000000      0x82b nvmctrl.o
 .debug_macro   0x00000000      0x45f nvmctrl.o
 .debug_macro   0x00000000       0x5e nvmctrl.o
 .debug_macro   0x00000000      0x906 nvmctrl.o
 .debug_macro   0x00000000      0x225 nvmctrl.o
 .debug_macro   0x00000000      0x797 nvmctrl.o
 .debug_macro   0x00000000       0x5e nvmctrl.o
 .debug_macro   0x00000000      0x634 nvmctrl.o
 .debug_macro   0x00000000      0x3b6 nvmctrl.o
 .debug_macro   0x00000000      0xc55 nvmctrl.o
 .debug_macro   0x00000000     0x1092 nvmctrl.o
 .debug_macro   0x00000000      0xc4a nvmctrl.o
 .debug_macro   0x00000000      0x6bf nvmctrl.o
 .debug_macro   0x00000000     0x1b4b nvmctrl.o
 .debug_macro   0x00000000     0x144a nvmctrl.o
 .debug_macro   0x00000000      0x34e nvmctrl.o
 .debug_macro   0x00000000       0x7c nvmctrl.o
 .debug_macro   0x00000000       0xa0 nvmctrl.o
 .debug_macro   0x00000000       0x4c nvmctrl.o
 .debug_macro   0x00000000       0xca nvmctrl.o
 .debug_macro   0x00000000       0x94 nvmctrl.o
 .debug_macro   0x00000000       0x58 nvmctrl.o
 .debug_macro   0x00000000      0x364 nvmctrl.o
 .debug_macro   0x00000000       0x82 nvmctrl.o
 .debug_macro   0x00000000      0x197 nvmctrl.o
 .debug_macro   0x00000000       0xb8 nvmctrl.o
 .debug_macro   0x00000000       0xa0 nvmctrl.o
 .debug_macro   0x00000000       0xb2 nvmctrl.o
 .debug_macro   0x00000000       0x1c nvmctrl.o
 .debug_macro   0x00000000       0x1c nvmctrl.o
 .debug_macro   0x00000000       0x1c nvmctrl.o
 .debug_macro   0x00000000       0x7c nvmctrl.o
 .debug_macro   0x00000000      0x161 nvmctrl.o
 .debug_macro   0x00000000       0xdc nvmctrl.o
 .debug_macro   0x00000000      0x12f nvmctrl.o
 .debug_macro   0x00000000      0x12f nvmctrl.o
 .debug_macro   0x00000000      0x12f nvmctrl.o
 .debug_macro   0x00000000      0x12f nvmctrl.o
 .debug_macro   0x00000000      0x11e nvmctrl.o
 .debug_macro   0x00000000       0xe2 nvmctrl.o
 .debug_macro   0x00000000       0xe2 nvmctrl.o
 .debug_macro   0x00000000       0xe2 nvmctrl.o
 .debug_macro   0x00000000      0x12c nvmctrl.o
 .debug_macro   0x00000000      0x100 nvmctrl.o
 .debug_macro   0x00000000       0xf4 nvmctrl.o
 .debug_macro   0x00000000      0x40f nvmctrl.o
 .debug_macro   0x00000000       0x40 nvmctrl.o
 .debug_macro   0x00000000      0x345 nvmctrl.o
 .debug_macro   0x00000000      0xf7a nvmctrl.o
 .debug_macro   0x00000000       0x6d nvmctrl.o
 .debug_macro   0x00000000       0xd6 nvmctrl.o
 .group         0x00000000        0x8 usart.o
 .group         0x00000000        0x8 usart.o
 .group         0x00000000        0x8 usart.o
 .group         0x00000000        0x8 usart.o
 .group         0x00000000        0x8 usart.o
 .group         0x00000000        0x8 usart.o
 .group         0x00000000        0x8 usart.o
 .group         0x00000000        0x8 usart.o
 .group         0x00000000        0x8 usart.o
 .group         0x00000000        0x8 usart.o
 .group         0x00000000        0x8 usart.o
 .group         0x00000000        0x8 usart.o
 .group         0x00000000        0x8 usart.o
 .group         0x00000000        0x8 usart.o
 .group         0x00000000        0x8 usart.o
 .group         0x00000000        0x8 usart.o
 .group         0x00000000        0x8 usart.o
 .group         0x00000000        0x8 usart.o
 .group         0x00000000        0x8 usart.o
 .group         0x00000000        0x8 usart.o
 .group         0x00000000        0x8 usart.o
 .group         0x00000000        0x8 usart.o
 .group         0x00000000        0x8 usart.o
 .group         0x00000000        0x8 usart.o
 .group         0x00000000        0x8 usart.o
 .group         0x00000000        0x8 usart.o
 .group         0x00000000        0x8 usart.o
 .group         0x00000000        0x8 usart.o
 .group         0x00000000        0x8 usart.o
 .group         0x00000000        0x8 usart.o
 .group         0x00000000        0x8 usart.o
 .group         0x00000000        0x8 usart.o
 .group         0x00000000        0x8 usart.o
 .group         0x00000000        0x8 usart.o
 .group         0x00000000        0x8 usart.o
 .group         0x00000000        0x8 usart.o
 .group         0x00000000        0x8 usart.o
 .group         0x00000000        0x8 usart.o
 .group         0x00000000        0x8 usart.o
 .group         0x00000000        0x8 usart.o
 .group         0x00000000        0x8 usart.o
 .group         0x00000000        0x8 usart.o
 .group         0x00000000        0x8 usart.o
 .group         0x00000000        0x8 usart.o
 .group         0x00000000        0x8 usart.o
 .group         0x00000000        0x8 usart.o
 .group         0x00000000        0x8 usart.o
 .group         0x00000000        0x8 usart.o
 .group         0x00000000        0x8 usart.o
 .group         0x00000000        0x8 usart.o
 .group         0x00000000        0x8 usart.o
 .group         0x00000000        0x8 usart.o
 .group         0x00000000        0x8 usart.o
 .group         0x00000000        0x8 usart.o
 .group         0x00000000        0x8 usart.o
 .group         0x00000000        0x8 usart.o
 .group         0x00000000        0x8 usart.o
 .group         0x00000000        0x8 usart.o
 .group         0x00000000        0x8 usart.o
 .group         0x00000000        0x8 usart.o
 .group         0x00000000        0x8 usart.o
 .group         0x00000000        0x8 usart.o
 .group         0x00000000        0x8 usart.o
 .group         0x00000000        0x8 usart.o
 .group         0x00000000        0x8 usart.o
 .group         0x00000000        0x8 usart.o
 .group         0x00000000        0x8 usart.o
 .text          0x00000000        0x0 usart.o
 .data          0x00000000        0x0 usart.o
 .bss           0x00000000        0x0 usart.o
 .debug_macro   0x00000000      0x832 usart.o
 .debug_macro   0x00000000       0x22 usart.o
 .debug_macro   0x00000000       0x44 usart.o
 .debug_macro   0x00000000       0x58 usart.o
 .debug_macro   0x00000000       0x22 usart.o
 .debug_macro   0x00000000      0x1df usart.o
 .debug_macro   0x00000000       0x3a usart.o
 .debug_macro   0x00000000       0x3a usart.o
 .debug_macro   0x00000000       0x1f usart.o
 .debug_macro   0x00000000      0x250 usart.o
 .debug_macro   0x00000000      0x682 usart.o
 .debug_macro   0x00000000      0x8bf usart.o
 .debug_macro   0x00000000      0x235 usart.o
 .debug_macro   0x00000000      0xd6a usart.o
 .debug_macro   0x00000000      0x4ce usart.o
 .debug_macro   0x00000000      0x9f8 usart.o
 .debug_macro   0x00000000      0x82b usart.o
 .debug_macro   0x00000000      0x45f usart.o
 .debug_macro   0x00000000       0x5e usart.o
 .debug_macro   0x00000000      0x906 usart.o
 .debug_macro   0x00000000      0x225 usart.o
 .debug_macro   0x00000000      0x797 usart.o
 .debug_macro   0x00000000       0x5e usart.o
 .debug_macro   0x00000000      0x634 usart.o
 .debug_macro   0x00000000      0x3b6 usart.o
 .debug_macro   0x00000000      0xc55 usart.o
 .debug_macro   0x00000000     0x1092 usart.o
 .debug_macro   0x00000000      0xc4a usart.o
 .debug_macro   0x00000000      0x6bf usart.o
 .debug_macro   0x00000000     0x1b4b usart.o
 .debug_macro   0x00000000     0x144a usart.o
 .debug_macro   0x00000000      0x34e usart.o
 .debug_macro   0x00000000       0x7c usart.o
 .debug_macro   0x00000000       0xa0 usart.o
 .debug_macro   0x00000000       0x4c usart.o
 .debug_macro   0x00000000       0xca usart.o
 .debug_macro   0x00000000       0x94 usart.o
 .debug_macro   0x00000000       0x58 usart.o
 .debug_macro   0x00000000      0x364 usart.o
 .debug_macro   0x00000000       0x82 usart.o
 .debug_macro   0x00000000      0x197 usart.o
 .debug_macro   0x00000000       0xb8 usart.o
 .debug_macro   0x00000000       0xa0 usart.o
 .debug_macro   0x00000000       0xb2 usart.o
 .debug_macro   0x00000000       0x1c usart.o
 .debug_macro   0x00000000       0x1c usart.o
 .debug_macro   0x00000000       0x1c usart.o
 .debug_macro   0x00000000       0x7c usart.o
 .debug_macro   0x00000000      0x161 usart.o
 .debug_macro   0x00000000       0xdc usart.o
 .debug_macro   0x00000000      0x12f usart.o
 .debug_macro   0x00000000      0x12f usart.o
 .debug_macro   0x00000000      0x12f usart.o
 .debug_macro   0x00000000      0x12f usart.o
 .debug_macro   0x00000000      0x11e usart.o
 .debug_macro   0x00000000       0xe2 usart.o
 .debug_macro   0x00000000       0xe2 usart.o
 .debug_macro   0x00000000       0xe2 usart.o
 .debug_macro   0x00000000      0x12c usart.o
 .debug_macro   0x00000000      0x100 usart.o
 .debug_macro   0x00000000       0xf4 usart.o
 .debug_macro   0x00000000      0x40f usart.o
 .debug_macro   0x00000000       0x40 usart.o
 .debug_macro   0x00000000      0x345 usart.o
 .debug_macro   0x00000000      0xf7a usart.o
 .debug_macro   0x00000000       0x6d usart.o
 .debug_macro   0x00000000       0xd6 usart.o
 .text          0x00000000        0x0 c:/program files (x86)/atmel/studio/7.0/toolchain/arm/arm-gnu-toolchain/bin/../lib/gcc/arm-none-eabi/4.9.3/../../../../arm-none-eabi/lib/armv6-m\libc.a(lib_a-exit.o)
 .data          0x00000000        0x0 c:/program files (x86)/atmel/studio/7.0/toolchain/arm/arm-gnu-toolchain/bin/../lib/gcc/arm-none-eabi/4.9.3/../../../../arm-none-eabi/lib/armv6-m\libc.a(lib_a-exit.o)
 .bss           0x00000000        0x0 c:/program files (x86)/atmel/studio/7.0/toolchain/arm/arm-gnu-toolchain/bin/../lib/gcc/arm-none-eabi/4.9.3/../../../../arm-none-eabi/lib/armv6-m\libc.a(lib_a-exit.o)
 .text.exit     0x00000000       0x20 c:/program files (x86)/atmel/studio/7.0/toolchain/arm/arm-gnu-toolchain/bin/../lib/gcc/arm-none-eabi/4.9.3/../../../../arm-none-eabi/lib/armv6-m\libc.a(lib_a-exit.o)
 .debug_frame   0x00000000       0x28 c:/program files (x86)/atmel/studio/7.0/toolchain/arm/arm-gnu-toolchain/bin/../lib/gcc/arm-none-eabi/4.9.3/../../../../arm-none-eabi/lib/armv6-m\libc.a(lib_a-exit.o)
 .ARM.attributes
                0x00000000       0x2c c:/program files (x86)/atmel/studio/7.0/toolchain/arm/arm-gnu-toolchain/bin/../lib/gcc/arm-none-eabi/4.9.3/../../../../arm-none-eabi/lib/armv6-m\libc.a(lib_a-exit.o)
 .text          0x00000000        0x0 c:/program files (x86)/atmel/studio/7.0/toolchain/arm/arm-gnu-toolchain/bin/../lib/gcc/arm-none-eabi/4.9.3/../../../../arm-none-eabi/lib/armv6-m\libc.a(lib_a-impure.o)
 .data          0x00000000        0x0 c:/program files (x86)/atmel/studio/7.0/toolchain/arm/arm-gnu-toolchain/bin/../lib/gcc/arm-none-eabi/4.9.3/../../../../arm-none-eabi/lib/armv6-m\libc.a(lib_a-impure.o)
 .bss           0x00000000        0x0 c:/program files (x86)/atmel/studio/7.0/toolchain/arm/arm-gnu-toolchain/bin/../lib/gcc/arm-none-eabi/4.9.3/../../../../arm-none-eabi/lib/armv6-m\libc.a(lib_a-impure.o)
 .data._impure_ptr
                0x00000000        0x4 c:/program files (x86)/atmel/studio/7.0/toolchain/arm/arm-gnu-toolchain/bin/../lib/gcc/arm-none-eabi/4.9.3/../../../../arm-none-eabi/lib/armv6-m\libc.a(lib_a-impure.o)
 .text          0x00000000        0x0 c:/program files (x86)/atmel/studio/7.0/toolchain/arm/arm-gnu-toolchain/bin/../lib/gcc/arm-none-eabi/4.9.3/../../../../arm-none-eabi/lib/armv6-m\libc.a(lib_a-init.o)
 .data          0x00000000        0x0 c:/program files (x86)/atmel/studio/7.0/toolchain/arm/arm-gnu-toolchain/bin/../lib/gcc/arm-none-eabi/4.9.3/../../../../arm-none-eabi/lib/armv6-m\libc.a(lib_a-init.o)
 .bss           0x00000000        0x0 c:/program files (x86)/atmel/studio/7.0/toolchain/arm/arm-gnu-toolchain/bin/../lib/gcc/arm-none-eabi/4.9.3/../../../../arm-none-eabi/lib/armv6-m\libc.a(lib_a-init.o)
 .text          0x00000000        0x0 c:/program files (x86)/atmel/studio/7.0/toolchain/arm/arm-gnu-toolchain/bin/../lib/gcc/arm-none-eabi/4.9.3/../../../../arm-none-eabi/lib/armv6-m\libc.a(lib_a-memset.o)
 .data          0x00000000        0x0 c:/program files (x86)/atmel/studio/7.0/toolchain/arm/arm-gnu-toolchain/bin/../lib/gcc/arm-none-eabi/4.9.3/../../../../arm-none-eabi/lib/armv6-m\libc.a(lib_a-memset.o)
 .bss           0x00000000        0x0 c:/program files (x86)/atmel/studio/7.0/toolchain/arm/arm-gnu-toolchain/bin/../lib/gcc/arm-none-eabi/4.9.3/../../../../arm-none-eabi/lib/armv6-m\libc.a(lib_a-memset.o)
 .text.memset   0x00000000       0x8c c:/program files (x86)/atmel/studio/7.0/toolchain/arm/arm-gnu-toolchain/bin/../lib/gcc/arm-none-eabi/4.9.3/../../../../arm-none-eabi/lib/armv6-m\libc.a(lib_a-memset.o)
 .debug_frame   0x00000000       0x2c c:/program files (x86)/atmel/studio/7.0/toolchain/arm/arm-gnu-toolchain/bin/../lib/gcc/arm-none-eabi/4.9.3/../../../../arm-none-eabi/lib/armv6-m\libc.a(lib_a-memset.o)
 .ARM.attributes
                0x00000000       0x2c c:/program files (x86)/atmel/studio/7.0/toolchain/arm/arm-gnu-toolchain/bin/../lib/gcc/arm-none-eabi/4.9.3/../../../../arm-none-eabi/lib/armv6-m\libc.a(lib_a-memset.o)
 .text          0x00000000        0x0 c:/program files (x86)/atmel/studio/7.0/toolchain/arm/arm-gnu-toolchain/bin/../lib/gcc/arm-none-eabi/4.9.3/../../../../arm-none-eabi/lib/armv6-m\libc.a(lib_a-__call_atexit.o)
 .data          0x00000000        0x0 c:/program files (x86)/atmel/studio/7.0/toolchain/arm/arm-gnu-toolchain/bin/../lib/gcc/arm-none-eabi/4.9.3/../../../../arm-none-eabi/lib/armv6-m\libc.a(lib_a-__call_atexit.o)
 .bss           0x00000000        0x0 c:/program files (x86)/atmel/studio/7.0/toolchain/arm/arm-gnu-toolchain/bin/../lib/gcc/arm-none-eabi/4.9.3/../../../../arm-none-eabi/lib/armv6-m\libc.a(lib_a-__call_atexit.o)
 .text.__call_exitprocs
                0x00000000      0x108 c:/program files (x86)/atmel/studio/7.0/toolchain/arm/arm-gnu-toolchain/bin/../lib/gcc/arm-none-eabi/4.9.3/../../../../arm-none-eabi/lib/armv6-m\libc.a(lib_a-__call_atexit.o)
 .text          0x00000000        0x0 c:/program files (x86)/atmel/studio/7.0/toolchain/arm/arm-gnu-toolchain/bin/../lib/gcc/arm-none-eabi/4.9.3/../../../../arm-none-eabi/lib/armv6-m\libc.a(lib_a-atexit.o)
 .data          0x00000000        0x0 c:/program files (x86)/atmel/studio/7.0/toolchain/arm/arm-gnu-toolchain/bin/../lib/gcc/arm-none-eabi/4.9.3/../../../../arm-none-eabi/lib/armv6-m\libc.a(lib_a-atexit.o)
 .bss           0x00000000        0x0 c:/program files (x86)/atmel/studio/7.0/toolchain/arm/arm-gnu-toolchain/bin/../lib/gcc/arm-none-eabi/4.9.3/../../../../arm-none-eabi/lib/armv6-m\libc.a(lib_a-atexit.o)
 .text          0x00000000        0x0 c:/program files (x86)/atmel/studio/7.0/toolchain/arm/arm-gnu-toolchain/bin/../lib/gcc/arm-none-eabi/4.9.3/../../../../arm-none-eabi/lib/armv6-m\libc.a(lib_a-fini.o)
 .data          0x00000000        0x0 c:/program files (x86)/atmel/studio/7.0/toolchain/arm/arm-gnu-toolchain/bin/../lib/gcc/arm-none-eabi/4.9.3/../../../../arm-none-eabi/lib/armv6-m\libc.a(lib_a-fini.o)
 .bss           0x00000000        0x0 c:/program files (x86)/atmel/studio/7.0/toolchain/arm/arm-gnu-toolchain/bin/../lib/gcc/arm-none-eabi/4.9.3/../../../../arm-none-eabi/lib/armv6-m\libc.a(lib_a-fini.o)
 .text          0x00000000        0x0 c:/program files (x86)/atmel/studio/7.0/toolchain/arm/arm-gnu-toolchain/bin/../lib/gcc/arm-none-eabi/4.9.3/../../../../arm-none-eabi/lib/armv6-m\libc.a(lib_a-__atexit.o)
 .data          0x00000000        0x0 c:/program files (x86)/atmel/studio/7.0/toolchain/arm/arm-gnu-toolchain/bin/../lib/gcc/arm-none-eabi/4.9.3/../../../../arm-none-eabi/lib/armv6-m\libc.a(lib_a-__atexit.o)
 .bss           0x00000000        0x0 c:/program files (x86)/atmel/studio/7.0/toolchain/arm/arm-gnu-toolchain/bin/../lib/gcc/arm-none-eabi/4.9.3/../../../../arm-none-eabi/lib/armv6-m\libc.a(lib_a-__atexit.o)
 .text          0x00000000        0x0 c:/program files (x86)/atmel/studio/7.0/toolchain/arm/arm-gnu-toolchain/bin/../lib/gcc/arm-none-eabi/4.9.3/armv6-m/crtend.o
 .data          0x00000000        0x0 c:/program files (x86)/atmel/studio/7.0/toolchain/arm/arm-gnu-toolchain/bin/../lib/gcc/arm-none-eabi/4.9.3/armv6-m/crtend.o
 .bss           0x00000000        0x0 c:/program files (x86)/atmel/studio/7.0/toolchain/arm/arm-gnu-toolchain/bin/../lib/gcc/arm-none-eabi/4.9.3/armv6-m/crtend.o
 .eh_frame      0x00000000        0x4 c:/program files (x86)/atmel/studio/7.0/toolchain/arm/arm-gnu-toolchain/bin/../lib/gcc/arm-none-eabi/4.9.3/armv6-m/crtend.o
 .jcr           0x00000000        0x4 c:/program files (x86)/atmel/studio/7.0/toolchain/arm/arm-gnu-toolchain/bin/../lib/gcc/arm-none-eabi/4.9.3/armv6-m/crtend.o
 .ARM.attributes
                0x00000000       0x2c c:/program files (x86)/atmel/studio/7.0/toolchain/arm/arm-gnu-toolchain/bin/../lib/gcc/arm-none-eabi/4.9.3/armv6-m/crtend.o
 .text          0x00000000        0x0 c:/program files (x86)/atmel/studio/7.0/toolchain/arm/arm-gnu-toolchain/bin/../lib/gcc/arm-none-eabi/4.9.3/armv6-m/crtn.o
 .data          0x00000000        0x0 c:/program files (x86)/atmel/studio/7.0/toolchain/arm/arm-gnu-toolchain/bin/../lib/gcc/arm-none-eabi/4.9.3/armv6-m/crtn.o
 .bss           0x00000000        0x0 c:/program files (x86)/atmel/studio/7.0/toolchain/arm/arm-gnu-toolchain/bin/../lib/gcc/arm-none-eabi/4.9.3/armv6-m/crtn.o

Memory Configuration

Name             Origin             Length             Attributes
rom              0x00000000         0x00040000         xr
ram              0x20000000         0x00008000         xrw
*default*        0x00000000         0xffffffff

Linker script and memory map

LOAD c:/program files (x86)/atmel/studio/7.0/toolchain/arm/arm-gnu-toolchain/bin/../lib/gcc/arm-none-eabi/4.9.3/armv6-m/crti.o
LOAD c:/program files (x86)/atmel/studio/7.0/toolchain/arm/arm-gnu-toolchain/bin/../lib/gcc/arm-none-eabi/4.9.3/armv6-m/crtbegin.o
LOAD c:/program files (x86)/atmel/studio/7.0/toolchain/arm/arm-gnu-toolchain/bin/../lib/gcc/arm-none-eabi/4.9.3/../../../../arm-none-eabi/lib/armv6-m/crt0.o
LOAD clocks.o
LOAD Device_Startup/startup_samd21.o
LOAD Device_Startup/system_samd21.o
LOAD globalfunctions.o
LOAD main.o
LOAD nvmctrl.o
LOAD usart.o
START GROUP
LOAD c:/program files (x86)/atmel/studio/7.0/toolchain/arm/arm-gnu-toolchain/bin/../lib/gcc/arm-none-eabi/4.9.3/../../../../arm-none-eabi/lib/armv6-m\libm.a
END GROUP
START GROUP
LOAD c:/program files (x86)/atmel/studio/7.0/toolchain/arm/arm-gnu-toolchain/bin/../lib/gcc/arm-none-eabi/4.9.3/armv6-m\libgcc.a
LOAD c:/program files (x86)/atmel/studio/7.0/toolchain/arm/arm-gnu-toolchain/bin/../lib/gcc/arm-none-eabi/4.9.3/../../../../arm-none-eabi/lib/armv6-m\libc.a
END GROUP
LOAD c:/program files (x86)/atmel/studio/7.0/toolchain/arm/arm-gnu-toolchain/bin/../lib/gcc/arm-none-eabi/4.9.3/armv6-m/crtend.o
LOAD c:/program files (x86)/atmel/studio/7.0/toolchain/arm/arm-gnu-toolchain/bin/../lib/gcc/arm-none-eabi/4.9.3/armv6-m/crtn.o
                0x00002000                STACK_SIZE = DEFINED (STACK_SIZE)?STACK_SIZE:DEFINED (__stack_size__)?__stack_size__:0x2000

.text           0x00000000      0x870
                0x00000000                . = ALIGN (0x4)
                0x00000000                _sfixed = .
 *(.vectors .vectors.*)
 .vectors       0x00000000       0xb4 Device_Startup/startup_samd21.o
                0x00000000                exception_table
 *(.text .text.* .gnu.linkonce.t.*)
 .text          0x000000b4       0x60 c:/program files (x86)/atmel/studio/7.0/toolchain/arm/arm-gnu-toolchain/bin/../lib/gcc/arm-none-eabi/4.9.3/armv6-m/crtbegin.o
 .text.init_clocks
                0x00000114       0xa4 clocks.o
                0x00000114                init_clocks
 .text.Dummy_Handler
                0x000001b8        0x4 Device_Startup/startup_samd21.o
                0x000001b8                DMAC_Handler
                0x000001b8                HardFault_Handler
                0x000001b8                AC_Handler
                0x000001b8                SysTick_Handler
                0x000001b8                PendSV_Handler
                0x000001b8                NMI_Handler
                0x000001b8                SERCOM1_Handler
                0x000001b8                ADC_Handler
                0x000001b8                TCC1_Handler
                0x000001b8                SERCOM2_Handler
                0x000001b8                TCC0_Handler
                0x000001b8                RTC_Handler
                0x000001b8                EIC_Handler
                0x000001b8                WDT_Handler
                0x000001b8                TC4_Handler
                0x000001b8                USB_Handler
                0x000001b8                TC3_Handler
                0x000001b8                Dummy_Handler
                0x000001b8                PM_Handler
                0x000001b8                SVC_Handler
                0x000001b8                TCC2_Handler
                0x000001b8                EVSYS_Handler
                0x000001b8                SERCOM3_Handler
                0x000001b8                I2S_Handler
                0x000001b8                NVMCTRL_Handler
                0x000001b8                SERCOM0_Handler
                0x000001b8                DAC_Handler
                0x000001b8                PTC_Handler
                0x000001b8                TC5_Handler
                0x000001b8                SYSCTRL_Handler
 .text.Reset_Handler
                0x000001bc       0xf8 Device_Startup/startup_samd21.o
                0x000001bc                Reset_Handler
 .text.pin_set_peripheral_function
                0x000002b4       0x4c globalfunctions.o
                0x000002b4                pin_set_peripheral_function
 .text.setup_ptrs
                0x00000300       0x34 main.o
                0x00000300                setup_ptrs
 .text.main     0x00000334      0x208 main.o
                0x00000334                main
 .text.nvm_erase_row
                0x0000053c       0x40 nvmctrl.o
                0x0000053c                nvm_erase_row
 .text.nvm_write_buffer
                0x0000057c       0xa4 nvmctrl.o
                0x0000057c                nvm_write_buffer
 .text.uart_write_byte
                0x00000620       0x18 usart.o
                0x00000620                uart_write_byte
 .text.sendConfirm
                0x00000638       0x10 usart.o
                0x00000638                sendConfirm
 .text.send_string
                0x00000648       0x28 usart.o
                0x00000648                send_string
 .text.uart_read_byte
                0x00000670       0x18 usart.o
                0x00000670                uart_read_byte
 .text.UART_sercom_init
                0x00000688       0x40 usart.o
                0x00000688                UART_sercom_init
 .text.__libc_init_array
                0x000006c8       0x48 c:/program files (x86)/atmel/studio/7.0/toolchain/arm/arm-gnu-toolchain/bin/../lib/gcc/arm-none-eabi/4.9.3/../../../../arm-none-eabi/lib/armv6-m\libc.a(lib_a-init.o)
                0x000006c8                __libc_init_array
 .text.startup.register_fini
                0x00000710       0x18 c:/program files (x86)/atmel/studio/7.0/toolchain/arm/arm-gnu-toolchain/bin/../lib/gcc/arm-none-eabi/4.9.3/../../../../arm-none-eabi/lib/armv6-m\libc.a(lib_a-__call_atexit.o)
 .text.atexit   0x00000728       0x10 c:/program files (x86)/atmel/studio/7.0/toolchain/arm/arm-gnu-toolchain/bin/../lib/gcc/arm-none-eabi/4.9.3/../../../../arm-none-eabi/lib/armv6-m\libc.a(lib_a-atexit.o)
                0x00000728                atexit
 .text.__libc_fini_array
                0x00000738       0x34 c:/program files (x86)/atmel/studio/7.0/toolchain/arm/arm-gnu-toolchain/bin/../lib/gcc/arm-none-eabi/4.9.3/../../../../arm-none-eabi/lib/armv6-m\libc.a(lib_a-fini.o)
                0x00000738                __libc_fini_array
 .text.__register_exitproc
                0x0000076c       0xd4 c:/program files (x86)/atmel/studio/7.0/toolchain/arm/arm-gnu-toolchain/bin/../lib/gcc/arm-none-eabi/4.9.3/../../../../arm-none-eabi/lib/armv6-m\libc.a(lib_a-__atexit.o)
                0x0000076c                __register_exitproc
 *(.glue_7t)
 .glue_7t       0x00000000        0x0 linker stubs
 *(.glue_7)
 .glue_7        0x00000000        0x0 linker stubs
 *(.rodata .rodata* .gnu.linkonce.r.*)
 .rodata.cst2   0x00000840        0x2 nvmctrl.o
 *fill*         0x00000842        0x2 
 .rodata.str1.4
                0x00000844        0x4 c:/program files (x86)/atmel/studio/7.0/toolchain/arm/arm-gnu-toolchain/bin/../lib/gcc/arm-none-eabi/4.9.3/../../../../arm-none-eabi/lib/armv6-m\libc.a(lib_a-impure.o)
                                  0x2 (size before relaxing)
 .rodata._global_impure_ptr
                0x00000848        0x4 c:/program files (x86)/atmel/studio/7.0/toolchain/arm/arm-gnu-toolchain/bin/../lib/gcc/arm-none-eabi/4.9.3/../../../../arm-none-eabi/lib/armv6-m\libc.a(lib_a-impure.o)
                0x00000848                _global_impure_ptr
 *(.ARM.extab* .gnu.linkonce.armextab.*)
                0x0000084c                . = ALIGN (0x4)
 *(.init)
 .init          0x0000084c        0x4 c:/program files (x86)/atmel/studio/7.0/toolchain/arm/arm-gnu-toolchain/bin/../lib/gcc/arm-none-eabi/4.9.3/armv6-m/crti.o
                0x0000084c                _init
 .init          0x00000850        0x8 c:/program files (x86)/atmel/studio/7.0/toolchain/arm/arm-gnu-toolchain/bin/../lib/gcc/arm-none-eabi/4.9.3/armv6-m/crtn.o
                0x00000858                . = ALIGN (0x4)
                0x00000858                __preinit_array_start = .
 *(.preinit_array)
                0x00000858                __preinit_array_end = .
                0x00000858                . = ALIGN (0x4)
                0x00000858                __init_array_start = .
 *(SORT(.init_array.*))
 .init_array.00000
                0x00000858        0x4 c:/program files (x86)/atmel/studio/7.0/toolchain/arm/arm-gnu-toolchain/bin/../lib/gcc/arm-none-eabi/4.9.3/../../../../arm-none-eabi/lib/armv6-m\libc.a(lib_a-__call_atexit.o)
 *(.init_array)
 .init_array    0x0000085c        0x4 c:/program files (x86)/atmel/studio/7.0/toolchain/arm/arm-gnu-toolchain/bin/../lib/gcc/arm-none-eabi/4.9.3/armv6-m/crtbegin.o
                0x00000860                __init_array_end = .
                0x00000860                . = ALIGN (0x4)
 *crtbegin.o(.ctors)
 *(EXCLUDE_FILE(*crtend.o) .ctors)
 *(SORT(.ctors.*))
 *crtend.o(.ctors)
                0x00000860                . = ALIGN (0x4)
 *(.fini)
 .fini          0x00000860        0x4 c:/program files (x86)/atmel/studio/7.0/toolchain/arm/arm-gnu-toolchain/bin/../lib/gcc/arm-none-eabi/4.9.3/armv6-m/crti.o
                0x00000860                _fini
 .fini          0x00000864        0x8 c:/program files (x86)/atmel/studio/7.0/toolchain/arm/arm-gnu-toolchain/bin/../lib/gcc/arm-none-eabi/4.9.3/armv6-m/crtn.o
                0x0000086c                . = ALIGN (0x4)
                0x0000086c                __fini_array_start = .
 *(.fini_array)
 .fini_array    0x0000086c        0x4 c:/program files (x86)/atmel/studio/7.0/toolchain/arm/arm-gnu-toolchain/bin/../lib/gcc/arm-none-eabi/4.9.3/armv6-m/crtbegin.o
 *(SORT(.fini_array.*))
                0x00000870                __fini_array_end = .
 *crtbegin.o(.dtors)
 *(EXCLUDE_FILE(*crtend.o) .dtors)
 *(SORT(.dtors.*))
 *crtend.o(.dtors)
                0x00000870                . = ALIGN (0x4)
                0x00000870                _efixed = .
                0x00000870                PROVIDE (__exidx_start, .)

.vfp11_veneer   0x00000870        0x0
 .vfp11_veneer  0x00000000        0x0 linker stubs

.v4_bx          0x00000870        0x0
 .v4_bx         0x00000000        0x0 linker stubs

.iplt           0x00000870        0x0
 .iplt          0x00000000        0x0 c:/program files (x86)/atmel/studio/7.0/toolchain/arm/arm-gnu-toolchain/bin/../lib/gcc/arm-none-eabi/4.9.3/armv6-m/crtbegin.o

.eh_frame       0x00000870        0x0
 .eh_frame      0x00000870        0x0 c:/program files (x86)/atmel/studio/7.0/toolchain/arm/arm-gnu-toolchain/bin/../lib/gcc/arm-none-eabi/4.9.3/armv6-m/crtbegin.o

.rel.dyn        0x00000870        0x0
 .rel.iplt      0x00000000        0x0 c:/program files (x86)/atmel/studio/7.0/toolchain/arm/arm-gnu-toolchain/bin/../lib/gcc/arm-none-eabi/4.9.3/armv6-m/crtbegin.o

.jcr            0x00000870        0x0
 .jcr           0x00000870        0x0 c:/program files (x86)/atmel/studio/7.0/toolchain/arm/arm-gnu-toolchain/bin/../lib/gcc/arm-none-eabi/4.9.3/armv6-m/crtbegin.o

.igot.plt       0x00000870        0x0
 .igot.plt      0x00000000        0x0 c:/program files (x86)/atmel/studio/7.0/toolchain/arm/arm-gnu-toolchain/bin/../lib/gcc/arm-none-eabi/4.9.3/armv6-m/crtbegin.o

.ARM.exidx
 *(.ARM.exidx* .gnu.linkonce.armexidx.*)
                0x00000870                PROVIDE (__exidx_end, .)
                0x00000870                . = ALIGN (0x4)
                0x00000870                _etext = .

.relocate       0x20000000      0x480 load address 0x00000870
                0x20000000                . = ALIGN (0x4)
                0x20000000                _srelocate = .
 *(.ramfunc .ramfunc.*)
 *(.data .data.*)
 .data          0x20000000       0x52 main.o
                0x20000000                aVER_Array
                0x20000051                data_8
 *fill*         0x20000052        0x6 
 .data.impure_data
                0x20000058      0x428 c:/program files (x86)/atmel/studio/7.0/toolchain/arm/arm-gnu-toolchain/bin/../lib/gcc/arm-none-eabi/4.9.3/../../../../arm-none-eabi/lib/armv6-m\libc.a(lib_a-impure.o)
                0x20000480                . = ALIGN (0x4)
                0x20000480                _erelocate = .

.bss            0x20000480       0x38 load address 0x00000cf0
                0x20000480                . = ALIGN (0x4)
                0x20000480                _sbss = .
                0x20000480                _szero = .
 *(.bss .bss.*)
 .bss           0x20000480       0x1c c:/program files (x86)/atmel/studio/7.0/toolchain/arm/arm-gnu-toolchain/bin/../lib/gcc/arm-none-eabi/4.9.3/armv6-m/crtbegin.o
 *(COMMON)
 COMMON         0x2000049c        0x1 clocks.o
                0x2000049c                manual_page_write
 *fill*         0x2000049d        0x3 
 COMMON         0x200004a0       0x18 main.o
                0x200004a0                dest_addr
                0x200004a4                i
                0x200004a8                data_from_flash
                0x200004ac                flash_ptr
                0x200004b0                flash_byte_ptr
                0x200004b4                app_start_address
                0x200004b8                . = ALIGN (0x4)
                0x200004b8                _ebss = .
                0x200004b8                _ezero = .

.stack          0x200004b8     0x2000 load address 0x00000d28
                0x200004b8                . = ALIGN (0x8)
                0x200004b8                _sstack = .
                0x200024b8                . = (. + STACK_SIZE)
 *fill*         0x200004b8     0x2000 
                0x200024b8                . = ALIGN (0x8)
                0x200024b8                _estack = .
                0x200024b8                . = ALIGN (0x4)
                0x200024b8                _end = .
OUTPUT(SamD21J18A-MNT.elf elf32-littlearm)

.ARM.attributes
                0x00000000       0x28
 .ARM.attributes
                0x00000000       0x1e c:/program files (x86)/atmel/studio/7.0/toolchain/arm/arm-gnu-toolchain/bin/../lib/gcc/arm-none-eabi/4.9.3/armv6-m/crti.o
 .ARM.attributes
                0x0000001e       0x2c c:/program files (x86)/atmel/studio/7.0/toolchain/arm/arm-gnu-toolchain/bin/../lib/gcc/arm-none-eabi/4.9.3/armv6-m/crtbegin.o
 .ARM.attributes
                0x0000004a       0x32 clocks.o
 .ARM.attributes
                0x0000007c       0x32 Device_Startup/startup_samd21.o
 .ARM.attributes
                0x000000ae       0x32 globalfunctions.o
 .ARM.attributes
                0x000000e0       0x32 main.o
 .ARM.attributes
                0x00000112       0x32 nvmctrl.o
 .ARM.attributes
                0x00000144       0x32 usart.o
 .ARM.attributes
                0x00000176       0x2c c:/program files (x86)/atmel/studio/7.0/toolchain/arm/arm-gnu-toolchain/bin/../lib/gcc/arm-none-eabi/4.9.3/../../../../arm-none-eabi/lib/armv6-m\libc.a(lib_a-impure.o)
 .ARM.attributes
                0x000001a2       0x2c c:/program files (x86)/atmel/studio/7.0/toolchain/arm/arm-gnu-toolchain/bin/../lib/gcc/arm-none-eabi/4.9.3/../../../../arm-none-eabi/lib/armv6-m\libc.a(lib_a-init.o)
 .ARM.attributes
                0x000001ce       0x2c c:/program files (x86)/atmel/studio/7.0/toolchain/arm/arm-gnu-toolchain/bin/../lib/gcc/arm-none-eabi/4.9.3/../../../../arm-none-eabi/lib/armv6-m\libc.a(lib_a-__call_atexit.o)
 .ARM.attributes
                0x000001fa       0x2c c:/program files (x86)/atmel/studio/7.0/toolchain/arm/arm-gnu-toolchain/bin/../lib/gcc/arm-none-eabi/4.9.3/../../../../arm-none-eabi/lib/armv6-m\libc.a(lib_a-atexit.o)
 .ARM.attributes
                0x00000226       0x2c c:/program files (x86)/atmel/studio/7.0/toolchain/arm/arm-gnu-toolchain/bin/../lib/gcc/arm-none-eabi/4.9.3/../../../../arm-none-eabi/lib/armv6-m\libc.a(lib_a-fini.o)
 .ARM.attributes
                0x00000252       0x2c c:/program files (x86)/atmel/studio/7.0/toolchain/arm/arm-gnu-toolchain/bin/../lib/gcc/arm-none-eabi/4.9.3/../../../../arm-none-eabi/lib/armv6-m\libc.a(lib_a-__atexit.o)
 .ARM.attributes
                0x0000027e       0x1e c:/program files (x86)/atmel/studio/7.0/toolchain/arm/arm-gnu-toolchain/bin/../lib/gcc/arm-none-eabi/4.9.3/armv6-m/crtn.o

.comment        0x00000000       0x5b
 .comment       0x00000000       0x5b clocks.o
                                 0x5c (size before relaxing)
 .comment       0x00000000       0x5c Device_Startup/startup_samd21.o
 .comment       0x00000000       0x5c globalfunctions.o
 .comment       0x00000000       0x5c main.o
 .comment       0x00000000       0x5c nvmctrl.o
 .comment       0x00000000       0x5c usart.o

.debug_info     0x00000000     0xb28c
 .debug_info    0x00000000     0x2161 clocks.o
 .debug_info    0x00002161     0x3a6f Device_Startup/startup_samd21.o
 .debug_info    0x00005bd0      0x757 globalfunctions.o
 .debug_info    0x00006327     0x293d main.o
 .debug_info    0x00008c64      0x689 nvmctrl.o
 .debug_info    0x000092ed     0x1f9f usart.o

.debug_abbrev   0x00000000      0xac4
 .debug_abbrev  0x00000000      0x150 clocks.o
 .debug_abbrev  0x00000150      0x211 Device_Startup/startup_samd21.o
 .debug_abbrev  0x00000361      0x179 globalfunctions.o
 .debug_abbrev  0x000004da      0x267 main.o
 .debug_abbrev  0x00000741      0x19e nvmctrl.o
 .debug_abbrev  0x000008df      0x1e5 usart.o

.debug_aranges  0x00000000       0xf8
 .debug_aranges
                0x00000000       0x20 clocks.o
 .debug_aranges
                0x00000020       0x28 Device_Startup/startup_samd21.o
 .debug_aranges
                0x00000048       0x20 globalfunctions.o
 .debug_aranges
                0x00000068       0x28 main.o
 .debug_aranges
                0x00000090       0x28 nvmctrl.o
 .debug_aranges
                0x000000b8       0x40 usart.o

.debug_ranges   0x00000000       0xb0
 .debug_ranges  0x00000000       0x10 clocks.o
 .debug_ranges  0x00000010       0x18 Device_Startup/startup_samd21.o
 .debug_ranges  0x00000028       0x10 globalfunctions.o
 .debug_ranges  0x00000038       0x30 main.o
 .debug_ranges  0x00000068       0x18 nvmctrl.o
 .debug_ranges  0x00000080       0x30 usart.o

.debug_macro    0x00000000    0x10bad
 .debug_macro   0x00000000      0x315 clocks.o
 .debug_macro   0x00000315      0x832 clocks.o
 .debug_macro   0x00000b47       0x22 clocks.o
 .debug_macro   0x00000b69       0x44 clocks.o
 .debug_macro   0x00000bad       0x58 clocks.o
 .debug_macro   0x00000c05       0x22 clocks.o
 .debug_macro   0x00000c27      0x1df clocks.o
 .debug_macro   0x00000e06       0x3a clocks.o
 .debug_macro   0x00000e40       0x3a clocks.o
 .debug_macro   0x00000e7a       0x1f clocks.o
 .debug_macro   0x00000e99      0x250 clocks.o
 .debug_macro   0x000010e9      0x682 clocks.o
 .debug_macro   0x0000176b      0x8bf clocks.o
 .debug_macro   0x0000202a      0x235 clocks.o
 .debug_macro   0x0000225f      0xd6a clocks.o
 .debug_macro   0x00002fc9      0x4ce clocks.o
 .debug_macro   0x00003497      0x9f8 clocks.o
 .debug_macro   0x00003e8f      0x82b clocks.o
 .debug_macro   0x000046ba      0x45f clocks.o
 .debug_macro   0x00004b19       0x5e clocks.o
 .debug_macro   0x00004b77      0x906 clocks.o
 .debug_macro   0x0000547d      0x225 clocks.o
 .debug_macro   0x000056a2      0x797 clocks.o
 .debug_macro   0x00005e39       0x5e clocks.o
 .debug_macro   0x00005e97      0x634 clocks.o
 .debug_macro   0x000064cb      0x3b6 clocks.o
 .debug_macro   0x00006881      0xc55 clocks.o
 .debug_macro   0x000074d6     0x1092 clocks.o
 .debug_macro   0x00008568      0xc4a clocks.o
 .debug_macro   0x000091b2      0x6bf clocks.o
 .debug_macro   0x00009871     0x1b4b clocks.o
 .debug_macro   0x0000b3bc     0x144a clocks.o
 .debug_macro   0x0000c806      0x34e clocks.o
 .debug_macro   0x0000cb54       0x7c clocks.o
 .debug_macro   0x0000cbd0       0xa0 clocks.o
 .debug_macro   0x0000cc70       0x4c clocks.o
 .debug_macro   0x0000ccbc       0xca clocks.o
 .debug_macro   0x0000cd86       0x94 clocks.o
 .debug_macro   0x0000ce1a       0x58 clocks.o
 .debug_macro   0x0000ce72      0x364 clocks.o
 .debug_macro   0x0000d1d6       0x82 clocks.o
 .debug_macro   0x0000d258      0x197 clocks.o
 .debug_macro   0x0000d3ef       0xb8 clocks.o
 .debug_macro   0x0000d4a7       0xa0 clocks.o
 .debug_macro   0x0000d547       0xb2 clocks.o
 .debug_macro   0x0000d5f9       0x1c clocks.o
 .debug_macro   0x0000d615       0x1c clocks.o
 .debug_macro   0x0000d631       0x1c clocks.o
 .debug_macro   0x0000d64d       0x7c clocks.o
 .debug_macro   0x0000d6c9      0x161 clocks.o
 .debug_macro   0x0000d82a       0xdc clocks.o
 .debug_macro   0x0000d906      0x12f clocks.o
 .debug_macro   0x0000da35      0x12f clocks.o
 .debug_macro   0x0000db64      0x12f clocks.o
 .debug_macro   0x0000dc93      0x12f clocks.o
 .debug_macro   0x0000ddc2      0x11e clocks.o
 .debug_macro   0x0000dee0       0xe2 clocks.o
 .debug_macro   0x0000dfc2       0xe2 clocks.o
 .debug_macro   0x0000e0a4       0xe2 clocks.o
 .debug_macro   0x0000e186      0x12c clocks.o
 .debug_macro   0x0000e2b2      0x100 clocks.o
 .debug_macro   0x0000e3b2       0xf4 clocks.o
 .debug_macro   0x0000e4a6      0x40f clocks.o
 .debug_macro   0x0000e8b5       0x40 clocks.o
 .debug_macro   0x0000e8f5      0x345 clocks.o
 .debug_macro   0x0000ec3a      0xf7a clocks.o
 .debug_macro   0x0000fbb4       0x6d clocks.o
 .debug_macro   0x0000fc21       0xd6 clocks.o
 .debug_macro   0x0000fcf7      0x2c2 Device_Startup/startup_samd21.o
 .debug_macro   0x0000ffb9      0x2fd globalfunctions.o
 .debug_macro   0x000102b6      0x2fd main.o
 .debug_macro   0x000105b3      0x2fd nvmctrl.o
 .debug_macro   0x000108b0      0x2fd usart.o

.debug_line     0x00000000     0x29c4
 .debug_line    0x00000000      0x6e6 clocks.o
 .debug_line    0x000006e6      0x6b4 Device_Startup/startup_samd21.o
 .debug_line    0x00000d9a      0x6bf globalfunctions.o
 .debug_line    0x00001459      0x73d main.o
 .debug_line    0x00001b96      0x721 nvmctrl.o
 .debug_line    0x000022b7      0x70d usart.o

.debug_str      0x00000000    0x66f34
 .debug_str     0x00000000    0x654fe clocks.o
                              0x6585d (size before relaxing)
 .debug_str     0x000654fe      0xf07 Device_Startup/startup_samd21.o
                              0x65c95 (size before relaxing)
 .debug_str     0x00066405      0x19f globalfunctions.o
                              0x6515b (size before relaxing)
 .debug_str     0x000665a4      0x324 main.o
                              0x659d0 (size before relaxing)
 .debug_str     0x000668c8       0x47 nvmctrl.o
                              0x6517e (size before relaxing)
 .debug_str     0x0006690f      0x625 usart.o
                              0x65691 (size before relaxing)

.debug_frame    0x00000000      0x2b0
 .debug_frame   0x00000000       0x20 clocks.o
 .debug_frame   0x00000020       0x3c Device_Startup/startup_samd21.o
 .debug_frame   0x0000005c       0x2c globalfunctions.o
 .debug_frame   0x00000088       0x58 main.o
 .debug_frame   0x000000e0       0x40 nvmctrl.o
 .debug_frame   0x00000120       0x80 usart.o
 .debug_frame   0x000001a0       0x2c c:/program files (x86)/atmel/studio/7.0/toolchain/arm/arm-gnu-toolchain/bin/../lib/gcc/arm-none-eabi/4.9.3/../../../../arm-none-eabi/lib/armv6-m\libc.a(lib_a-init.o)
 .debug_frame   0x000001cc       0x54 c:/program files (x86)/atmel/studio/7.0/toolchain/arm/arm-gnu-toolchain/bin/../lib/gcc/arm-none-eabi/4.9.3/../../../../arm-none-eabi/lib/armv6-m\libc.a(lib_a-__call_atexit.o)
 .debug_frame   0x00000220       0x28 c:/program files (x86)/atmel/studio/7.0/toolchain/arm/arm-gnu-toolchain/bin/../lib/gcc/arm-none-eabi/4.9.3/../../../../arm-none-eabi/lib/armv6-m\libc.a(lib_a-atexit.o)
 .debug_frame   0x00000248       0x2c c:/program files (x86)/atmel/studio/7.0/toolchain/arm/arm-gnu-toolchain/bin/../lib/gcc/arm-none-eabi/4.9.3/../../../../arm-none-eabi/lib/armv6-m\libc.a(lib_a-fini.o)
 .debug_frame   0x00000274       0x3c c:/program files (x86)/atmel/studio/7.0/toolchain/arm/arm-gnu-toolchain/bin/../lib/gcc/arm-none-eabi/4.9.3/../../../../arm-none-eabi/lib/armv6-m\libc.a(lib_a-__atexit.o)

.debug_loc      0x00000000      0x418
 .debug_loc     0x00000000       0x20 Device_Startup/startup_samd21.o
 .debug_loc     0x00000020       0xf2 globalfunctions.o
 .debug_loc     0x00000112       0xc7 main.o
 .debug_loc     0x000001d9      0x17e nvmctrl.o
 .debug_loc     0x00000357       0xc1 usart.o
