Archive member included to satisfy reference by file (symbol)

c:/program files (x86)/atmel/studio/7.0/toolchain/arm/arm-gnu-toolchain/bin/../lib/gcc/arm-none-eabi/5.3.1/armv6-m\libgcc.a(_udivsi3.o)
                              i2c.o (__aeabi_uidiv)
c:/program files (x86)/atmel/studio/7.0/toolchain/arm/arm-gnu-toolchain/bin/../lib/gcc/arm-none-eabi/5.3.1/armv6-m\libgcc.a(_dvmd_tls.o)
                              c:/program files (x86)/atmel/studio/7.0/toolchain/arm/arm-gnu-toolchain/bin/../lib/gcc/arm-none-eabi/5.3.1/armv6-m\libgcc.a(_udivsi3.o) (__aeabi_idiv0)
c:/program files (x86)/atmel/studio/7.0/toolchain/arm/arm-gnu-toolchain/bin/../lib/gcc/arm-none-eabi/5.3.1/../../../../arm-none-eabi/lib/armv6-m\libc.a(lib_a-exit.o)
                              c:/program files (x86)/atmel/studio/7.0/toolchain/arm/arm-gnu-toolchain/bin/../lib/gcc/arm-none-eabi/5.3.1/../../../../arm-none-eabi/lib/armv6-m/crt0.o (exit)
c:/program files (x86)/atmel/studio/7.0/toolchain/arm/arm-gnu-toolchain/bin/../lib/gcc/arm-none-eabi/5.3.1/../../../../arm-none-eabi/lib/armv6-m\libc.a(lib_a-impure.o)
                              c:/program files (x86)/atmel/studio/7.0/toolchain/arm/arm-gnu-toolchain/bin/../lib/gcc/arm-none-eabi/5.3.1/../../../../arm-none-eabi/lib/armv6-m\libc.a(lib_a-exit.o) (_global_impure_ptr)
c:/program files (x86)/atmel/studio/7.0/toolchain/arm/arm-gnu-toolchain/bin/../lib/gcc/arm-none-eabi/5.3.1/../../../../arm-none-eabi/lib/armv6-m\libc.a(lib_a-init.o)
                              c:/program files (x86)/atmel/studio/7.0/toolchain/arm/arm-gnu-toolchain/bin/../lib/gcc/arm-none-eabi/5.3.1/../../../../arm-none-eabi/lib/armv6-m/crt0.o (__libc_init_array)
c:/program files (x86)/atmel/studio/7.0/toolchain/arm/arm-gnu-toolchain/bin/../lib/gcc/arm-none-eabi/5.3.1/../../../../arm-none-eabi/lib/armv6-m\libc.a(lib_a-memset.o)
                              c:/program files (x86)/atmel/studio/7.0/toolchain/arm/arm-gnu-toolchain/bin/../lib/gcc/arm-none-eabi/5.3.1/../../../../arm-none-eabi/lib/armv6-m/crt0.o (memset)
c:/program files (x86)/atmel/studio/7.0/toolchain/arm/arm-gnu-toolchain/bin/../lib/gcc/arm-none-eabi/5.3.1/../../../../arm-none-eabi/lib/armv6-m\libc.a(lib_a-__call_atexit.o)
                              c:/program files (x86)/atmel/studio/7.0/toolchain/arm/arm-gnu-toolchain/bin/../lib/gcc/arm-none-eabi/5.3.1/../../../../arm-none-eabi/lib/armv6-m\libc.a(lib_a-exit.o) (__call_exitprocs)
c:/program files (x86)/atmel/studio/7.0/toolchain/arm/arm-gnu-toolchain/bin/../lib/gcc/arm-none-eabi/5.3.1/../../../../arm-none-eabi/lib/armv6-m\libc.a(lib_a-atexit.o)
                              c:/program files (x86)/atmel/studio/7.0/toolchain/arm/arm-gnu-toolchain/bin/../lib/gcc/arm-none-eabi/5.3.1/../../../../arm-none-eabi/lib/armv6-m\libc.a(lib_a-__call_atexit.o) (atexit)
c:/program files (x86)/atmel/studio/7.0/toolchain/arm/arm-gnu-toolchain/bin/../lib/gcc/arm-none-eabi/5.3.1/../../../../arm-none-eabi/lib/armv6-m\libc.a(lib_a-fini.o)
                              c:/program files (x86)/atmel/studio/7.0/toolchain/arm/arm-gnu-toolchain/bin/../lib/gcc/arm-none-eabi/5.3.1/../../../../arm-none-eabi/lib/armv6-m\libc.a(lib_a-__call_atexit.o) (__libc_fini_array)
c:/program files (x86)/atmel/studio/7.0/toolchain/arm/arm-gnu-toolchain/bin/../lib/gcc/arm-none-eabi/5.3.1/../../../../arm-none-eabi/lib/armv6-m\libc.a(lib_a-__atexit.o)
                              c:/program files (x86)/atmel/studio/7.0/toolchain/arm/arm-gnu-toolchain/bin/../lib/gcc/arm-none-eabi/5.3.1/../../../../arm-none-eabi/lib/armv6-m\libc.a(lib_a-atexit.o) (__register_exitproc)

Allocating common symbols
Common symbol       size              file

dest_addr           0x4               main.o
i                   0x4               main.o
data_from_flash     0x1               main.o
flash_ptr           0x4               main.o
manual_page_write   0x1               clocks.o
flash_byte_ptr      0x4               main.o
app_start_address   0x4               main.o

Discarded input sections

 .text          0x00000000        0x0 c:/program files (x86)/atmel/studio/7.0/toolchain/arm/arm-gnu-toolchain/bin/../lib/gcc/arm-none-eabi/5.3.1/armv6-m/crti.o
 .data          0x00000000        0x0 c:/program files (x86)/atmel/studio/7.0/toolchain/arm/arm-gnu-toolchain/bin/../lib/gcc/arm-none-eabi/5.3.1/armv6-m/crti.o
 .bss           0x00000000        0x0 c:/program files (x86)/atmel/studio/7.0/toolchain/arm/arm-gnu-toolchain/bin/../lib/gcc/arm-none-eabi/5.3.1/armv6-m/crti.o
 .data          0x00000000        0x4 c:/program files (x86)/atmel/studio/7.0/toolchain/arm/arm-gnu-toolchain/bin/../lib/gcc/arm-none-eabi/5.3.1/armv6-m/crtbegin.o
 .text          0x00000000       0x78 c:/program files (x86)/atmel/studio/7.0/toolchain/arm/arm-gnu-toolchain/bin/../lib/gcc/arm-none-eabi/5.3.1/../../../../arm-none-eabi/lib/armv6-m/crt0.o
 .data          0x00000000        0x0 c:/program files (x86)/atmel/studio/7.0/toolchain/arm/arm-gnu-toolchain/bin/../lib/gcc/arm-none-eabi/5.3.1/../../../../arm-none-eabi/lib/armv6-m/crt0.o
 .bss           0x00000000        0x0 c:/program files (x86)/atmel/studio/7.0/toolchain/arm/arm-gnu-toolchain/bin/../lib/gcc/arm-none-eabi/5.3.1/../../../../arm-none-eabi/lib/armv6-m/crt0.o
 .ARM.extab     0x00000000        0x0 c:/program files (x86)/atmel/studio/7.0/toolchain/arm/arm-gnu-toolchain/bin/../lib/gcc/arm-none-eabi/5.3.1/../../../../arm-none-eabi/lib/armv6-m/crt0.o
 .ARM.exidx     0x00000000        0x8 c:/program files (x86)/atmel/studio/7.0/toolchain/arm/arm-gnu-toolchain/bin/../lib/gcc/arm-none-eabi/5.3.1/../../../../arm-none-eabi/lib/armv6-m/crt0.o
 .ARM.attributes
                0x00000000       0x1b c:/program files (x86)/atmel/studio/7.0/toolchain/arm/arm-gnu-toolchain/bin/../lib/gcc/arm-none-eabi/5.3.1/../../../../arm-none-eabi/lib/armv6-m/crt0.o
 .group         0x00000000        0x8 clocks.o
 .group         0x00000000        0x8 clocks.o
 .group         0x00000000        0x8 clocks.o
 .group         0x00000000        0x8 clocks.o
 .group         0x00000000        0x8 clocks.o
 .group         0x00000000        0x8 clocks.o
 .group         0x00000000        0x8 clocks.o
 .group         0x00000000        0x8 clocks.o
 .group         0x00000000        0x8 clocks.o
 .group         0x00000000        0x8 clocks.o
 .group         0x00000000        0x8 clocks.o
 .group         0x00000000        0x8 clocks.o
 .group         0x00000000        0x8 clocks.o
 .group         0x00000000        0x8 clocks.o
 .group         0x00000000        0x8 clocks.o
 .group         0x00000000        0x8 clocks.o
 .group         0x00000000        0x8 clocks.o
 .group         0x00000000        0x8 clocks.o
 .group         0x00000000        0x8 clocks.o
 .group         0x00000000        0x8 clocks.o
 .group         0x00000000        0x8 clocks.o
 .group         0x00000000        0x8 clocks.o
 .group         0x00000000        0x8 clocks.o
 .group         0x00000000        0x8 clocks.o
 .group         0x00000000        0x8 clocks.o
 .group         0x00000000        0x8 clocks.o
 .group         0x00000000        0x8 clocks.o
 .group         0x00000000        0x8 clocks.o
 .group         0x00000000        0x8 clocks.o
 .group         0x00000000        0x8 clocks.o
 .group         0x00000000        0x8 clocks.o
 .group         0x00000000        0x8 clocks.o
 .group         0x00000000        0x8 clocks.o
 .group         0x00000000        0x8 clocks.o
 .group         0x00000000        0x8 clocks.o
 .group         0x00000000        0x8 clocks.o
 .group         0x00000000        0x8 clocks.o
 .group         0x00000000        0x8 clocks.o
 .group         0x00000000        0x8 clocks.o
 .group         0x00000000        0x8 clocks.o
 .group         0x00000000        0x8 clocks.o
 .group         0x00000000        0x8 clocks.o
 .group         0x00000000        0x8 clocks.o
 .group         0x00000000        0x8 clocks.o
 .group         0x00000000        0x8 clocks.o
 .group         0x00000000        0x8 clocks.o
 .group         0x00000000        0x8 clocks.o
 .group         0x00000000        0x8 clocks.o
 .group         0x00000000        0x8 clocks.o
 .group         0x00000000        0x8 clocks.o
 .group         0x00000000        0x8 clocks.o
 .group         0x00000000        0x8 clocks.o
 .group         0x00000000        0x8 clocks.o
 .group         0x00000000        0x8 clocks.o
 .group         0x00000000        0x8 clocks.o
 .group         0x00000000        0x8 clocks.o
 .group         0x00000000        0x8 clocks.o
 .group         0x00000000        0x8 clocks.o
 .group         0x00000000        0x8 clocks.o
 .group         0x00000000        0x8 clocks.o
 .group         0x00000000        0x8 clocks.o
 .group         0x00000000        0x8 clocks.o
 .group         0x00000000        0x8 clocks.o
 .group         0x00000000        0x8 clocks.o
 .group         0x00000000        0x8 clocks.o
 .group         0x00000000        0x8 clocks.o
 .group         0x00000000        0x8 clocks.o
 .group         0x00000000        0x8 clocks.o
 .group         0x00000000        0x8 clocks.o
 .text          0x00000000        0x0 clocks.o
 .data          0x00000000        0x0 clocks.o
 .bss           0x00000000        0x0 clocks.o
 .group         0x00000000        0x8 Device_Startup/startup_samd21.o
 .group         0x00000000        0x8 Device_Startup/startup_samd21.o
 .group         0x00000000        0x8 Device_Startup/startup_samd21.o
 .group         0x00000000        0x8 Device_Startup/startup_samd21.o
 .group         0x00000000        0x8 Device_Startup/startup_samd21.o
 .group         0x00000000        0x8 Device_Startup/startup_samd21.o
 .group         0x00000000        0x8 Device_Startup/startup_samd21.o
 .group         0x00000000        0x8 Device_Startup/startup_samd21.o
 .group         0x00000000        0x8 Device_Startup/startup_samd21.o
 .group         0x00000000        0x8 Device_Startup/startup_samd21.o
 .group         0x00000000        0x8 Device_Startup/startup_samd21.o
 .group         0x00000000        0x8 Device_Startup/startup_samd21.o
 .group         0x00000000        0x8 Device_Startup/startup_samd21.o
 .group         0x00000000        0x8 Device_Startup/startup_samd21.o
 .group         0x00000000        0x8 Device_Startup/startup_samd21.o
 .group         0x00000000        0x8 Device_Startup/startup_samd21.o
 .group         0x00000000        0x8 Device_Startup/startup_samd21.o
 .group         0x00000000        0x8 Device_Startup/startup_samd21.o
 .group         0x00000000        0x8 Device_Startup/startup_samd21.o
 .group         0x00000000        0x8 Device_Startup/startup_samd21.o
 .group         0x00000000        0x8 Device_Startup/startup_samd21.o
 .group         0x00000000        0x8 Device_Startup/startup_samd21.o
 .group         0x00000000        0x8 Device_Startup/startup_samd21.o
 .group         0x00000000        0x8 Device_Startup/startup_samd21.o
 .group         0x00000000        0x8 Device_Startup/startup_samd21.o
 .group         0x00000000        0x8 Device_Startup/startup_samd21.o
 .group         0x00000000        0x8 Device_Startup/startup_samd21.o
 .group         0x00000000        0x8 Device_Startup/startup_samd21.o
 .group         0x00000000        0x8 Device_Startup/startup_samd21.o
 .group         0x00000000        0x8 Device_Startup/startup_samd21.o
 .group         0x00000000        0x8 Device_Startup/startup_samd21.o
 .group         0x00000000        0x8 Device_Startup/startup_samd21.o
 .group         0x00000000        0x8 Device_Startup/startup_samd21.o
 .group         0x00000000        0x8 Device_Startup/startup_samd21.o
 .group         0x00000000        0x8 Device_Startup/startup_samd21.o
 .group         0x00000000        0x8 Device_Startup/startup_samd21.o
 .group         0x00000000        0x8 Device_Startup/startup_samd21.o
 .group         0x00000000        0x8 Device_Startup/startup_samd21.o
 .group         0x00000000        0x8 Device_Startup/startup_samd21.o
 .group         0x00000000        0x8 Device_Startup/startup_samd21.o
 .group         0x00000000        0x8 Device_Startup/startup_samd21.o
 .group         0x00000000        0x8 Device_Startup/startup_samd21.o
 .group         0x00000000        0x8 Device_Startup/startup_samd21.o
 .group         0x00000000        0x8 Device_Startup/startup_samd21.o
 .group         0x00000000        0x8 Device_Startup/startup_samd21.o
 .group         0x00000000        0x8 Device_Startup/startup_samd21.o
 .group         0x00000000        0x8 Device_Startup/startup_samd21.o
 .group         0x00000000        0x8 Device_Startup/startup_samd21.o
 .group         0x00000000        0x8 Device_Startup/startup_samd21.o
 .group         0x00000000        0x8 Device_Startup/startup_samd21.o
 .group         0x00000000        0x8 Device_Startup/startup_samd21.o
 .group         0x00000000        0x8 Device_Startup/startup_samd21.o
 .group         0x00000000        0x8 Device_Startup/startup_samd21.o
 .group         0x00000000        0x8 Device_Startup/startup_samd21.o
 .group         0x00000000        0x8 Device_Startup/startup_samd21.o
 .group         0x00000000        0x8 Device_Startup/startup_samd21.o
 .group         0x00000000        0x8 Device_Startup/startup_samd21.o
 .group         0x00000000        0x8 Device_Startup/startup_samd21.o
 .group         0x00000000        0x8 Device_Startup/startup_samd21.o
 .group         0x00000000        0x8 Device_Startup/startup_samd21.o
 .group         0x00000000        0x8 Device_Startup/startup_samd21.o
 .group         0x00000000        0x8 Device_Startup/startup_samd21.o
 .group         0x00000000        0x8 Device_Startup/startup_samd21.o
 .group         0x00000000        0x8 Device_Startup/startup_samd21.o
 .group         0x00000000        0x8 Device_Startup/startup_samd21.o
 .group         0x00000000        0x8 Device_Startup/startup_samd21.o
 .group         0x00000000        0x8 Device_Startup/startup_samd21.o
 .text          0x00000000        0x0 Device_Startup/startup_samd21.o
 .data          0x00000000        0x0 Device_Startup/startup_samd21.o
 .bss           0x00000000        0x0 Device_Startup/startup_samd21.o
 .debug_macro   0x00000000      0x826 Device_Startup/startup_samd21.o
 .debug_macro   0x00000000       0x22 Device_Startup/startup_samd21.o
 .debug_macro   0x00000000       0x87 Device_Startup/startup_samd21.o
 .debug_macro   0x00000000       0x44 Device_Startup/startup_samd21.o
 .debug_macro   0x00000000       0xfd Device_Startup/startup_samd21.o
 .debug_macro   0x00000000       0x22 Device_Startup/startup_samd21.o
 .debug_macro   0x00000000      0x1df Device_Startup/startup_samd21.o
 .debug_macro   0x00000000       0x3a Device_Startup/startup_samd21.o
 .debug_macro   0x00000000       0x3a Device_Startup/startup_samd21.o
 .debug_macro   0x00000000       0x1f Device_Startup/startup_samd21.o
 .debug_macro   0x00000000      0x250 Device_Startup/startup_samd21.o
 .debug_macro   0x00000000      0x682 Device_Startup/startup_samd21.o
 .debug_macro   0x00000000      0x8bf Device_Startup/startup_samd21.o
 .debug_macro   0x00000000      0x235 Device_Startup/startup_samd21.o
 .debug_macro   0x00000000      0xd6a Device_Startup/startup_samd21.o
 .debug_macro   0x00000000      0x4ce Device_Startup/startup_samd21.o
 .debug_macro   0x00000000      0x9f8 Device_Startup/startup_samd21.o
 .debug_macro   0x00000000      0x82b Device_Startup/startup_samd21.o
 .debug_macro   0x00000000      0x45f Device_Startup/startup_samd21.o
 .debug_macro   0x00000000       0x5e Device_Startup/startup_samd21.o
 .debug_macro   0x00000000      0x906 Device_Startup/startup_samd21.o
 .debug_macro   0x00000000      0x225 Device_Startup/startup_samd21.o
 .debug_macro   0x00000000      0x797 Device_Startup/startup_samd21.o
 .debug_macro   0x00000000       0x5e Device_Startup/startup_samd21.o
 .debug_macro   0x00000000      0x634 Device_Startup/startup_samd21.o
 .debug_macro   0x00000000      0x3b6 Device_Startup/startup_samd21.o
 .debug_macro   0x00000000      0xc55 Device_Startup/startup_samd21.o
 .debug_macro   0x00000000     0x1092 Device_Startup/startup_samd21.o
 .debug_macro   0x00000000      0xc4a Device_Startup/startup_samd21.o
 .debug_macro   0x00000000      0x6bf Device_Startup/startup_samd21.o
 .debug_macro   0x00000000     0x1b4b Device_Startup/startup_samd21.o
 .debug_macro   0x00000000     0x144a Device_Startup/startup_samd21.o
 .debug_macro   0x00000000      0x34e Device_Startup/startup_samd21.o
 .debug_macro   0x00000000       0x7c Device_Startup/startup_samd21.o
 .debug_macro   0x00000000       0xa0 Device_Startup/startup_samd21.o
 .debug_macro   0x00000000       0x4c Device_Startup/startup_samd21.o
 .debug_macro   0x00000000       0xca Device_Startup/startup_samd21.o
 .debug_macro   0x00000000       0x94 Device_Startup/startup_samd21.o
 .debug_macro   0x00000000       0x58 Device_Startup/startup_samd21.o
 .debug_macro   0x00000000      0x364 Device_Startup/startup_samd21.o
 .debug_macro   0x00000000       0x82 Device_Startup/startup_samd21.o
 .debug_macro   0x00000000      0x197 Device_Startup/startup_samd21.o
 .debug_macro   0x00000000       0xb8 Device_Startup/startup_samd21.o
 .debug_macro   0x00000000       0xa0 Device_Startup/startup_samd21.o
 .debug_macro   0x00000000       0xb2 Device_Startup/startup_samd21.o
 .debug_macro   0x00000000       0x1c Device_Startup/startup_samd21.o
 .debug_macro   0x00000000       0x1c Device_Startup/startup_samd21.o
 .debug_macro   0x00000000       0x1c Device_Startup/startup_samd21.o
 .debug_macro   0x00000000       0x7c Device_Startup/startup_samd21.o
 .debug_macro   0x00000000      0x161 Device_Startup/startup_samd21.o
 .debug_macro   0x00000000       0xdc Device_Startup/startup_samd21.o
 .debug_macro   0x00000000      0x12f Device_Startup/startup_samd21.o
 .debug_macro   0x00000000      0x12f Device_Startup/startup_samd21.o
 .debug_macro   0x00000000      0x12f Device_Startup/startup_samd21.o
 .debug_macro   0x00000000      0x12f Device_Startup/startup_samd21.o
 .debug_macro   0x00000000      0x11e Device_Startup/startup_samd21.o
 .debug_macro   0x00000000       0xe2 Device_Startup/startup_samd21.o
 .debug_macro   0x00000000       0xe2 Device_Startup/startup_samd21.o
 .debug_macro   0x00000000       0xe2 Device_Startup/startup_samd21.o
 .debug_macro   0x00000000      0x12c Device_Startup/startup_samd21.o
 .debug_macro   0x00000000      0x100 Device_Startup/startup_samd21.o
 .debug_macro   0x00000000       0xf4 Device_Startup/startup_samd21.o
 .debug_macro   0x00000000      0x40f Device_Startup/startup_samd21.o
 .debug_macro   0x00000000       0x40 Device_Startup/startup_samd21.o
 .debug_macro   0x00000000      0x345 Device_Startup/startup_samd21.o
 .debug_macro   0x00000000      0xf7a Device_Startup/startup_samd21.o
 .debug_macro   0x00000000       0x6d Device_Startup/startup_samd21.o
 .group         0x00000000        0x8 Device_Startup/system_samd21.o
 .group         0x00000000        0x8 Device_Startup/system_samd21.o
 .group         0x00000000        0x8 Device_Startup/system_samd21.o
 .group         0x00000000        0x8 Device_Startup/system_samd21.o
 .group         0x00000000        0x8 Device_Startup/system_samd21.o
 .group         0x00000000        0x8 Device_Startup/system_samd21.o
 .group         0x00000000        0x8 Device_Startup/system_samd21.o
 .group         0x00000000        0x8 Device_Startup/system_samd21.o
 .group         0x00000000        0x8 Device_Startup/system_samd21.o
 .group         0x00000000        0x8 Device_Startup/system_samd21.o
 .group         0x00000000        0x8 Device_Startup/system_samd21.o
 .group         0x00000000        0x8 Device_Startup/system_samd21.o
 .group         0x00000000        0x8 Device_Startup/system_samd21.o
 .group         0x00000000        0x8 Device_Startup/system_samd21.o
 .group         0x00000000        0x8 Device_Startup/system_samd21.o
 .group         0x00000000        0x8 Device_Startup/system_samd21.o
 .group         0x00000000        0x8 Device_Startup/system_samd21.o
 .group         0x00000000        0x8 Device_Startup/system_samd21.o
 .group         0x00000000        0x8 Device_Startup/system_samd21.o
 .group         0x00000000        0x8 Device_Startup/system_samd21.o
 .group         0x00000000        0x8 Device_Startup/system_samd21.o
 .group         0x00000000        0x8 Device_Startup/system_samd21.o
 .group         0x00000000        0x8 Device_Startup/system_samd21.o
 .group         0x00000000        0x8 Device_Startup/system_samd21.o
 .group         0x00000000        0x8 Device_Startup/system_samd21.o
 .group         0x00000000        0x8 Device_Startup/system_samd21.o
 .group         0x00000000        0x8 Device_Startup/system_samd21.o
 .group         0x00000000        0x8 Device_Startup/system_samd21.o
 .group         0x00000000        0x8 Device_Startup/system_samd21.o
 .group         0x00000000        0x8 Device_Startup/system_samd21.o
 .group         0x00000000        0x8 Device_Startup/system_samd21.o
 .group         0x00000000        0x8 Device_Startup/system_samd21.o
 .group         0x00000000        0x8 Device_Startup/system_samd21.o
 .group         0x00000000        0x8 Device_Startup/system_samd21.o
 .group         0x00000000        0x8 Device_Startup/system_samd21.o
 .group         0x00000000        0x8 Device_Startup/system_samd21.o
 .group         0x00000000        0x8 Device_Startup/system_samd21.o
 .group         0x00000000        0x8 Device_Startup/system_samd21.o
 .group         0x00000000        0x8 Device_Startup/system_samd21.o
 .group         0x00000000        0x8 Device_Startup/system_samd21.o
 .group         0x00000000        0x8 Device_Startup/system_samd21.o
 .group         0x00000000        0x8 Device_Startup/system_samd21.o
 .group         0x00000000        0x8 Device_Startup/system_samd21.o
 .group         0x00000000        0x8 Device_Startup/system_samd21.o
 .group         0x00000000        0x8 Device_Startup/system_samd21.o
 .group         0x00000000        0x8 Device_Startup/system_samd21.o
 .group         0x00000000        0x8 Device_Startup/system_samd21.o
 .group         0x00000000        0x8 Device_Startup/system_samd21.o
 .group         0x00000000        0x8 Device_Startup/system_samd21.o
 .group         0x00000000        0x8 Device_Startup/system_samd21.o
 .group         0x00000000        0x8 Device_Startup/system_samd21.o
 .group         0x00000000        0x8 Device_Startup/system_samd21.o
 .group         0x00000000        0x8 Device_Startup/system_samd21.o
 .group         0x00000000        0x8 Device_Startup/system_samd21.o
 .group         0x00000000        0x8 Device_Startup/system_samd21.o
 .group         0x00000000        0x8 Device_Startup/system_samd21.o
 .group         0x00000000        0x8 Device_Startup/system_samd21.o
 .group         0x00000000        0x8 Device_Startup/system_samd21.o
 .group         0x00000000        0x8 Device_Startup/system_samd21.o
 .group         0x00000000        0x8 Device_Startup/system_samd21.o
 .group         0x00000000        0x8 Device_Startup/system_samd21.o
 .group         0x00000000        0x8 Device_Startup/system_samd21.o
 .group         0x00000000        0x8 Device_Startup/system_samd21.o
 .group         0x00000000        0x8 Device_Startup/system_samd21.o
 .group         0x00000000        0x8 Device_Startup/system_samd21.o
 .group         0x00000000        0x8 Device_Startup/system_samd21.o
 .group         0x00000000        0x8 Device_Startup/system_samd21.o
 .text          0x00000000        0x0 Device_Startup/system_samd21.o
 .bss           0x00000000        0x0 Device_Startup/system_samd21.o
 .text.SystemInit
                0x00000000       0x10 Device_Startup/system_samd21.o
 .text.SystemCoreClockUpdate
                0x00000000       0x10 Device_Startup/system_samd21.o
 .debug_macro   0x00000000      0x826 Device_Startup/system_samd21.o
 .debug_macro   0x00000000       0x22 Device_Startup/system_samd21.o
 .debug_macro   0x00000000       0x87 Device_Startup/system_samd21.o
 .debug_macro   0x00000000       0x44 Device_Startup/system_samd21.o
 .debug_macro   0x00000000       0xfd Device_Startup/system_samd21.o
 .debug_macro   0x00000000       0x22 Device_Startup/system_samd21.o
 .debug_macro   0x00000000      0x1df Device_Startup/system_samd21.o
 .debug_macro   0x00000000       0x3a Device_Startup/system_samd21.o
 .debug_macro   0x00000000       0x3a Device_Startup/system_samd21.o
 .debug_macro   0x00000000       0x1f Device_Startup/system_samd21.o
 .debug_macro   0x00000000      0x250 Device_Startup/system_samd21.o
 .debug_macro   0x00000000      0x682 Device_Startup/system_samd21.o
 .debug_macro   0x00000000      0x8bf Device_Startup/system_samd21.o
 .debug_macro   0x00000000      0x235 Device_Startup/system_samd21.o
 .debug_macro   0x00000000      0xd6a Device_Startup/system_samd21.o
 .debug_macro   0x00000000      0x4ce Device_Startup/system_samd21.o
 .debug_macro   0x00000000      0x9f8 Device_Startup/system_samd21.o
 .debug_macro   0x00000000      0x82b Device_Startup/system_samd21.o
 .debug_macro   0x00000000      0x45f Device_Startup/system_samd21.o
 .debug_macro   0x00000000       0x5e Device_Startup/system_samd21.o
 .debug_macro   0x00000000      0x906 Device_Startup/system_samd21.o
 .debug_macro   0x00000000      0x225 Device_Startup/system_samd21.o
 .debug_macro   0x00000000      0x797 Device_Startup/system_samd21.o
 .debug_macro   0x00000000       0x5e Device_Startup/system_samd21.o
 .debug_macro   0x00000000      0x634 Device_Startup/system_samd21.o
 .debug_macro   0x00000000      0x3b6 Device_Startup/system_samd21.o
 .debug_macro   0x00000000      0xc55 Device_Startup/system_samd21.o
 .debug_macro   0x00000000     0x1092 Device_Startup/system_samd21.o
 .debug_macro   0x00000000      0xc4a Device_Startup/system_samd21.o
 .debug_macro   0x00000000      0x6bf Device_Startup/system_samd21.o
 .debug_macro   0x00000000     0x1b4b Device_Startup/system_samd21.o
 .debug_macro   0x00000000     0x144a Device_Startup/system_samd21.o
 .debug_macro   0x00000000      0x34e Device_Startup/system_samd21.o
 .debug_macro   0x00000000       0x7c Device_Startup/system_samd21.o
 .debug_macro   0x00000000       0xa0 Device_Startup/system_samd21.o
 .debug_macro   0x00000000       0x4c Device_Startup/system_samd21.o
 .debug_macro   0x00000000       0xca Device_Startup/system_samd21.o
 .debug_macro   0x00000000       0x94 Device_Startup/system_samd21.o
 .debug_macro   0x00000000       0x58 Device_Startup/system_samd21.o
 .debug_macro   0x00000000      0x364 Device_Startup/system_samd21.o
 .debug_macro   0x00000000       0x82 Device_Startup/system_samd21.o
 .debug_macro   0x00000000      0x197 Device_Startup/system_samd21.o
 .debug_macro   0x00000000       0xb8 Device_Startup/system_samd21.o
 .debug_macro   0x00000000       0xa0 Device_Startup/system_samd21.o
 .debug_macro   0x00000000       0xb2 Device_Startup/system_samd21.o
 .debug_macro   0x00000000       0x1c Device_Startup/system_samd21.o
 .debug_macro   0x00000000       0x1c Device_Startup/system_samd21.o
 .debug_macro   0x00000000       0x1c Device_Startup/system_samd21.o
 .debug_macro   0x00000000       0x7c Device_Startup/system_samd21.o
 .debug_macro   0x00000000      0x161 Device_Startup/system_samd21.o
 .debug_macro   0x00000000       0xdc Device_Startup/system_samd21.o
 .debug_macro   0x00000000      0x12f Device_Startup/system_samd21.o
 .debug_macro   0x00000000      0x12f Device_Startup/system_samd21.o
 .debug_macro   0x00000000      0x12f Device_Startup/system_samd21.o
 .debug_macro   0x00000000      0x12f Device_Startup/system_samd21.o
 .debug_macro   0x00000000      0x11e Device_Startup/system_samd21.o
 .debug_macro   0x00000000       0xe2 Device_Startup/system_samd21.o
 .debug_macro   0x00000000       0xe2 Device_Startup/system_samd21.o
 .debug_macro   0x00000000       0xe2 Device_Startup/system_samd21.o
 .debug_macro   0x00000000      0x12c Device_Startup/system_samd21.o
 .debug_macro   0x00000000      0x100 Device_Startup/system_samd21.o
 .debug_macro   0x00000000       0xf4 Device_Startup/system_samd21.o
 .debug_macro   0x00000000      0x40f Device_Startup/system_samd21.o
 .debug_macro   0x00000000       0x40 Device_Startup/system_samd21.o
 .debug_macro   0x00000000      0x345 Device_Startup/system_samd21.o
 .debug_macro   0x00000000      0xf7a Device_Startup/system_samd21.o
 .debug_macro   0x00000000       0x6d Device_Startup/system_samd21.o
 .group         0x00000000        0x8 globalfunctions.o
 .group         0x00000000        0x8 globalfunctions.o
 .group         0x00000000        0x8 globalfunctions.o
 .group         0x00000000        0x8 globalfunctions.o
 .group         0x00000000        0x8 globalfunctions.o
 .group         0x00000000        0x8 globalfunctions.o
 .group         0x00000000        0x8 globalfunctions.o
 .group         0x00000000        0x8 globalfunctions.o
 .group         0x00000000        0x8 globalfunctions.o
 .group         0x00000000        0x8 globalfunctions.o
 .group         0x00000000        0x8 globalfunctions.o
 .group         0x00000000        0x8 globalfunctions.o
 .group         0x00000000        0x8 globalfunctions.o
 .group         0x00000000        0x8 globalfunctions.o
 .group         0x00000000        0x8 globalfunctions.o
 .group         0x00000000        0x8 globalfunctions.o
 .group         0x00000000        0x8 globalfunctions.o
 .group         0x00000000        0x8 globalfunctions.o
 .group         0x00000000        0x8 globalfunctions.o
 .group         0x00000000        0x8 globalfunctions.o
 .group         0x00000000        0x8 globalfunctions.o
 .group         0x00000000        0x8 globalfunctions.o
 .group         0x00000000        0x8 globalfunctions.o
 .group         0x00000000        0x8 globalfunctions.o
 .group         0x00000000        0x8 globalfunctions.o
 .group         0x00000000        0x8 globalfunctions.o
 .group         0x00000000        0x8 globalfunctions.o
 .group         0x00000000        0x8 globalfunctions.o
 .group         0x00000000        0x8 globalfunctions.o
 .group         0x00000000        0x8 globalfunctions.o
 .group         0x00000000        0x8 globalfunctions.o
 .group         0x00000000        0x8 globalfunctions.o
 .group         0x00000000        0x8 globalfunctions.o
 .group         0x00000000        0x8 globalfunctions.o
 .group         0x00000000        0x8 globalfunctions.o
 .group         0x00000000        0x8 globalfunctions.o
 .group         0x00000000        0x8 globalfunctions.o
 .group         0x00000000        0x8 globalfunctions.o
 .group         0x00000000        0x8 globalfunctions.o
 .group         0x00000000        0x8 globalfunctions.o
 .group         0x00000000        0x8 globalfunctions.o
 .group         0x00000000        0x8 globalfunctions.o
 .group         0x00000000        0x8 globalfunctions.o
 .group         0x00000000        0x8 globalfunctions.o
 .group         0x00000000        0x8 globalfunctions.o
 .group         0x00000000        0x8 globalfunctions.o
 .group         0x00000000        0x8 globalfunctions.o
 .group         0x00000000        0x8 globalfunctions.o
 .group         0x00000000        0x8 globalfunctions.o
 .group         0x00000000        0x8 globalfunctions.o
 .group         0x00000000        0x8 globalfunctions.o
 .group         0x00000000        0x8 globalfunctions.o
 .group         0x00000000        0x8 globalfunctions.o
 .group         0x00000000        0x8 globalfunctions.o
 .group         0x00000000        0x8 globalfunctions.o
 .group         0x00000000        0x8 globalfunctions.o
 .group         0x00000000        0x8 globalfunctions.o
 .group         0x00000000        0x8 globalfunctions.o
 .group         0x00000000        0x8 globalfunctions.o
 .group         0x00000000        0x8 globalfunctions.o
 .group         0x00000000        0x8 globalfunctions.o
 .group         0x00000000        0x8 globalfunctions.o
 .group         0x00000000        0x8 globalfunctions.o
 .group         0x00000000        0x8 globalfunctions.o
 .group         0x00000000        0x8 globalfunctions.o
 .group         0x00000000        0x8 globalfunctions.o
 .group         0x00000000        0x8 globalfunctions.o
 .group         0x00000000        0x8 globalfunctions.o
 .group         0x00000000        0x8 globalfunctions.o
 .text          0x00000000        0x0 globalfunctions.o
 .data          0x00000000        0x0 globalfunctions.o
 .bss           0x00000000        0x0 globalfunctions.o
 .debug_macro   0x00000000      0x826 globalfunctions.o
 .debug_macro   0x00000000       0x22 globalfunctions.o
 .debug_macro   0x00000000       0x87 globalfunctions.o
 .debug_macro   0x00000000       0x44 globalfunctions.o
 .debug_macro   0x00000000       0xfd globalfunctions.o
 .debug_macro   0x00000000       0x22 globalfunctions.o
 .debug_macro   0x00000000      0x1df globalfunctions.o
 .debug_macro   0x00000000       0x3a globalfunctions.o
 .debug_macro   0x00000000       0x3a globalfunctions.o
 .debug_macro   0x00000000       0x1f globalfunctions.o
 .debug_macro   0x00000000      0x250 globalfunctions.o
 .debug_macro   0x00000000      0x682 globalfunctions.o
 .debug_macro   0x00000000      0x8bf globalfunctions.o
 .debug_macro   0x00000000      0x235 globalfunctions.o
 .debug_macro   0x00000000      0xd6a globalfunctions.o
 .debug_macro   0x00000000      0x4ce globalfunctions.o
 .debug_macro   0x00000000      0x9f8 globalfunctions.o
 .debug_macro   0x00000000      0x82b globalfunctions.o
 .debug_macro   0x00000000      0x45f globalfunctions.o
 .debug_macro   0x00000000       0x5e globalfunctions.o
 .debug_macro   0x00000000      0x906 globalfunctions.o
 .debug_macro   0x00000000      0x225 globalfunctions.o
 .debug_macro   0x00000000      0x797 globalfunctions.o
 .debug_macro   0x00000000       0x5e globalfunctions.o
 .debug_macro   0x00000000      0x634 globalfunctions.o
 .debug_macro   0x00000000      0x3b6 globalfunctions.o
 .debug_macro   0x00000000      0xc55 globalfunctions.o
 .debug_macro   0x00000000     0x1092 globalfunctions.o
 .debug_macro   0x00000000      0xc4a globalfunctions.o
 .debug_macro   0x00000000      0x6bf globalfunctions.o
 .debug_macro   0x00000000     0x1b4b globalfunctions.o
 .debug_macro   0x00000000     0x144a globalfunctions.o
 .debug_macro   0x00000000      0x34e globalfunctions.o
 .debug_macro   0x00000000       0x7c globalfunctions.o
 .debug_macro   0x00000000       0xa0 globalfunctions.o
 .debug_macro   0x00000000       0x4c globalfunctions.o
 .debug_macro   0x00000000       0xca globalfunctions.o
 .debug_macro   0x00000000       0x94 globalfunctions.o
 .debug_macro   0x00000000       0x58 globalfunctions.o
 .debug_macro   0x00000000      0x364 globalfunctions.o
 .debug_macro   0x00000000       0x82 globalfunctions.o
 .debug_macro   0x00000000      0x197 globalfunctions.o
 .debug_macro   0x00000000       0xb8 globalfunctions.o
 .debug_macro   0x00000000       0xa0 globalfunctions.o
 .debug_macro   0x00000000       0xb2 globalfunctions.o
 .debug_macro   0x00000000       0x1c globalfunctions.o
 .debug_macro   0x00000000       0x1c globalfunctions.o
 .debug_macro   0x00000000       0x1c globalfunctions.o
 .debug_macro   0x00000000       0x7c globalfunctions.o
 .debug_macro   0x00000000      0x161 globalfunctions.o
 .debug_macro   0x00000000       0xdc globalfunctions.o
 .debug_macro   0x00000000      0x12f globalfunctions.o
 .debug_macro   0x00000000      0x12f globalfunctions.o
 .debug_macro   0x00000000      0x12f globalfunctions.o
 .debug_macro   0x00000000      0x12f globalfunctions.o
 .debug_macro   0x00000000      0x11e globalfunctions.o
 .debug_macro   0x00000000       0xe2 globalfunctions.o
 .debug_macro   0x00000000       0xe2 globalfunctions.o
 .debug_macro   0x00000000       0xe2 globalfunctions.o
 .debug_macro   0x00000000      0x12c globalfunctions.o
 .debug_macro   0x00000000      0x100 globalfunctions.o
 .debug_macro   0x00000000       0xf4 globalfunctions.o
 .debug_macro   0x00000000      0x40f globalfunctions.o
 .debug_macro   0x00000000       0x40 globalfunctions.o
 .debug_macro   0x00000000      0x345 globalfunctions.o
 .debug_macro   0x00000000      0xf7a globalfunctions.o
 .debug_macro   0x00000000       0x6d globalfunctions.o
 .debug_macro   0x00000000       0xe8 globalfunctions.o
 .debug_macro   0x00000000       0x40 globalfunctions.o
 .group         0x00000000        0x8 i2c.o
 .group         0x00000000        0x8 i2c.o
 .group         0x00000000        0x8 i2c.o
 .group         0x00000000        0x8 i2c.o
 .group         0x00000000        0x8 i2c.o
 .group         0x00000000        0x8 i2c.o
 .group         0x00000000        0x8 i2c.o
 .group         0x00000000        0x8 i2c.o
 .group         0x00000000        0x8 i2c.o
 .group         0x00000000        0x8 i2c.o
 .group         0x00000000        0x8 i2c.o
 .group         0x00000000        0x8 i2c.o
 .group         0x00000000        0x8 i2c.o
 .group         0x00000000        0x8 i2c.o
 .group         0x00000000        0x8 i2c.o
 .group         0x00000000        0x8 i2c.o
 .group         0x00000000        0x8 i2c.o
 .group         0x00000000        0x8 i2c.o
 .group         0x00000000        0x8 i2c.o
 .group         0x00000000        0x8 i2c.o
 .group         0x00000000        0x8 i2c.o
 .group         0x00000000        0x8 i2c.o
 .group         0x00000000        0x8 i2c.o
 .group         0x00000000        0x8 i2c.o
 .group         0x00000000        0x8 i2c.o
 .group         0x00000000        0x8 i2c.o
 .group         0x00000000        0x8 i2c.o
 .group         0x00000000        0x8 i2c.o
 .group         0x00000000        0x8 i2c.o
 .group         0x00000000        0x8 i2c.o
 .group         0x00000000        0x8 i2c.o
 .group         0x00000000        0x8 i2c.o
 .group         0x00000000        0x8 i2c.o
 .group         0x00000000        0x8 i2c.o
 .group         0x00000000        0x8 i2c.o
 .group         0x00000000        0x8 i2c.o
 .group         0x00000000        0x8 i2c.o
 .group         0x00000000        0x8 i2c.o
 .group         0x00000000        0x8 i2c.o
 .group         0x00000000        0x8 i2c.o
 .group         0x00000000        0x8 i2c.o
 .group         0x00000000        0x8 i2c.o
 .group         0x00000000        0x8 i2c.o
 .group         0x00000000        0x8 i2c.o
 .group         0x00000000        0x8 i2c.o
 .group         0x00000000        0x8 i2c.o
 .group         0x00000000        0x8 i2c.o
 .group         0x00000000        0x8 i2c.o
 .group         0x00000000        0x8 i2c.o
 .group         0x00000000        0x8 i2c.o
 .group         0x00000000        0x8 i2c.o
 .group         0x00000000        0x8 i2c.o
 .group         0x00000000        0x8 i2c.o
 .group         0x00000000        0x8 i2c.o
 .group         0x00000000        0x8 i2c.o
 .group         0x00000000        0x8 i2c.o
 .group         0x00000000        0x8 i2c.o
 .group         0x00000000        0x8 i2c.o
 .group         0x00000000        0x8 i2c.o
 .group         0x00000000        0x8 i2c.o
 .group         0x00000000        0x8 i2c.o
 .group         0x00000000        0x8 i2c.o
 .group         0x00000000        0x8 i2c.o
 .group         0x00000000        0x8 i2c.o
 .group         0x00000000        0x8 i2c.o
 .group         0x00000000        0x8 i2c.o
 .group         0x00000000        0x8 i2c.o
 .group         0x00000000        0x8 i2c.o
 .group         0x00000000        0x8 i2c.o
 .text          0x00000000        0x0 i2c.o
 .data          0x00000000        0x0 i2c.o
 .bss           0x00000000        0x0 i2c.o
 .text.i2c_endTransmition
                0x00000000       0x14 i2c.o
 .text.i2c_read_byte
                0x00000000       0x68 i2c.o
 .text.i2c_write_byte
                0x00000000       0x70 i2c.o
 .text.enableWire
                0x00000000       0x2c i2c.o
 .debug_macro   0x00000000      0x826 i2c.o
 .debug_macro   0x00000000       0x22 i2c.o
 .debug_macro   0x00000000       0x87 i2c.o
 .debug_macro   0x00000000       0x44 i2c.o
 .debug_macro   0x00000000       0xfd i2c.o
 .debug_macro   0x00000000       0x22 i2c.o
 .debug_macro   0x00000000      0x1df i2c.o
 .debug_macro   0x00000000       0x3a i2c.o
 .debug_macro   0x00000000       0x3a i2c.o
 .debug_macro   0x00000000       0x1f i2c.o
 .debug_macro   0x00000000      0x250 i2c.o
 .debug_macro   0x00000000      0x682 i2c.o
 .debug_macro   0x00000000      0x8bf i2c.o
 .debug_macro   0x00000000      0x235 i2c.o
 .debug_macro   0x00000000      0xd6a i2c.o
 .debug_macro   0x00000000      0x4ce i2c.o
 .debug_macro   0x00000000      0x9f8 i2c.o
 .debug_macro   0x00000000      0x82b i2c.o
 .debug_macro   0x00000000      0x45f i2c.o
 .debug_macro   0x00000000       0x5e i2c.o
 .debug_macro   0x00000000      0x906 i2c.o
 .debug_macro   0x00000000      0x225 i2c.o
 .debug_macro   0x00000000      0x797 i2c.o
 .debug_macro   0x00000000       0x5e i2c.o
 .debug_macro   0x00000000      0x634 i2c.o
 .debug_macro   0x00000000      0x3b6 i2c.o
 .debug_macro   0x00000000      0xc55 i2c.o
 .debug_macro   0x00000000     0x1092 i2c.o
 .debug_macro   0x00000000      0xc4a i2c.o
 .debug_macro   0x00000000      0x6bf i2c.o
 .debug_macro   0x00000000     0x1b4b i2c.o
 .debug_macro   0x00000000     0x144a i2c.o
 .debug_macro   0x00000000      0x34e i2c.o
 .debug_macro   0x00000000       0x7c i2c.o
 .debug_macro   0x00000000       0xa0 i2c.o
 .debug_macro   0x00000000       0x4c i2c.o
 .debug_macro   0x00000000       0xca i2c.o
 .debug_macro   0x00000000       0x94 i2c.o
 .debug_macro   0x00000000       0x58 i2c.o
 .debug_macro   0x00000000      0x364 i2c.o
 .debug_macro   0x00000000       0x82 i2c.o
 .debug_macro   0x00000000      0x197 i2c.o
 .debug_macro   0x00000000       0xb8 i2c.o
 .debug_macro   0x00000000       0xa0 i2c.o
 .debug_macro   0x00000000       0xb2 i2c.o
 .debug_macro   0x00000000       0x1c i2c.o
 .debug_macro   0x00000000       0x1c i2c.o
 .debug_macro   0x00000000       0x1c i2c.o
 .debug_macro   0x00000000       0x7c i2c.o
 .debug_macro   0x00000000      0x161 i2c.o
 .debug_macro   0x00000000       0xdc i2c.o
 .debug_macro   0x00000000      0x12f i2c.o
 .debug_macro   0x00000000      0x12f i2c.o
 .debug_macro   0x00000000      0x12f i2c.o
 .debug_macro   0x00000000      0x12f i2c.o
 .debug_macro   0x00000000      0x11e i2c.o
 .debug_macro   0x00000000       0xe2 i2c.o
 .debug_macro   0x00000000       0xe2 i2c.o
 .debug_macro   0x00000000       0xe2 i2c.o
 .debug_macro   0x00000000      0x12c i2c.o
 .debug_macro   0x00000000      0x100 i2c.o
 .debug_macro   0x00000000       0xf4 i2c.o
 .debug_macro   0x00000000      0x40f i2c.o
 .debug_macro   0x00000000       0x40 i2c.o
 .debug_macro   0x00000000      0x345 i2c.o
 .debug_macro   0x00000000      0xf7a i2c.o
 .debug_macro   0x00000000       0x6d i2c.o
 .debug_macro   0x00000000       0xe8 i2c.o
 .debug_macro   0x00000000       0x40 i2c.o
 .group         0x00000000        0x8 main.o
 .group         0x00000000        0x8 main.o
 .group         0x00000000        0x8 main.o
 .group         0x00000000        0x8 main.o
 .group         0x00000000        0x8 main.o
 .group         0x00000000        0x8 main.o
 .group         0x00000000        0x8 main.o
 .group         0x00000000        0x8 main.o
 .group         0x00000000        0x8 main.o
 .group         0x00000000        0x8 main.o
 .group         0x00000000        0x8 main.o
 .group         0x00000000        0x8 main.o
 .group         0x00000000        0x8 main.o
 .group         0x00000000        0x8 main.o
 .group         0x00000000        0x8 main.o
 .group         0x00000000        0x8 main.o
 .group         0x00000000        0x8 main.o
 .group         0x00000000        0x8 main.o
 .group         0x00000000        0x8 main.o
 .group         0x00000000        0x8 main.o
 .group         0x00000000        0x8 main.o
 .group         0x00000000        0x8 main.o
 .group         0x00000000        0x8 main.o
 .group         0x00000000        0x8 main.o
 .group         0x00000000        0x8 main.o
 .group         0x00000000        0x8 main.o
 .group         0x00000000        0x8 main.o
 .group         0x00000000        0x8 main.o
 .group         0x00000000        0x8 main.o
 .group         0x00000000        0x8 main.o
 .group         0x00000000        0x8 main.o
 .group         0x00000000        0x8 main.o
 .group         0x00000000        0x8 main.o
 .group         0x00000000        0x8 main.o
 .group         0x00000000        0x8 main.o
 .group         0x00000000        0x8 main.o
 .group         0x00000000        0x8 main.o
 .group         0x00000000        0x8 main.o
 .group         0x00000000        0x8 main.o
 .group         0x00000000        0x8 main.o
 .group         0x00000000        0x8 main.o
 .group         0x00000000        0x8 main.o
 .group         0x00000000        0x8 main.o
 .group         0x00000000        0x8 main.o
 .group         0x00000000        0x8 main.o
 .group         0x00000000        0x8 main.o
 .group         0x00000000        0x8 main.o
 .group         0x00000000        0x8 main.o
 .group         0x00000000        0x8 main.o
 .group         0x00000000        0x8 main.o
 .group         0x00000000        0x8 main.o
 .group         0x00000000        0x8 main.o
 .group         0x00000000        0x8 main.o
 .group         0x00000000        0x8 main.o
 .group         0x00000000        0x8 main.o
 .group         0x00000000        0x8 main.o
 .group         0x00000000        0x8 main.o
 .group         0x00000000        0x8 main.o
 .group         0x00000000        0x8 main.o
 .group         0x00000000        0x8 main.o
 .group         0x00000000        0x8 main.o
 .group         0x00000000        0x8 main.o
 .group         0x00000000        0x8 main.o
 .group         0x00000000        0x8 main.o
 .group         0x00000000        0x8 main.o
 .group         0x00000000        0x8 main.o
 .group         0x00000000        0x8 main.o
 .group         0x00000000        0x8 main.o
 .group         0x00000000        0x8 main.o
 .text          0x00000000        0x0 main.o
 .bss           0x00000000        0x0 main.o
 .debug_macro   0x00000000      0x826 main.o
 .debug_macro   0x00000000       0x22 main.o
 .debug_macro   0x00000000       0x87 main.o
 .debug_macro   0x00000000       0x44 main.o
 .debug_macro   0x00000000       0xfd main.o
 .debug_macro   0x00000000       0x22 main.o
 .debug_macro   0x00000000      0x1df main.o
 .debug_macro   0x00000000       0x3a main.o
 .debug_macro   0x00000000       0x3a main.o
 .debug_macro   0x00000000       0x1f main.o
 .debug_macro   0x00000000      0x250 main.o
 .debug_macro   0x00000000      0x682 main.o
 .debug_macro   0x00000000      0x8bf main.o
 .debug_macro   0x00000000      0x235 main.o
 .debug_macro   0x00000000      0xd6a main.o
 .debug_macro   0x00000000      0x4ce main.o
 .debug_macro   0x00000000      0x9f8 main.o
 .debug_macro   0x00000000      0x82b main.o
 .debug_macro   0x00000000      0x45f main.o
 .debug_macro   0x00000000       0x5e main.o
 .debug_macro   0x00000000      0x906 main.o
 .debug_macro   0x00000000      0x225 main.o
 .debug_macro   0x00000000      0x797 main.o
 .debug_macro   0x00000000       0x5e main.o
 .debug_macro   0x00000000      0x634 main.o
 .debug_macro   0x00000000      0x3b6 main.o
 .debug_macro   0x00000000      0xc55 main.o
 .debug_macro   0x00000000     0x1092 main.o
 .debug_macro   0x00000000      0xc4a main.o
 .debug_macro   0x00000000      0x6bf main.o
 .debug_macro   0x00000000     0x1b4b main.o
 .debug_macro   0x00000000     0x144a main.o
 .debug_macro   0x00000000      0x34e main.o
 .debug_macro   0x00000000       0x7c main.o
 .debug_macro   0x00000000       0xa0 main.o
 .debug_macro   0x00000000       0x4c main.o
 .debug_macro   0x00000000       0xca main.o
 .debug_macro   0x00000000       0x94 main.o
 .debug_macro   0x00000000       0x58 main.o
 .debug_macro   0x00000000      0x364 main.o
 .debug_macro   0x00000000       0x82 main.o
 .debug_macro   0x00000000      0x197 main.o
 .debug_macro   0x00000000       0xb8 main.o
 .debug_macro   0x00000000       0xa0 main.o
 .debug_macro   0x00000000       0xb2 main.o
 .debug_macro   0x00000000       0x1c main.o
 .debug_macro   0x00000000       0x1c main.o
 .debug_macro   0x00000000       0x1c main.o
 .debug_macro   0x00000000       0x7c main.o
 .debug_macro   0x00000000      0x161 main.o
 .debug_macro   0x00000000       0xdc main.o
 .debug_macro   0x00000000      0x12f main.o
 .debug_macro   0x00000000      0x12f main.o
 .debug_macro   0x00000000      0x12f main.o
 .debug_macro   0x00000000      0x12f main.o
 .debug_macro   0x00000000      0x11e main.o
 .debug_macro   0x00000000       0xe2 main.o
 .debug_macro   0x00000000       0xe2 main.o
 .debug_macro   0x00000000       0xe2 main.o
 .debug_macro   0x00000000      0x12c main.o
 .debug_macro   0x00000000      0x100 main.o
 .debug_macro   0x00000000       0xf4 main.o
 .debug_macro   0x00000000      0x40f main.o
 .debug_macro   0x00000000       0x40 main.o
 .debug_macro   0x00000000      0x345 main.o
 .debug_macro   0x00000000      0xf7a main.o
 .debug_macro   0x00000000       0x6d main.o
 .debug_macro   0x00000000       0xe8 main.o
 .debug_macro   0x00000000       0x40 main.o
 .group         0x00000000        0x8 nvmctrl.o
 .group         0x00000000        0x8 nvmctrl.o
 .group         0x00000000        0x8 nvmctrl.o
 .group         0x00000000        0x8 nvmctrl.o
 .group         0x00000000        0x8 nvmctrl.o
 .group         0x00000000        0x8 nvmctrl.o
 .group         0x00000000        0x8 nvmctrl.o
 .group         0x00000000        0x8 nvmctrl.o
 .group         0x00000000        0x8 nvmctrl.o
 .group         0x00000000        0x8 nvmctrl.o
 .group         0x00000000        0x8 nvmctrl.o
 .group         0x00000000        0x8 nvmctrl.o
 .group         0x00000000        0x8 nvmctrl.o
 .group         0x00000000        0x8 nvmctrl.o
 .group         0x00000000        0x8 nvmctrl.o
 .group         0x00000000        0x8 nvmctrl.o
 .group         0x00000000        0x8 nvmctrl.o
 .group         0x00000000        0x8 nvmctrl.o
 .group         0x00000000        0x8 nvmctrl.o
 .group         0x00000000        0x8 nvmctrl.o
 .group         0x00000000        0x8 nvmctrl.o
 .group         0x00000000        0x8 nvmctrl.o
 .group         0x00000000        0x8 nvmctrl.o
 .group         0x00000000        0x8 nvmctrl.o
 .group         0x00000000        0x8 nvmctrl.o
 .group         0x00000000        0x8 nvmctrl.o
 .group         0x00000000        0x8 nvmctrl.o
 .group         0x00000000        0x8 nvmctrl.o
 .group         0x00000000        0x8 nvmctrl.o
 .group         0x00000000        0x8 nvmctrl.o
 .group         0x00000000        0x8 nvmctrl.o
 .group         0x00000000        0x8 nvmctrl.o
 .group         0x00000000        0x8 nvmctrl.o
 .group         0x00000000        0x8 nvmctrl.o
 .group         0x00000000        0x8 nvmctrl.o
 .group         0x00000000        0x8 nvmctrl.o
 .group         0x00000000        0x8 nvmctrl.o
 .group         0x00000000        0x8 nvmctrl.o
 .group         0x00000000        0x8 nvmctrl.o
 .group         0x00000000        0x8 nvmctrl.o
 .group         0x00000000        0x8 nvmctrl.o
 .group         0x00000000        0x8 nvmctrl.o
 .group         0x00000000        0x8 nvmctrl.o
 .group         0x00000000        0x8 nvmctrl.o
 .group         0x00000000        0x8 nvmctrl.o
 .group         0x00000000        0x8 nvmctrl.o
 .group         0x00000000        0x8 nvmctrl.o
 .group         0x00000000        0x8 nvmctrl.o
 .group         0x00000000        0x8 nvmctrl.o
 .group         0x00000000        0x8 nvmctrl.o
 .group         0x00000000        0x8 nvmctrl.o
 .group         0x00000000        0x8 nvmctrl.o
 .group         0x00000000        0x8 nvmctrl.o
 .group         0x00000000        0x8 nvmctrl.o
 .group         0x00000000        0x8 nvmctrl.o
 .group         0x00000000        0x8 nvmctrl.o
 .group         0x00000000        0x8 nvmctrl.o
 .group         0x00000000        0x8 nvmctrl.o
 .group         0x00000000        0x8 nvmctrl.o
 .group         0x00000000        0x8 nvmctrl.o
 .group         0x00000000        0x8 nvmctrl.o
 .group         0x00000000        0x8 nvmctrl.o
 .group         0x00000000        0x8 nvmctrl.o
 .group         0x00000000        0x8 nvmctrl.o
 .group         0x00000000        0x8 nvmctrl.o
 .group         0x00000000        0x8 nvmctrl.o
 .group         0x00000000        0x8 nvmctrl.o
 .group         0x00000000        0x8 nvmctrl.o
 .group         0x00000000        0x8 nvmctrl.o
 .text          0x00000000        0x0 nvmctrl.o
 .data          0x00000000        0x0 nvmctrl.o
 .bss           0x00000000        0x0 nvmctrl.o
 .debug_macro   0x00000000      0x826 nvmctrl.o
 .debug_macro   0x00000000       0x22 nvmctrl.o
 .debug_macro   0x00000000       0x87 nvmctrl.o
 .debug_macro   0x00000000       0x44 nvmctrl.o
 .debug_macro   0x00000000       0xfd nvmctrl.o
 .debug_macro   0x00000000       0x22 nvmctrl.o
 .debug_macro   0x00000000      0x1df nvmctrl.o
 .debug_macro   0x00000000       0x3a nvmctrl.o
 .debug_macro   0x00000000       0x3a nvmctrl.o
 .debug_macro   0x00000000       0x1f nvmctrl.o
 .debug_macro   0x00000000      0x250 nvmctrl.o
 .debug_macro   0x00000000      0x682 nvmctrl.o
 .debug_macro   0x00000000      0x8bf nvmctrl.o
 .debug_macro   0x00000000      0x235 nvmctrl.o
 .debug_macro   0x00000000      0xd6a nvmctrl.o
 .debug_macro   0x00000000      0x4ce nvmctrl.o
 .debug_macro   0x00000000      0x9f8 nvmctrl.o
 .debug_macro   0x00000000      0x82b nvmctrl.o
 .debug_macro   0x00000000      0x45f nvmctrl.o
 .debug_macro   0x00000000       0x5e nvmctrl.o
 .debug_macro   0x00000000      0x906 nvmctrl.o
 .debug_macro   0x00000000      0x225 nvmctrl.o
 .debug_macro   0x00000000      0x797 nvmctrl.o
 .debug_macro   0x00000000       0x5e nvmctrl.o
 .debug_macro   0x00000000      0x634 nvmctrl.o
 .debug_macro   0x00000000      0x3b6 nvmctrl.o
 .debug_macro   0x00000000      0xc55 nvmctrl.o
 .debug_macro   0x00000000     0x1092 nvmctrl.o
 .debug_macro   0x00000000      0xc4a nvmctrl.o
 .debug_macro   0x00000000      0x6bf nvmctrl.o
 .debug_macro   0x00000000     0x1b4b nvmctrl.o
 .debug_macro   0x00000000     0x144a nvmctrl.o
 .debug_macro   0x00000000      0x34e nvmctrl.o
 .debug_macro   0x00000000       0x7c nvmctrl.o
 .debug_macro   0x00000000       0xa0 nvmctrl.o
 .debug_macro   0x00000000       0x4c nvmctrl.o
 .debug_macro   0x00000000       0xca nvmctrl.o
 .debug_macro   0x00000000       0x94 nvmctrl.o
 .debug_macro   0x00000000       0x58 nvmctrl.o
 .debug_macro   0x00000000      0x364 nvmctrl.o
 .debug_macro   0x00000000       0x82 nvmctrl.o
 .debug_macro   0x00000000      0x197 nvmctrl.o
 .debug_macro   0x00000000       0xb8 nvmctrl.o
 .debug_macro   0x00000000       0xa0 nvmctrl.o
 .debug_macro   0x00000000       0xb2 nvmctrl.o
 .debug_macro   0x00000000       0x1c nvmctrl.o
 .debug_macro   0x00000000       0x1c nvmctrl.o
 .debug_macro   0x00000000       0x1c nvmctrl.o
 .debug_macro   0x00000000       0x7c nvmctrl.o
 .debug_macro   0x00000000      0x161 nvmctrl.o
 .debug_macro   0x00000000       0xdc nvmctrl.o
 .debug_macro   0x00000000      0x12f nvmctrl.o
 .debug_macro   0x00000000      0x12f nvmctrl.o
 .debug_macro   0x00000000      0x12f nvmctrl.o
 .debug_macro   0x00000000      0x12f nvmctrl.o
 .debug_macro   0x00000000      0x11e nvmctrl.o
 .debug_macro   0x00000000       0xe2 nvmctrl.o
 .debug_macro   0x00000000       0xe2 nvmctrl.o
 .debug_macro   0x00000000       0xe2 nvmctrl.o
 .debug_macro   0x00000000      0x12c nvmctrl.o
 .debug_macro   0x00000000      0x100 nvmctrl.o
 .debug_macro   0x00000000       0xf4 nvmctrl.o
 .debug_macro   0x00000000      0x40f nvmctrl.o
 .debug_macro   0x00000000       0x40 nvmctrl.o
 .debug_macro   0x00000000      0x345 nvmctrl.o
 .debug_macro   0x00000000      0xf7a nvmctrl.o
 .debug_macro   0x00000000       0x6d nvmctrl.o
 .debug_macro   0x00000000       0xe8 nvmctrl.o
 .debug_macro   0x00000000       0x40 nvmctrl.o
 .group         0x00000000        0x8 usart.o
 .group         0x00000000        0x8 usart.o
 .group         0x00000000        0x8 usart.o
 .group         0x00000000        0x8 usart.o
 .group         0x00000000        0x8 usart.o
 .group         0x00000000        0x8 usart.o
 .group         0x00000000        0x8 usart.o
 .group         0x00000000        0x8 usart.o
 .group         0x00000000        0x8 usart.o
 .group         0x00000000        0x8 usart.o
 .group         0x00000000        0x8 usart.o
 .group         0x00000000        0x8 usart.o
 .group         0x00000000        0x8 usart.o
 .group         0x00000000        0x8 usart.o
 .group         0x00000000        0x8 usart.o
 .group         0x00000000        0x8 usart.o
 .group         0x00000000        0x8 usart.o
 .group         0x00000000        0x8 usart.o
 .group         0x00000000        0x8 usart.o
 .group         0x00000000        0x8 usart.o
 .group         0x00000000        0x8 usart.o
 .group         0x00000000        0x8 usart.o
 .group         0x00000000        0x8 usart.o
 .group         0x00000000        0x8 usart.o
 .group         0x00000000        0x8 usart.o
 .group         0x00000000        0x8 usart.o
 .group         0x00000000        0x8 usart.o
 .group         0x00000000        0x8 usart.o
 .group         0x00000000        0x8 usart.o
 .group         0x00000000        0x8 usart.o
 .group         0x00000000        0x8 usart.o
 .group         0x00000000        0x8 usart.o
 .group         0x00000000        0x8 usart.o
 .group         0x00000000        0x8 usart.o
 .group         0x00000000        0x8 usart.o
 .group         0x00000000        0x8 usart.o
 .group         0x00000000        0x8 usart.o
 .group         0x00000000        0x8 usart.o
 .group         0x00000000        0x8 usart.o
 .group         0x00000000        0x8 usart.o
 .group         0x00000000        0x8 usart.o
 .group         0x00000000        0x8 usart.o
 .group         0x00000000        0x8 usart.o
 .group         0x00000000        0x8 usart.o
 .group         0x00000000        0x8 usart.o
 .group         0x00000000        0x8 usart.o
 .group         0x00000000        0x8 usart.o
 .group         0x00000000        0x8 usart.o
 .group         0x00000000        0x8 usart.o
 .group         0x00000000        0x8 usart.o
 .group         0x00000000        0x8 usart.o
 .group         0x00000000        0x8 usart.o
 .group         0x00000000        0x8 usart.o
 .group         0x00000000        0x8 usart.o
 .group         0x00000000        0x8 usart.o
 .group         0x00000000        0x8 usart.o
 .group         0x00000000        0x8 usart.o
 .group         0x00000000        0x8 usart.o
 .group         0x00000000        0x8 usart.o
 .group         0x00000000        0x8 usart.o
 .group         0x00000000        0x8 usart.o
 .group         0x00000000        0x8 usart.o
 .group         0x00000000        0x8 usart.o
 .group         0x00000000        0x8 usart.o
 .group         0x00000000        0x8 usart.o
 .group         0x00000000        0x8 usart.o
 .group         0x00000000        0x8 usart.o
 .group         0x00000000        0x8 usart.o
 .group         0x00000000        0x8 usart.o
 .text          0x00000000        0x0 usart.o
 .data          0x00000000        0x0 usart.o
 .bss           0x00000000        0x0 usart.o
 .debug_macro   0x00000000      0x826 usart.o
 .debug_macro   0x00000000       0x22 usart.o
 .debug_macro   0x00000000       0x87 usart.o
 .debug_macro   0x00000000       0x44 usart.o
 .debug_macro   0x00000000       0xfd usart.o
 .debug_macro   0x00000000       0x22 usart.o
 .debug_macro   0x00000000      0x1df usart.o
 .debug_macro   0x00000000       0x3a usart.o
 .debug_macro   0x00000000       0x3a usart.o
 .debug_macro   0x00000000       0x1f usart.o
 .debug_macro   0x00000000      0x250 usart.o
 .debug_macro   0x00000000      0x682 usart.o
 .debug_macro   0x00000000      0x8bf usart.o
 .debug_macro   0x00000000      0x235 usart.o
 .debug_macro   0x00000000      0xd6a usart.o
 .debug_macro   0x00000000      0x4ce usart.o
 .debug_macro   0x00000000      0x9f8 usart.o
 .debug_macro   0x00000000      0x82b usart.o
 .debug_macro   0x00000000      0x45f usart.o
 .debug_macro   0x00000000       0x5e usart.o
 .debug_macro   0x00000000      0x906 usart.o
 .debug_macro   0x00000000      0x225 usart.o
 .debug_macro   0x00000000      0x797 usart.o
 .debug_macro   0x00000000       0x5e usart.o
 .debug_macro   0x00000000      0x634 usart.o
 .debug_macro   0x00000000      0x3b6 usart.o
 .debug_macro   0x00000000      0xc55 usart.o
 .debug_macro   0x00000000     0x1092 usart.o
 .debug_macro   0x00000000      0xc4a usart.o
 .debug_macro   0x00000000      0x6bf usart.o
 .debug_macro   0x00000000     0x1b4b usart.o
 .debug_macro   0x00000000     0x144a usart.o
 .debug_macro   0x00000000      0x34e usart.o
 .debug_macro   0x00000000       0x7c usart.o
 .debug_macro   0x00000000       0xa0 usart.o
 .debug_macro   0x00000000       0x4c usart.o
 .debug_macro   0x00000000       0xca usart.o
 .debug_macro   0x00000000       0x94 usart.o
 .debug_macro   0x00000000       0x58 usart.o
 .debug_macro   0x00000000      0x364 usart.o
 .debug_macro   0x00000000       0x82 usart.o
 .debug_macro   0x00000000      0x197 usart.o
 .debug_macro   0x00000000       0xb8 usart.o
 .debug_macro   0x00000000       0xa0 usart.o
 .debug_macro   0x00000000       0xb2 usart.o
 .debug_macro   0x00000000       0x1c usart.o
 .debug_macro   0x00000000       0x1c usart.o
 .debug_macro   0x00000000       0x1c usart.o
 .debug_macro   0x00000000       0x7c usart.o
 .debug_macro   0x00000000      0x161 usart.o
 .debug_macro   0x00000000       0xdc usart.o
 .debug_macro   0x00000000      0x12f usart.o
 .debug_macro   0x00000000      0x12f usart.o
 .debug_macro   0x00000000      0x12f usart.o
 .debug_macro   0x00000000      0x12f usart.o
 .debug_macro   0x00000000      0x11e usart.o
 .debug_macro   0x00000000       0xe2 usart.o
 .debug_macro   0x00000000       0xe2 usart.o
 .debug_macro   0x00000000       0xe2 usart.o
 .debug_macro   0x00000000      0x12c usart.o
 .debug_macro   0x00000000      0x100 usart.o
 .debug_macro   0x00000000       0xf4 usart.o
 .debug_macro   0x00000000      0x40f usart.o
 .debug_macro   0x00000000       0x40 usart.o
 .debug_macro   0x00000000      0x345 usart.o
 .debug_macro   0x00000000      0xf7a usart.o
 .debug_macro   0x00000000       0x6d usart.o
 .debug_macro   0x00000000       0xe8 usart.o
 .debug_macro   0x00000000       0x40 usart.o
 .data          0x00000000        0x0 c:/program files (x86)/atmel/studio/7.0/toolchain/arm/arm-gnu-toolchain/bin/../lib/gcc/arm-none-eabi/5.3.1/armv6-m\libgcc.a(_udivsi3.o)
 .bss           0x00000000        0x0 c:/program files (x86)/atmel/studio/7.0/toolchain/arm/arm-gnu-toolchain/bin/../lib/gcc/arm-none-eabi/5.3.1/armv6-m\libgcc.a(_udivsi3.o)
 .data          0x00000000        0x0 c:/program files (x86)/atmel/studio/7.0/toolchain/arm/arm-gnu-toolchain/bin/../lib/gcc/arm-none-eabi/5.3.1/armv6-m\libgcc.a(_dvmd_tls.o)
 .bss           0x00000000        0x0 c:/program files (x86)/atmel/studio/7.0/toolchain/arm/arm-gnu-toolchain/bin/../lib/gcc/arm-none-eabi/5.3.1/armv6-m\libgcc.a(_dvmd_tls.o)
 .text          0x00000000        0x0 c:/program files (x86)/atmel/studio/7.0/toolchain/arm/arm-gnu-toolchain/bin/../lib/gcc/arm-none-eabi/5.3.1/../../../../arm-none-eabi/lib/armv6-m\libc.a(lib_a-exit.o)
 .data          0x00000000        0x0 c:/program files (x86)/atmel/studio/7.0/toolchain/arm/arm-gnu-toolchain/bin/../lib/gcc/arm-none-eabi/5.3.1/../../../../arm-none-eabi/lib/armv6-m\libc.a(lib_a-exit.o)
 .bss           0x00000000        0x0 c:/program files (x86)/atmel/studio/7.0/toolchain/arm/arm-gnu-toolchain/bin/../lib/gcc/arm-none-eabi/5.3.1/../../../../arm-none-eabi/lib/armv6-m\libc.a(lib_a-exit.o)
 .text.exit     0x00000000       0x20 c:/program files (x86)/atmel/studio/7.0/toolchain/arm/arm-gnu-toolchain/bin/../lib/gcc/arm-none-eabi/5.3.1/../../../../arm-none-eabi/lib/armv6-m\libc.a(lib_a-exit.o)
 .debug_frame   0x00000000       0x28 c:/program files (x86)/atmel/studio/7.0/toolchain/arm/arm-gnu-toolchain/bin/../lib/gcc/arm-none-eabi/5.3.1/../../../../arm-none-eabi/lib/armv6-m\libc.a(lib_a-exit.o)
 .ARM.attributes
                0x00000000       0x2c c:/program files (x86)/atmel/studio/7.0/toolchain/arm/arm-gnu-toolchain/bin/../lib/gcc/arm-none-eabi/5.3.1/../../../../arm-none-eabi/lib/armv6-m\libc.a(lib_a-exit.o)
 .text          0x00000000        0x0 c:/program files (x86)/atmel/studio/7.0/toolchain/arm/arm-gnu-toolchain/bin/../lib/gcc/arm-none-eabi/5.3.1/../../../../arm-none-eabi/lib/armv6-m\libc.a(lib_a-impure.o)
 .data          0x00000000        0x0 c:/program files (x86)/atmel/studio/7.0/toolchain/arm/arm-gnu-toolchain/bin/../lib/gcc/arm-none-eabi/5.3.1/../../../../arm-none-eabi/lib/armv6-m\libc.a(lib_a-impure.o)
 .bss           0x00000000        0x0 c:/program files (x86)/atmel/studio/7.0/toolchain/arm/arm-gnu-toolchain/bin/../lib/gcc/arm-none-eabi/5.3.1/../../../../arm-none-eabi/lib/armv6-m\libc.a(lib_a-impure.o)
 .data._impure_ptr
                0x00000000        0x4 c:/program files (x86)/atmel/studio/7.0/toolchain/arm/arm-gnu-toolchain/bin/../lib/gcc/arm-none-eabi/5.3.1/../../../../arm-none-eabi/lib/armv6-m\libc.a(lib_a-impure.o)
 .text          0x00000000        0x0 c:/program files (x86)/atmel/studio/7.0/toolchain/arm/arm-gnu-toolchain/bin/../lib/gcc/arm-none-eabi/5.3.1/../../../../arm-none-eabi/lib/armv6-m\libc.a(lib_a-init.o)
 .data          0x00000000        0x0 c:/program files (x86)/atmel/studio/7.0/toolchain/arm/arm-gnu-toolchain/bin/../lib/gcc/arm-none-eabi/5.3.1/../../../../arm-none-eabi/lib/armv6-m\libc.a(lib_a-init.o)
 .bss           0x00000000        0x0 c:/program files (x86)/atmel/studio/7.0/toolchain/arm/arm-gnu-toolchain/bin/../lib/gcc/arm-none-eabi/5.3.1/../../../../arm-none-eabi/lib/armv6-m\libc.a(lib_a-init.o)
 .text          0x00000000        0x0 c:/program files (x86)/atmel/studio/7.0/toolchain/arm/arm-gnu-toolchain/bin/../lib/gcc/arm-none-eabi/5.3.1/../../../../arm-none-eabi/lib/armv6-m\libc.a(lib_a-memset.o)
 .data          0x00000000        0x0 c:/program files (x86)/atmel/studio/7.0/toolchain/arm/arm-gnu-toolchain/bin/../lib/gcc/arm-none-eabi/5.3.1/../../../../arm-none-eabi/lib/armv6-m\libc.a(lib_a-memset.o)
 .bss           0x00000000        0x0 c:/program files (x86)/atmel/studio/7.0/toolchain/arm/arm-gnu-toolchain/bin/../lib/gcc/arm-none-eabi/5.3.1/../../../../arm-none-eabi/lib/armv6-m\libc.a(lib_a-memset.o)
 .text.memset   0x00000000       0x8c c:/program files (x86)/atmel/studio/7.0/toolchain/arm/arm-gnu-toolchain/bin/../lib/gcc/arm-none-eabi/5.3.1/../../../../arm-none-eabi/lib/armv6-m\libc.a(lib_a-memset.o)
 .debug_frame   0x00000000       0x2c c:/program files (x86)/atmel/studio/7.0/toolchain/arm/arm-gnu-toolchain/bin/../lib/gcc/arm-none-eabi/5.3.1/../../../../arm-none-eabi/lib/armv6-m\libc.a(lib_a-memset.o)
 .ARM.attributes
                0x00000000       0x2c c:/program files (x86)/atmel/studio/7.0/toolchain/arm/arm-gnu-toolchain/bin/../lib/gcc/arm-none-eabi/5.3.1/../../../../arm-none-eabi/lib/armv6-m\libc.a(lib_a-memset.o)
 .text          0x00000000        0x0 c:/program files (x86)/atmel/studio/7.0/toolchain/arm/arm-gnu-toolchain/bin/../lib/gcc/arm-none-eabi/5.3.1/../../../../arm-none-eabi/lib/armv6-m\libc.a(lib_a-__call_atexit.o)
 .data          0x00000000        0x0 c:/program files (x86)/atmel/studio/7.0/toolchain/arm/arm-gnu-toolchain/bin/../lib/gcc/arm-none-eabi/5.3.1/../../../../arm-none-eabi/lib/armv6-m\libc.a(lib_a-__call_atexit.o)
 .bss           0x00000000        0x0 c:/program files (x86)/atmel/studio/7.0/toolchain/arm/arm-gnu-toolchain/bin/../lib/gcc/arm-none-eabi/5.3.1/../../../../arm-none-eabi/lib/armv6-m\libc.a(lib_a-__call_atexit.o)
 .text.__call_exitprocs
                0x00000000       0xfc c:/program files (x86)/atmel/studio/7.0/toolchain/arm/arm-gnu-toolchain/bin/../lib/gcc/arm-none-eabi/5.3.1/../../../../arm-none-eabi/lib/armv6-m\libc.a(lib_a-__call_atexit.o)
 .text          0x00000000        0x0 c:/program files (x86)/atmel/studio/7.0/toolchain/arm/arm-gnu-toolchain/bin/../lib/gcc/arm-none-eabi/5.3.1/../../../../arm-none-eabi/lib/armv6-m\libc.a(lib_a-atexit.o)
 .data          0x00000000        0x0 c:/program files (x86)/atmel/studio/7.0/toolchain/arm/arm-gnu-toolchain/bin/../lib/gcc/arm-none-eabi/5.3.1/../../../../arm-none-eabi/lib/armv6-m\libc.a(lib_a-atexit.o)
 .bss           0x00000000        0x0 c:/program files (x86)/atmel/studio/7.0/toolchain/arm/arm-gnu-toolchain/bin/../lib/gcc/arm-none-eabi/5.3.1/../../../../arm-none-eabi/lib/armv6-m\libc.a(lib_a-atexit.o)
 .text          0x00000000        0x0 c:/program files (x86)/atmel/studio/7.0/toolchain/arm/arm-gnu-toolchain/bin/../lib/gcc/arm-none-eabi/5.3.1/../../../../arm-none-eabi/lib/armv6-m\libc.a(lib_a-fini.o)
 .data          0x00000000        0x0 c:/program files (x86)/atmel/studio/7.0/toolchain/arm/arm-gnu-toolchain/bin/../lib/gcc/arm-none-eabi/5.3.1/../../../../arm-none-eabi/lib/armv6-m\libc.a(lib_a-fini.o)
 .bss           0x00000000        0x0 c:/program files (x86)/atmel/studio/7.0/toolchain/arm/arm-gnu-toolchain/bin/../lib/gcc/arm-none-eabi/5.3.1/../../../../arm-none-eabi/lib/armv6-m\libc.a(lib_a-fini.o)
 .text          0x00000000        0x0 c:/program files (x86)/atmel/studio/7.0/toolchain/arm/arm-gnu-toolchain/bin/../lib/gcc/arm-none-eabi/5.3.1/../../../../arm-none-eabi/lib/armv6-m\libc.a(lib_a-__atexit.o)
 .data          0x00000000        0x0 c:/program files (x86)/atmel/studio/7.0/toolchain/arm/arm-gnu-toolchain/bin/../lib/gcc/arm-none-eabi/5.3.1/../../../../arm-none-eabi/lib/armv6-m\libc.a(lib_a-__atexit.o)
 .bss           0x00000000        0x0 c:/program files (x86)/atmel/studio/7.0/toolchain/arm/arm-gnu-toolchain/bin/../lib/gcc/arm-none-eabi/5.3.1/../../../../arm-none-eabi/lib/armv6-m\libc.a(lib_a-__atexit.o)
 .text          0x00000000        0x0 c:/program files (x86)/atmel/studio/7.0/toolchain/arm/arm-gnu-toolchain/bin/../lib/gcc/arm-none-eabi/5.3.1/armv6-m/crtend.o
 .data          0x00000000        0x0 c:/program files (x86)/atmel/studio/7.0/toolchain/arm/arm-gnu-toolchain/bin/../lib/gcc/arm-none-eabi/5.3.1/armv6-m/crtend.o
 .bss           0x00000000        0x0 c:/program files (x86)/atmel/studio/7.0/toolchain/arm/arm-gnu-toolchain/bin/../lib/gcc/arm-none-eabi/5.3.1/armv6-m/crtend.o
 .eh_frame      0x00000000        0x4 c:/program files (x86)/atmel/studio/7.0/toolchain/arm/arm-gnu-toolchain/bin/../lib/gcc/arm-none-eabi/5.3.1/armv6-m/crtend.o
 .jcr           0x00000000        0x4 c:/program files (x86)/atmel/studio/7.0/toolchain/arm/arm-gnu-toolchain/bin/../lib/gcc/arm-none-eabi/5.3.1/armv6-m/crtend.o
 .ARM.attributes
                0x00000000       0x2c c:/program files (x86)/atmel/studio/7.0/toolchain/arm/arm-gnu-toolchain/bin/../lib/gcc/arm-none-eabi/5.3.1/armv6-m/crtend.o
 .text          0x00000000        0x0 c:/program files (x86)/atmel/studio/7.0/toolchain/arm/arm-gnu-toolchain/bin/../lib/gcc/arm-none-eabi/5.3.1/armv6-m/crtn.o
 .data          0x00000000        0x0 c:/program files (x86)/atmel/studio/7.0/toolchain/arm/arm-gnu-toolchain/bin/../lib/gcc/arm-none-eabi/5.3.1/armv6-m/crtn.o
 .bss           0x00000000        0x0 c:/program files (x86)/atmel/studio/7.0/toolchain/arm/arm-gnu-toolchain/bin/../lib/gcc/arm-none-eabi/5.3.1/armv6-m/crtn.o

Memory Configuration

Name             Origin             Length             Attributes
rom              0x00000000         0x00040000         xr
ram              0x20000000         0x00008000         xrw
*default*        0x00000000         0xffffffff

Linker script and memory map

LOAD c:/program files (x86)/atmel/studio/7.0/toolchain/arm/arm-gnu-toolchain/bin/../lib/gcc/arm-none-eabi/5.3.1/armv6-m/crti.o
LOAD c:/program files (x86)/atmel/studio/7.0/toolchain/arm/arm-gnu-toolchain/bin/../lib/gcc/arm-none-eabi/5.3.1/armv6-m/crtbegin.o
LOAD c:/program files (x86)/atmel/studio/7.0/toolchain/arm/arm-gnu-toolchain/bin/../lib/gcc/arm-none-eabi/5.3.1/../../../../arm-none-eabi/lib/armv6-m/crt0.o
LOAD clocks.o
LOAD Device_Startup/startup_samd21.o
LOAD Device_Startup/system_samd21.o
LOAD globalfunctions.o
LOAD i2c.o
LOAD main.o
LOAD nvmctrl.o
LOAD usart.o
START GROUP
LOAD c:/program files (x86)/atmel/studio/7.0/toolchain/arm/arm-gnu-toolchain/bin/../lib/gcc/arm-none-eabi/5.3.1/../../../../arm-none-eabi/lib/armv6-m\libm.a
END GROUP
START GROUP
LOAD c:/program files (x86)/atmel/studio/7.0/toolchain/arm/arm-gnu-toolchain/bin/../lib/gcc/arm-none-eabi/5.3.1/armv6-m\libgcc.a
LOAD c:/program files (x86)/atmel/studio/7.0/toolchain/arm/arm-gnu-toolchain/bin/../lib/gcc/arm-none-eabi/5.3.1/../../../../arm-none-eabi/lib/armv6-m\libc.a
END GROUP
LOAD c:/program files (x86)/atmel/studio/7.0/toolchain/arm/arm-gnu-toolchain/bin/../lib/gcc/arm-none-eabi/5.3.1/armv6-m/crtend.o
LOAD c:/program files (x86)/atmel/studio/7.0/toolchain/arm/arm-gnu-toolchain/bin/../lib/gcc/arm-none-eabi/5.3.1/armv6-m/crtn.o
                0x00002000                STACK_SIZE = DEFINED (STACK_SIZE)?STACK_SIZE:DEFINED (__stack_size__)?__stack_size__:0x2000

.text           0x00000000      0xa1c
                0x00000000                . = ALIGN (0x4)
                0x00000000                _sfixed = .
 *(.vectors .vectors.*)
 .vectors       0x00000000       0xb4 Device_Startup/startup_samd21.o
                0x00000000                exception_table
 *(.text .text.* .gnu.linkonce.t.*)
 .text          0x000000b4       0x60 c:/program files (x86)/atmel/studio/7.0/toolchain/arm/arm-gnu-toolchain/bin/../lib/gcc/arm-none-eabi/5.3.1/armv6-m/crtbegin.o
 .text.init_clocks
                0x00000114       0xa4 clocks.o
                0x00000114                init_clocks
 .text.Dummy_Handler
                0x000001b8        0x4 Device_Startup/startup_samd21.o
                0x000001b8                DMAC_Handler
                0x000001b8                HardFault_Handler
                0x000001b8                AC_Handler
                0x000001b8                SysTick_Handler
                0x000001b8                PendSV_Handler
                0x000001b8                NMI_Handler
                0x000001b8                SERCOM1_Handler
                0x000001b8                ADC_Handler
                0x000001b8                TCC1_Handler
                0x000001b8                SERCOM2_Handler
                0x000001b8                TCC0_Handler
                0x000001b8                RTC_Handler
                0x000001b8                EIC_Handler
                0x000001b8                WDT_Handler
                0x000001b8                TC4_Handler
                0x000001b8                USB_Handler
                0x000001b8                TC3_Handler
                0x000001b8                Dummy_Handler
                0x000001b8                PM_Handler
                0x000001b8                SVC_Handler
                0x000001b8                TCC2_Handler
                0x000001b8                EVSYS_Handler
                0x000001b8                SERCOM3_Handler
                0x000001b8                I2S_Handler
                0x000001b8                NVMCTRL_Handler
                0x000001b8                SERCOM0_Handler
                0x000001b8                DAC_Handler
                0x000001b8                PTC_Handler
                0x000001b8                TC5_Handler
                0x000001b8                SYSCTRL_Handler
 .text.Reset_Handler
                0x000001bc       0xf8 Device_Startup/startup_samd21.o
                0x000001bc                Reset_Handler
 .text.pin_set_peripheral_function
                0x000002b4       0x50 globalfunctions.o
                0x000002b4                pin_set_peripheral_function
 .text.init_twi
                0x00000304       0x9c i2c.o
                0x00000304                init_twi
 .text.setup_ptrs
                0x000003a0       0x34 main.o
                0x000003a0                setup_ptrs
 .text.main     0x000003d4      0x210 main.o
                0x000003d4                main
 .text.nvm_erase_row
                0x000005e4       0x38 nvmctrl.o
                0x000005e4                nvm_erase_row
 .text.nvm_write_buffer
                0x0000061c       0xa0 nvmctrl.o
                0x0000061c                nvm_write_buffer
 .text.uart_write_byte
                0x000006bc       0x14 usart.o
                0x000006bc                uart_write_byte
 .text.sendConfirm
                0x000006d0       0x10 usart.o
                0x000006d0                sendConfirm
 .text.send_string
                0x000006e0       0x28 usart.o
                0x000006e0                send_string
 .text.uart_read_byte
                0x00000708       0x14 usart.o
                0x00000708                uart_read_byte
 .text.UART_sercom_init
                0x0000071c       0x40 usart.o
                0x0000071c                UART_sercom_init
 .text          0x0000075c      0x114 c:/program files (x86)/atmel/studio/7.0/toolchain/arm/arm-gnu-toolchain/bin/../lib/gcc/arm-none-eabi/5.3.1/armv6-m\libgcc.a(_udivsi3.o)
                0x0000075c                __aeabi_uidiv
                0x0000075c                __udivsi3
                0x00000868                __aeabi_uidivmod
 .text          0x00000870        0x4 c:/program files (x86)/atmel/studio/7.0/toolchain/arm/arm-gnu-toolchain/bin/../lib/gcc/arm-none-eabi/5.3.1/armv6-m\libgcc.a(_dvmd_tls.o)
                0x00000870                __aeabi_idiv0
                0x00000870                __aeabi_ldiv0
 .text.__libc_init_array
                0x00000874       0x48 c:/program files (x86)/atmel/studio/7.0/toolchain/arm/arm-gnu-toolchain/bin/../lib/gcc/arm-none-eabi/5.3.1/../../../../arm-none-eabi/lib/armv6-m\libc.a(lib_a-init.o)
                0x00000874                __libc_init_array
 .text.startup.register_fini
                0x000008bc       0x18 c:/program files (x86)/atmel/studio/7.0/toolchain/arm/arm-gnu-toolchain/bin/../lib/gcc/arm-none-eabi/5.3.1/../../../../arm-none-eabi/lib/armv6-m\libc.a(lib_a-__call_atexit.o)
 .text.atexit   0x000008d4       0x10 c:/program files (x86)/atmel/studio/7.0/toolchain/arm/arm-gnu-toolchain/bin/../lib/gcc/arm-none-eabi/5.3.1/../../../../arm-none-eabi/lib/armv6-m\libc.a(lib_a-atexit.o)
                0x000008d4                atexit
 .text.__libc_fini_array
                0x000008e4       0x34 c:/program files (x86)/atmel/studio/7.0/toolchain/arm/arm-gnu-toolchain/bin/../lib/gcc/arm-none-eabi/5.3.1/../../../../arm-none-eabi/lib/armv6-m\libc.a(lib_a-fini.o)
                0x000008e4                __libc_fini_array
 .text.__register_exitproc
                0x00000918       0xd4 c:/program files (x86)/atmel/studio/7.0/toolchain/arm/arm-gnu-toolchain/bin/../lib/gcc/arm-none-eabi/5.3.1/../../../../arm-none-eabi/lib/armv6-m\libc.a(lib_a-__atexit.o)
                0x00000918                __register_exitproc
 *(.glue_7t)
 .glue_7t       0x000009ec        0x0 linker stubs
 *(.glue_7)
 .glue_7        0x000009ec        0x0 linker stubs
 *(.rodata .rodata* .gnu.linkonce.r.*)
 .rodata.cst2   0x000009ec        0x2 nvmctrl.o
 *fill*         0x000009ee        0x2 
 .rodata.str1.4
                0x000009f0        0x4 c:/program files (x86)/atmel/studio/7.0/toolchain/arm/arm-gnu-toolchain/bin/../lib/gcc/arm-none-eabi/5.3.1/../../../../arm-none-eabi/lib/armv6-m\libc.a(lib_a-impure.o)
                                  0x2 (size before relaxing)
 .rodata._global_impure_ptr
                0x000009f4        0x4 c:/program files (x86)/atmel/studio/7.0/toolchain/arm/arm-gnu-toolchain/bin/../lib/gcc/arm-none-eabi/5.3.1/../../../../arm-none-eabi/lib/armv6-m\libc.a(lib_a-impure.o)
                0x000009f4                _global_impure_ptr
 *(.ARM.extab* .gnu.linkonce.armextab.*)
                0x000009f8                . = ALIGN (0x4)
 *(.init)
 .init          0x000009f8        0x4 c:/program files (x86)/atmel/studio/7.0/toolchain/arm/arm-gnu-toolchain/bin/../lib/gcc/arm-none-eabi/5.3.1/armv6-m/crti.o
                0x000009f8                _init
 .init          0x000009fc        0x8 c:/program files (x86)/atmel/studio/7.0/toolchain/arm/arm-gnu-toolchain/bin/../lib/gcc/arm-none-eabi/5.3.1/armv6-m/crtn.o
                0x00000a04                . = ALIGN (0x4)
                0x00000a04                __preinit_array_start = .
 *(.preinit_array)
                0x00000a04                __preinit_array_end = .
                0x00000a04                . = ALIGN (0x4)
                0x00000a04                __init_array_start = .
 *(SORT(.init_array.*))
 .init_array.00000
                0x00000a04        0x4 c:/program files (x86)/atmel/studio/7.0/toolchain/arm/arm-gnu-toolchain/bin/../lib/gcc/arm-none-eabi/5.3.1/../../../../arm-none-eabi/lib/armv6-m\libc.a(lib_a-__call_atexit.o)
 *(.init_array)
 .init_array    0x00000a08        0x4 c:/program files (x86)/atmel/studio/7.0/toolchain/arm/arm-gnu-toolchain/bin/../lib/gcc/arm-none-eabi/5.3.1/armv6-m/crtbegin.o
                0x00000a0c                __init_array_end = .
                0x00000a0c                . = ALIGN (0x4)
 *crtbegin.o(.ctors)
 *(EXCLUDE_FILE(*crtend.o) .ctors)
 *(SORT(.ctors.*))
 *crtend.o(.ctors)
                0x00000a0c                . = ALIGN (0x4)
 *(.fini)
 .fini          0x00000a0c        0x4 c:/program files (x86)/atmel/studio/7.0/toolchain/arm/arm-gnu-toolchain/bin/../lib/gcc/arm-none-eabi/5.3.1/armv6-m/crti.o
                0x00000a0c                _fini
 .fini          0x00000a10        0x8 c:/program files (x86)/atmel/studio/7.0/toolchain/arm/arm-gnu-toolchain/bin/../lib/gcc/arm-none-eabi/5.3.1/armv6-m/crtn.o
                0x00000a18                . = ALIGN (0x4)
                0x00000a18                __fini_array_start = .
 *(.fini_array)
 .fini_array    0x00000a18        0x4 c:/program files (x86)/atmel/studio/7.0/toolchain/arm/arm-gnu-toolchain/bin/../lib/gcc/arm-none-eabi/5.3.1/armv6-m/crtbegin.o
 *(SORT(.fini_array.*))
                0x00000a1c                __fini_array_end = .
 *crtbegin.o(.dtors)
 *(EXCLUDE_FILE(*crtend.o) .dtors)
 *(SORT(.dtors.*))
 *crtend.o(.dtors)
                0x00000a1c                . = ALIGN (0x4)
                0x00000a1c                _efixed = .
                [!provide]                PROVIDE (__exidx_start, .)

.vfp11_veneer   0x00000a1c        0x0
 .vfp11_veneer  0x00000a1c        0x0 linker stubs

.v4_bx          0x00000a1c        0x0
 .v4_bx         0x00000a1c        0x0 linker stubs

.iplt           0x00000a1c        0x0
 .iplt          0x00000a1c        0x0 c:/program files (x86)/atmel/studio/7.0/toolchain/arm/arm-gnu-toolchain/bin/../lib/gcc/arm-none-eabi/5.3.1/armv6-m/crtbegin.o

.eh_frame       0x00000a1c        0x0
 .eh_frame      0x00000a1c        0x0 c:/program files (x86)/atmel/studio/7.0/toolchain/arm/arm-gnu-toolchain/bin/../lib/gcc/arm-none-eabi/5.3.1/armv6-m/crtbegin.o

.rel.dyn        0x00000a1c        0x0
 .rel.iplt      0x00000a1c        0x0 c:/program files (x86)/atmel/studio/7.0/toolchain/arm/arm-gnu-toolchain/bin/../lib/gcc/arm-none-eabi/5.3.1/armv6-m/crtbegin.o

.jcr            0x00000a1c        0x0
 .jcr           0x00000a1c        0x0 c:/program files (x86)/atmel/studio/7.0/toolchain/arm/arm-gnu-toolchain/bin/../lib/gcc/arm-none-eabi/5.3.1/armv6-m/crtbegin.o

.igot.plt       0x00000a1c        0x0
 .igot.plt      0x00000a1c        0x0 c:/program files (x86)/atmel/studio/7.0/toolchain/arm/arm-gnu-toolchain/bin/../lib/gcc/arm-none-eabi/5.3.1/armv6-m/crtbegin.o

.ARM.exidx
 *(.ARM.exidx* .gnu.linkonce.armexidx.*)
                [!provide]                PROVIDE (__exidx_end, .)
                0x00000a1c                . = ALIGN (0x4)
                0x00000a1c                _etext = .

.relocate       0x20000000      0x480 load address 0x00000a1c
                0x20000000                . = ALIGN (0x4)
                0x20000000                _srelocate = .
 *(.ramfunc .ramfunc.*)
 *(.data .data.*)
 .data          0x20000000        0x4 Device_Startup/system_samd21.o
                0x20000000                SystemCoreClock
 .data          0x20000004       0x52 main.o
                0x20000004                aVER_Array
                0x20000055                data_8
 *fill*         0x20000056        0x2 
 .data.impure_data
                0x20000058      0x428 c:/program files (x86)/atmel/studio/7.0/toolchain/arm/arm-gnu-toolchain/bin/../lib/gcc/arm-none-eabi/5.3.1/../../../../arm-none-eabi/lib/armv6-m\libc.a(lib_a-impure.o)
                0x20000480                . = ALIGN (0x4)
                0x20000480                _erelocate = .

.bss            0x20000480       0x38 load address 0x00000e9c
                0x20000480                . = ALIGN (0x4)
                0x20000480                _sbss = .
                0x20000480                _szero = .
 *(.bss .bss.*)
 .bss           0x20000480       0x1c c:/program files (x86)/atmel/studio/7.0/toolchain/arm/arm-gnu-toolchain/bin/../lib/gcc/arm-none-eabi/5.3.1/armv6-m/crtbegin.o
 *(COMMON)
 COMMON         0x2000049c        0x1 clocks.o
                0x2000049c                manual_page_write
 *fill*         0x2000049d        0x3 
 COMMON         0x200004a0       0x18 main.o
                0x200004a0                dest_addr
                0x200004a4                i
                0x200004a8                data_from_flash
                0x200004ac                flash_ptr
                0x200004b0                flash_byte_ptr
                0x200004b4                app_start_address
                0x200004b8                . = ALIGN (0x4)
                0x200004b8                _ebss = .
                0x200004b8                _ezero = .

.stack          0x200004b8     0x2000 load address 0x00000ed4
                0x200004b8                . = ALIGN (0x8)
                0x200004b8                _sstack = .
                0x200024b8                . = (. + STACK_SIZE)
 *fill*         0x200004b8     0x2000 
                0x200024b8                . = ALIGN (0x8)
                0x200024b8                _estack = .
                0x200024b8                . = ALIGN (0x4)
                0x200024b8                _end = .
OUTPUT(SamD21J18A-MNT.elf elf32-littlearm)

.ARM.attributes
                0x00000000       0x28
 .ARM.attributes
                0x00000000       0x1e c:/program files (x86)/atmel/studio/7.0/toolchain/arm/arm-gnu-toolchain/bin/../lib/gcc/arm-none-eabi/5.3.1/armv6-m/crti.o
 .ARM.attributes
                0x0000001e       0x2c c:/program files (x86)/atmel/studio/7.0/toolchain/arm/arm-gnu-toolchain/bin/../lib/gcc/arm-none-eabi/5.3.1/armv6-m/crtbegin.o
 .ARM.attributes
                0x0000004a       0x32 clocks.o
 .ARM.attributes
                0x0000007c       0x32 Device_Startup/startup_samd21.o
 .ARM.attributes
                0x000000ae       0x32 Device_Startup/system_samd21.o
 .ARM.attributes
                0x000000e0       0x32 globalfunctions.o
 .ARM.attributes
                0x00000112       0x32 i2c.o
 .ARM.attributes
                0x00000144       0x32 main.o
 .ARM.attributes
                0x00000176       0x32 nvmctrl.o
 .ARM.attributes
                0x000001a8       0x32 usart.o
 .ARM.attributes
                0x000001da       0x1e c:/program files (x86)/atmel/studio/7.0/toolchain/arm/arm-gnu-toolchain/bin/../lib/gcc/arm-none-eabi/5.3.1/armv6-m\libgcc.a(_udivsi3.o)
 .ARM.attributes
                0x000001f8       0x1e c:/program files (x86)/atmel/studio/7.0/toolchain/arm/arm-gnu-toolchain/bin/../lib/gcc/arm-none-eabi/5.3.1/armv6-m\libgcc.a(_dvmd_tls.o)
 .ARM.attributes
                0x00000216       0x2c c:/program files (x86)/atmel/studio/7.0/toolchain/arm/arm-gnu-toolchain/bin/../lib/gcc/arm-none-eabi/5.3.1/../../../../arm-none-eabi/lib/armv6-m\libc.a(lib_a-impure.o)
 .ARM.attributes
                0x00000242       0x2c c:/program files (x86)/atmel/studio/7.0/toolchain/arm/arm-gnu-toolchain/bin/../lib/gcc/arm-none-eabi/5.3.1/../../../../arm-none-eabi/lib/armv6-m\libc.a(lib_a-init.o)
 .ARM.attributes
                0x0000026e       0x2c c:/program files (x86)/atmel/studio/7.0/toolchain/arm/arm-gnu-toolchain/bin/../lib/gcc/arm-none-eabi/5.3.1/../../../../arm-none-eabi/lib/armv6-m\libc.a(lib_a-__call_atexit.o)
 .ARM.attributes
                0x0000029a       0x2c c:/program files (x86)/atmel/studio/7.0/toolchain/arm/arm-gnu-toolchain/bin/../lib/gcc/arm-none-eabi/5.3.1/../../../../arm-none-eabi/lib/armv6-m\libc.a(lib_a-atexit.o)
 .ARM.attributes
                0x000002c6       0x2c c:/program files (x86)/atmel/studio/7.0/toolchain/arm/arm-gnu-toolchain/bin/../lib/gcc/arm-none-eabi/5.3.1/../../../../arm-none-eabi/lib/armv6-m\libc.a(lib_a-fini.o)
 .ARM.attributes
                0x000002f2       0x2c c:/program files (x86)/atmel/studio/7.0/toolchain/arm/arm-gnu-toolchain/bin/../lib/gcc/arm-none-eabi/5.3.1/../../../../arm-none-eabi/lib/armv6-m\libc.a(lib_a-__atexit.o)
 .ARM.attributes
                0x0000031e       0x1e c:/program files (x86)/atmel/studio/7.0/toolchain/arm/arm-gnu-toolchain/bin/../lib/gcc/arm-none-eabi/5.3.1/armv6-m/crtn.o

.comment        0x00000000       0x59
 .comment       0x00000000       0x59 clocks.o
                                 0x5a (size before relaxing)
 .comment       0x00000059       0x5a Device_Startup/startup_samd21.o
 .comment       0x00000059       0x5a Device_Startup/system_samd21.o
 .comment       0x00000059       0x5a globalfunctions.o
 .comment       0x00000059       0x5a i2c.o
 .comment       0x00000059       0x5a main.o
 .comment       0x00000059       0x5a nvmctrl.o
 .comment       0x00000059       0x5a usart.o

.debug_info     0x00000000     0xd3db
 .debug_info    0x00000000     0x2161 clocks.o
 .debug_info    0x00002161     0x3a76 Device_Startup/startup_samd21.o
 .debug_info    0x00005bd7       0xcd Device_Startup/system_samd21.o
 .debug_info    0x00005ca4      0x75f globalfunctions.o
 .debug_info    0x00006403     0x2043 i2c.o
 .debug_info    0x00008446     0x296f main.o
 .debug_info    0x0000adb5      0x687 nvmctrl.o
 .debug_info    0x0000b43c     0x1f9f usart.o

.debug_abbrev   0x00000000      0xd66
 .debug_abbrev  0x00000000      0x150 clocks.o
 .debug_abbrev  0x00000150      0x217 Device_Startup/startup_samd21.o
 .debug_abbrev  0x00000367       0x65 Device_Startup/system_samd21.o
 .debug_abbrev  0x000003cc      0x179 globalfunctions.o
 .debug_abbrev  0x00000545      0x218 i2c.o
 .debug_abbrev  0x0000075d      0x277 main.o
 .debug_abbrev  0x000009d4      0x1ad nvmctrl.o
 .debug_abbrev  0x00000b81      0x1e5 usart.o

.debug_aranges  0x00000000      0x160
 .debug_aranges
                0x00000000       0x20 clocks.o
 .debug_aranges
                0x00000020       0x28 Device_Startup/startup_samd21.o
 .debug_aranges
                0x00000048       0x28 Device_Startup/system_samd21.o
 .debug_aranges
                0x00000070       0x20 globalfunctions.o
 .debug_aranges
                0x00000090       0x40 i2c.o
 .debug_aranges
                0x000000d0       0x28 main.o
 .debug_aranges
                0x000000f8       0x28 nvmctrl.o
 .debug_aranges
                0x00000120       0x40 usart.o

.debug_ranges   0x00000000       0xf8
 .debug_ranges  0x00000000       0x10 clocks.o
 .debug_ranges  0x00000010       0x18 Device_Startup/startup_samd21.o
 .debug_ranges  0x00000028       0x18 Device_Startup/system_samd21.o
 .debug_ranges  0x00000040       0x10 globalfunctions.o
 .debug_ranges  0x00000050       0x30 i2c.o
 .debug_ranges  0x00000080       0x30 main.o
 .debug_ranges  0x000000b0       0x18 nvmctrl.o
 .debug_ranges  0x000000c8       0x30 usart.o

.debug_macro    0x00000000    0x11392
 .debug_macro   0x00000000      0x32d clocks.o
 .debug_macro   0x0000032d      0x826 clocks.o
 .debug_macro   0x00000b53       0x22 clocks.o
 .debug_macro   0x00000b75       0x87 clocks.o
 .debug_macro   0x00000bfc       0x44 clocks.o
 .debug_macro   0x00000c40       0xfd clocks.o
 .debug_macro   0x00000d3d       0x22 clocks.o
 .debug_macro   0x00000d5f      0x1df clocks.o
 .debug_macro   0x00000f3e       0x3a clocks.o
 .debug_macro   0x00000f78       0x3a clocks.o
 .debug_macro   0x00000fb2       0x1f clocks.o
 .debug_macro   0x00000fd1      0x250 clocks.o
 .debug_macro   0x00001221      0x682 clocks.o
 .debug_macro   0x000018a3      0x8bf clocks.o
 .debug_macro   0x00002162      0x235 clocks.o
 .debug_macro   0x00002397      0xd6a clocks.o
 .debug_macro   0x00003101      0x4ce clocks.o
 .debug_macro   0x000035cf      0x9f8 clocks.o
 .debug_macro   0x00003fc7      0x82b clocks.o
 .debug_macro   0x000047f2      0x45f clocks.o
 .debug_macro   0x00004c51       0x5e clocks.o
 .debug_macro   0x00004caf      0x906 clocks.o
 .debug_macro   0x000055b5      0x225 clocks.o
 .debug_macro   0x000057da      0x797 clocks.o
 .debug_macro   0x00005f71       0x5e clocks.o
 .debug_macro   0x00005fcf      0x634 clocks.o
 .debug_macro   0x00006603      0x3b6 clocks.o
 .debug_macro   0x000069b9      0xc55 clocks.o
 .debug_macro   0x0000760e     0x1092 clocks.o
 .debug_macro   0x000086a0      0xc4a clocks.o
 .debug_macro   0x000092ea      0x6bf clocks.o
 .debug_macro   0x000099a9     0x1b4b clocks.o
 .debug_macro   0x0000b4f4     0x144a clocks.o
 .debug_macro   0x0000c93e      0x34e clocks.o
 .debug_macro   0x0000cc8c       0x7c clocks.o
 .debug_macro   0x0000cd08       0xa0 clocks.o
 .debug_macro   0x0000cda8       0x4c clocks.o
 .debug_macro   0x0000cdf4       0xca clocks.o
 .debug_macro   0x0000cebe       0x94 clocks.o
 .debug_macro   0x0000cf52       0x58 clocks.o
 .debug_macro   0x0000cfaa      0x364 clocks.o
 .debug_macro   0x0000d30e       0x82 clocks.o
 .debug_macro   0x0000d390      0x197 clocks.o
 .debug_macro   0x0000d527       0xb8 clocks.o
 .debug_macro   0x0000d5df       0xa0 clocks.o
 .debug_macro   0x0000d67f       0xb2 clocks.o
 .debug_macro   0x0000d731       0x1c clocks.o
 .debug_macro   0x0000d74d       0x1c clocks.o
 .debug_macro   0x0000d769       0x1c clocks.o
 .debug_macro   0x0000d785       0x7c clocks.o
 .debug_macro   0x0000d801      0x161 clocks.o
 .debug_macro   0x0000d962       0xdc clocks.o
 .debug_macro   0x0000da3e      0x12f clocks.o
 .debug_macro   0x0000db6d      0x12f clocks.o
 .debug_macro   0x0000dc9c      0x12f clocks.o
 .debug_macro   0x0000ddcb      0x12f clocks.o
 .debug_macro   0x0000defa      0x11e clocks.o
 .debug_macro   0x0000e018       0xe2 clocks.o
 .debug_macro   0x0000e0fa       0xe2 clocks.o
 .debug_macro   0x0000e1dc       0xe2 clocks.o
 .debug_macro   0x0000e2be      0x12c clocks.o
 .debug_macro   0x0000e3ea      0x100 clocks.o
 .debug_macro   0x0000e4ea       0xf4 clocks.o
 .debug_macro   0x0000e5de      0x40f clocks.o
 .debug_macro   0x0000e9ed       0x40 clocks.o
 .debug_macro   0x0000ea2d      0x345 clocks.o
 .debug_macro   0x0000ed72      0xf7a clocks.o
 .debug_macro   0x0000fcec       0x6d clocks.o
 .debug_macro   0x0000fd59       0xe8 clocks.o
 .debug_macro   0x0000fe41       0x40 clocks.o
 .debug_macro   0x0000fe81      0x2d1 Device_Startup/startup_samd21.o
 .debug_macro   0x00010152      0x2d7 Device_Startup/system_samd21.o
 .debug_macro   0x00010429      0x315 globalfunctions.o
 .debug_macro   0x0001073e      0x315 i2c.o
 .debug_macro   0x00010a53      0x315 main.o
 .debug_macro   0x00010d68      0x315 nvmctrl.o
 .debug_macro   0x0001107d      0x315 usart.o

.debug_line     0x00000000     0x388b
 .debug_line    0x00000000      0x704 clocks.o
 .debug_line    0x00000704      0x6c0 Device_Startup/startup_samd21.o
 .debug_line    0x00000dc4      0x6a8 Device_Startup/system_samd21.o
 .debug_line    0x0000146c      0x6dc globalfunctions.o
 .debug_line    0x00001b48      0x780 i2c.o
 .debug_line    0x000022c8      0x75c main.o
 .debug_line    0x00002a24      0x73c nvmctrl.o
 .debug_line    0x00003160      0x72b usart.o

.debug_str      0x00000000    0x6736d
 .debug_str     0x00000000    0x6584c clocks.o
                              0x65bc1 (size before relaxing)
 .debug_str     0x0006584c      0xf07 Device_Startup/startup_samd21.o
                              0x65ed3 (size before relaxing)
 .debug_str     0x00066753       0x6c Device_Startup/system_samd21.o
                              0x64d9a (size before relaxing)
 .debug_str     0x000667bf      0x19f globalfunctions.o
                              0x654bf (size before relaxing)
 .debug_str     0x0006695e      0x659 i2c.o
                              0x65a32 (size before relaxing)
 .debug_str     0x00066fb7      0x31f main.o
                              0x65d2f (size before relaxing)
 .debug_str     0x000672d6       0x42 nvmctrl.o
                              0x654e2 (size before relaxing)
 .debug_str     0x00067318       0x55 usart.o
                              0x659f0 (size before relaxing)

.debug_frame    0x00000000      0x388
 .debug_frame   0x00000000       0x20 clocks.o
 .debug_frame   0x00000020       0x3c Device_Startup/startup_samd21.o
 .debug_frame   0x0000005c       0x30 Device_Startup/system_samd21.o
 .debug_frame   0x0000008c       0x2c globalfunctions.o
 .debug_frame   0x000000b8       0x88 i2c.o
 .debug_frame   0x00000140       0x58 main.o
 .debug_frame   0x00000198       0x40 nvmctrl.o
 .debug_frame   0x000001d8       0x80 usart.o
 .debug_frame   0x00000258       0x20 c:/program files (x86)/atmel/studio/7.0/toolchain/arm/arm-gnu-toolchain/bin/../lib/gcc/arm-none-eabi/5.3.1/armv6-m\libgcc.a(_udivsi3.o)
 .debug_frame   0x00000278       0x2c c:/program files (x86)/atmel/studio/7.0/toolchain/arm/arm-gnu-toolchain/bin/../lib/gcc/arm-none-eabi/5.3.1/../../../../arm-none-eabi/lib/armv6-m\libc.a(lib_a-init.o)
 .debug_frame   0x000002a4       0x54 c:/program files (x86)/atmel/studio/7.0/toolchain/arm/arm-gnu-toolchain/bin/../lib/gcc/arm-none-eabi/5.3.1/../../../../arm-none-eabi/lib/armv6-m\libc.a(lib_a-__call_atexit.o)
 .debug_frame   0x000002f8       0x28 c:/program files (x86)/atmel/studio/7.0/toolchain/arm/arm-gnu-toolchain/bin/../lib/gcc/arm-none-eabi/5.3.1/../../../../arm-none-eabi/lib/armv6-m\libc.a(lib_a-atexit.o)
 .debug_frame   0x00000320       0x2c c:/program files (x86)/atmel/studio/7.0/toolchain/arm/arm-gnu-toolchain/bin/../lib/gcc/arm-none-eabi/5.3.1/../../../../arm-none-eabi/lib/armv6-m\libc.a(lib_a-fini.o)
 .debug_frame   0x0000034c       0x3c c:/program files (x86)/atmel/studio/7.0/toolchain/arm/arm-gnu-toolchain/bin/../lib/gcc/arm-none-eabi/5.3.1/../../../../arm-none-eabi/lib/armv6-m\libc.a(lib_a-__atexit.o)

.debug_loc      0x00000000      0x638
 .debug_loc     0x00000000       0x20 Device_Startup/startup_samd21.o
 .debug_loc     0x00000020       0x9d globalfunctions.o
 .debug_loc     0x000000bd      0x259 i2c.o
 .debug_loc     0x00000316      0x11d main.o
 .debug_loc     0x00000433      0x144 nvmctrl.o
 .debug_loc     0x00000577       0xc1 usart.o
